   1              		.cpu cortex-m4
   2              		.arch armv7e-m
   3              		.fpu softvfp
   4              		.eabi_attribute 20, 1
   5              		.eabi_attribute 21, 1
   6              		.eabi_attribute 23, 3
   7              		.eabi_attribute 24, 1
   8              		.eabi_attribute 25, 1
   9              		.eabi_attribute 26, 1
  10              		.eabi_attribute 30, 4
  11              		.eabi_attribute 34, 1
  12              		.eabi_attribute 18, 4
  13              		.file	"seed.c"
  14              		.text
  15              	.Ltext0:
  16              		.cfi_sections	.debug_frame
  17              		.file 1 "seed.c"
  18              		.section	.text.t_hash,"ax",%progbits
  19              		.align	1
  20              		.global	t_hash
  21              		.syntax unified
  22              		.thumb
  23              		.thumb_func
  25              	t_hash:
  26              	.LVL0:
  27              	.LFB3:
   1:seed.c        **** //#include <stdio.h>
   2:seed.c        **** #include <string.h>
   3:seed.c        **** 
   4:seed.c        **** #include "fips202.h"
   5:seed.c        **** 
   6:seed.c        **** #ifndef MEDS_t
   7:seed.c        **** #include "params.h"
   8:seed.c        **** #endif
   9:seed.c        **** 
  10:seed.c        **** #include "seed.h"
  11:seed.c        **** #include "log.h"
  12:seed.c        **** #include "simpleserial.h"
  13:seed.c        **** 
  14:seed.c        **** 
  15:seed.c        **** void t_hash(uint8_t *stree, uint8_t *salt, int h, int i)
  16:seed.c        **** {
  28              		.loc 1 16 1 view -0
  29              		.cfi_startproc
  30              		@ args = 0, pretend = 0, frame = 264
  31              		@ frame_needed = 0, uses_anonymous_args = 0
  17:seed.c        ****   keccak_state shake;
  32              		.loc 1 17 3 view .LVU1
  18:seed.c        **** 
  19:seed.c        ****   int start = i;
  33              		.loc 1 19 3 view .LVU2
  20:seed.c        ****   int end = i+1;
  34              		.loc 1 20 3 view .LVU3
  16:seed.c        ****   keccak_state shake;
  35              		.loc 1 16 1 is_stmt 0 view .LVU4
  36 0000 2DE9F04F 		push	{r4, r5, r6, r7, r8, r9, r10, fp, lr}
  37              	.LCFI0:
  38              		.cfi_def_cfa_offset 36
  39              		.cfi_offset 4, -36
  40              		.cfi_offset 5, -32
  41              		.cfi_offset 6, -28
  42              		.cfi_offset 7, -24
  43              		.cfi_offset 8, -20
  44              		.cfi_offset 9, -16
  45              		.cfi_offset 10, -12
  46              		.cfi_offset 11, -8
  47              		.cfi_offset 14, -4
  48 0004 C3B0     		sub	sp, sp, #268
  49              	.LCFI1:
  50              		.cfi_def_cfa_offset 304
  16:seed.c        ****   keccak_state shake;
  51              		.loc 1 16 1 view .LVU5
  52 0006 0E46     		mov	r6, r1
  53 0008 8146     		mov	r9, r0
  54 000a 1446     		mov	r4, r2
  21:seed.c        **** 
  22:seed.c        ****   uint8_t buf[MEDS_st_salt_bytes + MEDS_st_seed_bytes + sizeof(uint32_t)] = {0};
  55              		.loc 1 22 11 view .LVU6
  56 000c 0021     		movs	r1, #0
  57              	.LVL1:
  58              		.loc 1 22 11 view .LVU7
  59 000e 3422     		movs	r2, #52
  60              	.LVL2:
  61              		.loc 1 22 11 view .LVU8
  62 0010 01A8     		add	r0, sp, #4
  63              	.LVL3:
  16:seed.c        ****   keccak_state shake;
  64              		.loc 1 16 1 view .LVU9
  65 0012 1D46     		mov	r5, r3
  20:seed.c        **** 
  66              		.loc 1 20 7 view .LVU10
  67 0014 03F1010A 		add	r10, r3, #1
  68              	.LVL4:
  69              		.loc 1 22 3 is_stmt 1 view .LVU11
  23:seed.c        **** 
  24:seed.c        ****   memcpy(buf, salt, MEDS_st_salt_bytes);
  70              		.loc 1 24 3 is_stmt 0 view .LVU12
  71 0018 06F12007 		add	r7, r6, #32
  22:seed.c        **** 
  72              		.loc 1 22 11 view .LVU13
  73 001c FFF7FEFF 		bl	memset
  74              	.LVL5:
  75              		.loc 1 24 3 is_stmt 1 view .LVU14
  76 0020 3346     		mov	r3, r6
  77 0022 01AA     		add	r2, sp, #4
  78              	.LVL6:
  79              	.L2:
  80              		.loc 1 24 3 is_stmt 0 view .LVU15
  81 0024 1868     		ldr	r0, [r3]	@ unaligned
  82 0026 5968     		ldr	r1, [r3, #4]	@ unaligned
  83 0028 1646     		mov	r6, r2
  84 002a 03C6     		stmia	r6!, {r0, r1}
  85 002c 0833     		adds	r3, r3, #8
  86 002e BB42     		cmp	r3, r7
  87 0030 3246     		mov	r2, r6
  88 0032 F7D1     		bne	.L2
  89              	.LVL7:
  90              	.L10:
  25:seed.c        **** 
  26:seed.c        ****   uint8_t *pos = buf + MEDS_st_salt_bytes + MEDS_st_seed_bytes;
  27:seed.c        **** 
  28:seed.c        ****   for (h = h+1; h < MEDS_seed_tree_height+1; h++)
  91              		.loc 1 28 47 is_stmt 1 discriminator 2 view .LVU16
  92 0034 0134     		adds	r4, r4, #1
  93              	.LVL8:
  94              		.loc 1 28 19 discriminator 1 view .LVU17
  95 0036 042C     		cmp	r4, #4
  96 0038 02DD     		ble	.L11
  97              	.L1:
  29:seed.c        ****   {
  30:seed.c        ****     start = start<<1;
  31:seed.c        ****     end = end<<1;
  32:seed.c        **** 
  33:seed.c        ****     if ((start << (MEDS_seed_tree_height - h)) >= MEDS_t)
  34:seed.c        ****       break;
  35:seed.c        **** 
  36:seed.c        ****     for (int i = start; i < end; i+=2)
  37:seed.c        ****     {
  38:seed.c        ****       if ((i << (MEDS_seed_tree_height - h)) >= MEDS_t)
  39:seed.c        ****         break;
  40:seed.c        **** 
  41:seed.c        ****       for (int j = 0; j < 4; j++)
  42:seed.c        ****         pos[j] = (SEED_TREE_ADDR(h-1, i>>1) >> (j*8)) & 0xff;
  43:seed.c        **** 
  44:seed.c        ****       memcpy(buf + MEDS_st_salt_bytes,
  45:seed.c        ****           &stree[MEDS_st_seed_bytes * SEED_TREE_ADDR(h-1, i>>1)],
  46:seed.c        ****           MEDS_st_seed_bytes);
  47:seed.c        **** 
  48:seed.c        ****       shake256_init(&shake);
  49:seed.c        ****       shake256_absorb(&shake, buf, MEDS_st_salt_bytes + MEDS_st_seed_bytes + sizeof(uint32_t));
  50:seed.c        ****       shake256_finalize(&shake);
  51:seed.c        **** 
  52:seed.c        ****       int len = 2*MEDS_st_seed_bytes;
  53:seed.c        **** 
  54:seed.c        ****       if (((i+1) << (MEDS_seed_tree_height - h)) >= MEDS_t)
  55:seed.c        ****         len = MEDS_st_seed_bytes;
  56:seed.c        **** 
  57:seed.c        ****       shake256_squeeze(&stree[MEDS_st_seed_bytes * SEED_TREE_ADDR(h, i)], len, &shake);
  58:seed.c        ****     }
  59:seed.c        ****   }
  60:seed.c        **** }
  98              		.loc 1 60 1 is_stmt 0 view .LVU18
  99 003a 43B0     		add	sp, sp, #268
 100              	.LCFI2:
 101              		.cfi_remember_state
 102              		.cfi_def_cfa_offset 36
 103              		@ sp needed
 104 003c BDE8F08F 		pop	{r4, r5, r6, r7, r8, r9, r10, fp, pc}
 105              	.LVL9:
 106              	.L11:
 107              	.LCFI3:
 108              		.cfi_restore_state
  30:seed.c        ****     end = end<<1;
 109              		.loc 1 30 5 is_stmt 1 view .LVU19
  30:seed.c        ****     end = end<<1;
 110              		.loc 1 30 11 is_stmt 0 view .LVU20
 111 0040 6D00     		lsls	r5, r5, #1
 112              	.LVL10:
  31:seed.c        **** 
 113              		.loc 1 31 5 is_stmt 1 view .LVU21
  33:seed.c        ****       break;
 114              		.loc 1 33 42 is_stmt 0 view .LVU22
 115 0042 C4F1040B 		rsb	fp, r4, #4
  33:seed.c        ****       break;
 116              		.loc 1 33 16 view .LVU23
 117 0046 05FA0BF3 		lsl	r3, r5, fp
  33:seed.c        ****       break;
 118              		.loc 1 33 8 view .LVU24
 119 004a 0F2B     		cmp	r3, #15
  31:seed.c        **** 
 120              		.loc 1 31 9 view .LVU25
 121 004c 4FEA4A0A 		lsl	r10, r10, #1
 122              	.LVL11:
  33:seed.c        ****       break;
 123              		.loc 1 33 5 is_stmt 1 view .LVU26
  33:seed.c        ****       break;
 124              		.loc 1 33 8 is_stmt 0 view .LVU27
 125 0050 F3DC     		bgt	.L1
 126              	.LBB2:
 127              	.LBB3:
 128              	.LBB4:
  42:seed.c        **** 
 129              		.loc 1 42 19 view .LVU28
 130 0052 671E     		subs	r7, r4, #1
 131 0054 0123     		movs	r3, #1
 132 0056 4FF01008 		mov	r8, #16
 133 005a 03FA07F7 		lsl	r7, r3, r7
 134 005e 08FA04F8 		lsl	r8, r8, r4
 135 0062 013F     		subs	r7, r7, #1
 136 0064 C844     		add	r8, r8, r9
 137              	.LBE4:
 138              	.LBE3:
  36:seed.c        ****     {
 139              		.loc 1 36 14 view .LVU29
 140 0066 2E46     		mov	r6, r5
 141              	.L5:
 142              	.LVL12:
  36:seed.c        ****     {
 143              		.loc 1 36 27 is_stmt 1 discriminator 1 view .LVU30
 144 0068 5645     		cmp	r6, r10
 145 006a E3DA     		bge	.L10
 146              	.LBB6:
  38:seed.c        ****         break;
 147              		.loc 1 38 7 view .LVU31
  38:seed.c        ****         break;
 148              		.loc 1 38 14 is_stmt 0 view .LVU32
 149 006c 06FA0BF3 		lsl	r3, r6, fp
  38:seed.c        ****         break;
 150              		.loc 1 38 10 view .LVU33
 151 0070 0F2B     		cmp	r3, #15
 152 0072 DFDC     		bgt	.L10
 153              	.LBB5:
  42:seed.c        **** 
 154              		.loc 1 42 19 view .LVU34
 155 0074 07EB6602 		add	r2, r7, r6, asr #1
 156              	.LVL13:
  42:seed.c        **** 
 157              		.loc 1 42 9 is_stmt 1 view .LVU35
  41:seed.c        ****         pos[j] = (SEED_TREE_ADDR(h-1, i>>1) >> (j*8)) & 0xff;
 158              		.loc 1 41 31 discriminator 3 view .LVU36
  41:seed.c        ****         pos[j] = (SEED_TREE_ADDR(h-1, i>>1) >> (j*8)) & 0xff;
 159              		.loc 1 41 25 discriminator 1 view .LVU37
  42:seed.c        **** 
 160              		.loc 1 42 9 view .LVU38
  41:seed.c        ****         pos[j] = (SEED_TREE_ADDR(h-1, i>>1) >> (j*8)) & 0xff;
 161              		.loc 1 41 31 discriminator 3 view .LVU39
  41:seed.c        ****         pos[j] = (SEED_TREE_ADDR(h-1, i>>1) >> (j*8)) & 0xff;
 162              		.loc 1 41 25 discriminator 1 view .LVU40
  42:seed.c        **** 
 163              		.loc 1 42 9 view .LVU41
  41:seed.c        ****         pos[j] = (SEED_TREE_ADDR(h-1, i>>1) >> (j*8)) & 0xff;
 164              		.loc 1 41 31 discriminator 3 view .LVU42
  41:seed.c        ****         pos[j] = (SEED_TREE_ADDR(h-1, i>>1) >> (j*8)) & 0xff;
 165              		.loc 1 41 25 discriminator 1 view .LVU43
  42:seed.c        **** 
 166              		.loc 1 42 9 view .LVU44
  42:seed.c        **** 
 167              		.loc 1 42 16 is_stmt 0 view .LVU45
 168 0078 0D92     		str	r2, [sp, #52]
  41:seed.c        ****         pos[j] = (SEED_TREE_ADDR(h-1, i>>1) >> (j*8)) & 0xff;
 169              		.loc 1 41 31 is_stmt 1 discriminator 3 view .LVU46
 170              	.LVL14:
  41:seed.c        ****         pos[j] = (SEED_TREE_ADDR(h-1, i>>1) >> (j*8)) & 0xff;
 171              		.loc 1 41 25 discriminator 1 view .LVU47
 172              	.LBE5:
  44:seed.c        ****           &stree[MEDS_st_seed_bytes * SEED_TREE_ADDR(h-1, i>>1)],
 173              		.loc 1 44 7 view .LVU48
  45:seed.c        ****           MEDS_st_seed_bytes);
 174              		.loc 1 45 11 is_stmt 0 view .LVU49
 175 007a 09EB0212 		add	r2, r9, r2, lsl #4
  44:seed.c        ****           &stree[MEDS_st_seed_bytes * SEED_TREE_ADDR(h-1, i>>1)],
 176              		.loc 1 44 7 view .LVU50
 177 007e 0DF1240C 		add	ip, sp, #36
 178 0082 02F1100E 		add	lr, r2, #16
 179              	.L7:
 180 0086 1068     		ldr	r0, [r2]	@ unaligned
 181 0088 5168     		ldr	r1, [r2, #4]	@ unaligned
 182 008a 6346     		mov	r3, ip
 183 008c 03C3     		stmia	r3!, {r0, r1}
 184 008e 0832     		adds	r2, r2, #8
 185 0090 7245     		cmp	r2, lr
 186 0092 9C46     		mov	ip, r3
 187 0094 F7D1     		bne	.L7
  48:seed.c        ****       shake256_absorb(&shake, buf, MEDS_st_salt_bytes + MEDS_st_seed_bytes + sizeof(uint32_t));
 188              		.loc 1 48 7 is_stmt 1 view .LVU51
 189 0096 0EA8     		add	r0, sp, #56
 190 0098 FFF7FEFF 		bl	meds_fips202_ref_shake256_init
 191              	.LVL15:
  49:seed.c        ****       shake256_finalize(&shake);
 192              		.loc 1 49 7 view .LVU52
 193 009c 01A9     		add	r1, sp, #4
 194 009e 3422     		movs	r2, #52
 195 00a0 0EA8     		add	r0, sp, #56
 196 00a2 FFF7FEFF 		bl	meds_fips202_ref_shake256_absorb
 197              	.LVL16:
  50:seed.c        **** 
 198              		.loc 1 50 7 view .LVU53
 199 00a6 0EA8     		add	r0, sp, #56
 200 00a8 FFF7FEFF 		bl	meds_fips202_ref_shake256_finalize
 201              	.LVL17:
  52:seed.c        **** 
 202              		.loc 1 52 7 view .LVU54
  54:seed.c        ****         len = MEDS_st_seed_bytes;
 203              		.loc 1 54 7 view .LVU55
  54:seed.c        ****         len = MEDS_st_seed_bytes;
 204              		.loc 1 54 14 is_stmt 0 view .LVU56
 205 00ac 731C     		adds	r3, r6, #1
  54:seed.c        ****         len = MEDS_st_seed_bytes;
 206              		.loc 1 54 18 view .LVU57
 207 00ae 03FA0BF3 		lsl	r3, r3, fp
  52:seed.c        **** 
 208              		.loc 1 52 11 view .LVU58
 209 00b2 0F2B     		cmp	r3, #15
 210              	.LVL18:
  57:seed.c        ****     }
 211              		.loc 1 57 7 is_stmt 1 view .LVU59
 212 00b4 A8F11000 		sub	r0, r8, #16
 213 00b8 00EB0610 		add	r0, r0, r6, lsl #4
 214 00bc 0EAA     		add	r2, sp, #56
 215 00be CCBF     		ite	gt
 216 00c0 1021     		movgt	r1, #16
 217 00c2 2021     		movle	r1, #32
 218 00c4 FFF7FEFF 		bl	meds_fips202_ref_shake256_squeeze
 219              	.LVL19:
  57:seed.c        ****     }
 220              		.loc 1 57 7 is_stmt 0 view .LVU60
 221              	.LBE6:
  36:seed.c        ****     {
 222              		.loc 1 36 35 is_stmt 1 discriminator 2 view .LVU61
 223 00c8 0236     		adds	r6, r6, #2
 224              	.LVL20:
  36:seed.c        ****     {
 225              		.loc 1 36 35 is_stmt 0 discriminator 2 view .LVU62
 226 00ca CDE7     		b	.L5
 227              	.LBE2:
 228              		.cfi_endproc
 229              	.LFE3:
 231              		.section	.text.stree_to_path_to_stree_faulted,"ax",%progbits
 232              		.align	1
 233              		.global	stree_to_path_to_stree_faulted
 234              		.syntax unified
 235              		.thumb
 236              		.thumb_func
 238              	stree_to_path_to_stree_faulted:
 239              	.LVL21:
 240              	.LFB4:
  61:seed.c        **** 
  62:seed.c        **** void stree_to_path_to_stree_faulted(uint8_t *stree, uint8_t *h_digest, uint8_t *path, uint8_t *salt
  63:seed.c        **** {
 241              		.loc 1 63 1 is_stmt 1 view -0
 242              		.cfi_startproc
 243              		@ args = 8, pretend = 0, frame = 0
 244              		@ frame_needed = 0, uses_anonymous_args = 0
  64:seed.c        ****   int h = 0;
 245              		.loc 1 64 3 view .LVU64
  65:seed.c        ****   int i = 0;
 246              		.loc 1 65 3 view .LVU65
  66:seed.c        **** 
  67:seed.c        ****   unsigned int id = 0;
 247              		.loc 1 67 3 view .LVU66
  68:seed.c        **** 
  69:seed.c        ****   int idx = 0;
 248              		.loc 1 69 3 view .LVU67
  70:seed.c        **** 
  71:seed.c        ****   unsigned int indices[MEDS_w] = {0};
 249              		.loc 1 71 3 view .LVU68
  63:seed.c        ****   int h = 0;
 250              		.loc 1 63 1 is_stmt 0 view .LVU69
 251 0000 2DE9F04E 		push	{r4, r5, r6, r7, r9, r10, fp, lr}
 252              	.LCFI4:
 253              		.cfi_def_cfa_offset 32
 254              		.cfi_offset 4, -32
 255              		.cfi_offset 5, -28
 256              		.cfi_offset 6, -24
 257              		.cfi_offset 7, -20
 258              		.cfi_offset 9, -16
 259              		.cfi_offset 10, -12
 260              		.cfi_offset 11, -8
 261              		.cfi_offset 14, -4
  65:seed.c        **** 
 262              		.loc 1 65 7 view .LVU70
 263 0004 0026     		movs	r6, #0
  63:seed.c        ****   int h = 0;
 264              		.loc 1 63 1 view .LVU71
 265 0006 8246     		mov	r10, r0
 266 0008 9146     		mov	r9, r2
 267 000a 1F46     		mov	r7, r3
  64:seed.c        ****   int i = 0;
 268              		.loc 1 64 7 view .LVU72
 269 000c 3546     		mov	r5, r6
 270              	.LBB7:
  72:seed.c        **** 
  73:seed.c        ****   while (1 == 1)
  74:seed.c        ****   {
  75:seed.c        ****     int index_leaf = 0;
  76:seed.c        **** 
  77:seed.c        ****     // While we are on the right path to the current unpublished leaf
  78:seed.c        ****     while ((indices[id] >> (MEDS_seed_tree_height - h)) == i)
  79:seed.c        ****     {
  80:seed.c        ****       // Go down the tree
  81:seed.c        ****       h += 1;
  82:seed.c        ****       i <<= 1;
  83:seed.c        **** 
  84:seed.c        ****       // if we have reached the leaf level
  85:seed.c        ****       if (h > MEDS_seed_tree_height)
  86:seed.c        ****       {
  87:seed.c        ****         h -= 1;
  88:seed.c        ****         i >>= 1;
  89:seed.c        **** 
  90:seed.c        ****         if (id+1 < MEDS_w)
  91:seed.c        ****           id++;
  92:seed.c        **** 
  93:seed.c        ****         // do not publish this node
  94:seed.c        ****         // skip this ?
  95:seed.c        ****         if (x>=0 && indices[id-1] != x) index_leaf = 1;
  96:seed.c        **** 
  97:seed.c        ****         break;
  98:seed.c        ****       }
  99:seed.c        ****     }
 100:seed.c        **** 
 101:seed.c        ****     // The leaf should be published
 102:seed.c        ****     if (index_leaf == 0)
 103:seed.c        ****     {
 104:seed.c        ****       // if we are creating a path, add it to the path
 105:seed.c        ****       if (mode == STREE_TO_PATH)
 106:seed.c        ****       {
 107:seed.c        ****         memcpy(path, &stree[MEDS_st_seed_bytes * SEED_TREE_ADDR(h, i)], MEDS_st_seed_bytes);
 271              		.loc 1 107 50 view .LVU73
 272 000e 4FF0010B 		mov	fp, #1
 273              	.LVL22:
 274              	.L26:
 275              		.loc 1 107 50 view .LVU74
 276              	.LBE7:
  73:seed.c        ****   {
 277              		.loc 1 73 3 is_stmt 1 view .LVU75
 278              	.LBB8:
  75:seed.c        **** 
 279              		.loc 1 75 5 view .LVU76
  78:seed.c        ****     {
 280              		.loc 1 78 5 view .LVU77
  78:seed.c        ****     {
 281              		.loc 1 78 57 view .LVU78
 282 0012 3EB9     		cbnz	r6, .L17
 283              	.LVL23:
 284              	.L18:
  81:seed.c        ****       i <<= 1;
 285              		.loc 1 81 7 view .LVU79
 286 0014 2B46     		mov	r3, r5
  81:seed.c        ****       i <<= 1;
 287              		.loc 1 81 9 is_stmt 0 view .LVU80
 288 0016 0135     		adds	r5, r5, #1
 289              	.LVL24:
  82:seed.c        **** 
 290              		.loc 1 82 7 is_stmt 1 view .LVU81
  85:seed.c        ****       {
 291              		.loc 1 85 7 view .LVU82
  85:seed.c        ****       {
 292              		.loc 1 85 10 is_stmt 0 view .LVU83
 293 0018 042D     		cmp	r5, #4
 294 001a FBDD     		ble	.L18
  87:seed.c        ****         i >>= 1;
 295              		.loc 1 87 9 is_stmt 1 view .LVU84
 296              	.LVL25:
  88:seed.c        **** 
 297              		.loc 1 88 9 view .LVU85
  90:seed.c        ****           id++;
 298              		.loc 1 90 9 view .LVU86
  95:seed.c        **** 
 299              		.loc 1 95 9 view .LVU87
  95:seed.c        **** 
 300              		.loc 1 95 18 is_stmt 0 discriminator 1 view .LVU88
 301 001c 099A     		ldr	r2, [sp, #36]
 302 001e 002A     		cmp	r2, #0
 303 0020 14DC     		bgt	.L19
 304 0022 1D46     		mov	r5, r3
 305              	.LVL26:
 306              	.L17:
 105:seed.c        ****       {
 307              		.loc 1 105 7 is_stmt 1 view .LVU89
 308              		.loc 1 107 50 is_stmt 0 view .LVU90
 309 0024 0BFA05F4 		lsl	r4, fp, r5
 310 0028 013C     		subs	r4, r4, #1
 105:seed.c        ****       {
 311              		.loc 1 105 10 view .LVU91
 312 002a 089B     		ldr	r3, [sp, #32]
 313              		.loc 1 107 50 view .LVU92
 314 002c 3444     		add	r4, r4, r6
 315              		.loc 1 107 22 view .LVU93
 316 002e 0AEB0414 		add	r4, r10, r4, lsl #4
 105:seed.c        ****       {
 317              		.loc 1 105 10 view .LVU94
 318 0032 6BB9     		cbnz	r3, .L20
 319              		.loc 1 107 9 is_stmt 1 view .LVU95
 320 0034 4B46     		mov	r3, r9
 321 0036 04F11002 		add	r2, r4, #16
 322              	.L21:
 323 003a 54F8040B 		ldr	r0, [r4], #4	@ unaligned
 324 003e 43F8040B 		str	r0, [r3], #4	@ unaligned
 325 0042 9442     		cmp	r4, r2
 326 0044 F9D1     		bne	.L21
 327              	.LVL27:
 328              	.L23:
 108:seed.c        ****         path += MEDS_st_seed_bytes;
 329              		.loc 1 108 14 is_stmt 0 view .LVU96
 330 0046 09F11009 		add	r9, r9, #16
 331 004a 2B46     		mov	r3, r5
 332              	.L19:
 333              		.loc 1 108 14 view .LVU97
 334 004c 1D46     		mov	r5, r3
 335 004e 11E0     		b	.L24
 336              	.LVL28:
 337              	.L20:
 109:seed.c        ****       }
 110:seed.c        ****       else // if we are rebuilding the tree, fill the current node with the current seed in the pat
 111:seed.c        ****       // fill the sub tree 
 112:seed.c        ****       {
 113:seed.c        ****         memcpy(&stree[MEDS_st_seed_bytes * SEED_TREE_ADDR(h, i)], path, MEDS_st_seed_bytes);
 338              		.loc 1 113 9 is_stmt 1 view .LVU98
 339 0050 4B46     		mov	r3, r9
 340 0052 09F11002 		add	r2, r9, #16
 341              	.L22:
 342 0056 53F8040B 		ldr	r0, [r3], #4	@ unaligned
 343 005a 44F8040B 		str	r0, [r4], #4	@ unaligned
 344 005e 9342     		cmp	r3, r2
 345 0060 F9D1     		bne	.L22
 114:seed.c        ****         path += MEDS_st_seed_bytes;
 346              		.loc 1 114 9 view .LVU99
 347              	.LVL29:
 115:seed.c        **** 
 116:seed.c        ****         t_hash(stree, salt, h, i);
 348              		.loc 1 116 9 view .LVU100
 349 0062 3346     		mov	r3, r6
 350 0064 2A46     		mov	r2, r5
 351 0066 3946     		mov	r1, r7
 352 0068 5046     		mov	r0, r10
 353 006a FFF7FEFF 		bl	t_hash
 354              	.LVL30:
 355 006e EAE7     		b	.L23
 356              	.LVL31:
 357              	.L25:
 117:seed.c        ****       }
 118:seed.c        ****     }
 119:seed.c        **** 
 120:seed.c        ****     // backtrack
 121:seed.c        ****     while ((i & 1) == 1)
 122:seed.c        ****     {
 123:seed.c        ****       h -= 1;
 358              		.loc 1 123 7 view .LVU101
 359              		.loc 1 123 9 is_stmt 0 view .LVU102
 360 0070 013D     		subs	r5, r5, #1
 361              	.LVL32:
 124:seed.c        ****       i >>= 1;
 362              		.loc 1 124 7 is_stmt 1 view .LVU103
 363              		.loc 1 124 9 is_stmt 0 view .LVU104
 364 0072 7610     		asrs	r6, r6, #1
 365              	.LVL33:
 366              	.L24:
 121:seed.c        ****     {
 367              		.loc 1 121 20 is_stmt 1 view .LVU105
 368 0074 F307     		lsls	r3, r6, #31
 369 0076 FBD4     		bmi	.L25
 370              	.LVL34:
 125:seed.c        ****     }
 126:seed.c        **** 
 127:seed.c        ****     // next leaf
 128:seed.c        ****     i+=1;
 371              		.loc 1 128 5 view .LVU106
 372              		.loc 1 128 6 is_stmt 0 view .LVU107
 373 0078 0136     		adds	r6, r6, #1
 374              	.LVL35:
 129:seed.c        **** 
 130:seed.c        ****     if ((i << (MEDS_seed_tree_height - h)) >= MEDS_t)
 375              		.loc 1 130 5 is_stmt 1 view .LVU108
 376              		.loc 1 130 38 is_stmt 0 view .LVU109
 377 007a C5F10403 		rsb	r3, r5, #4
 378              		.loc 1 130 12 view .LVU110
 379 007e 06FA03F3 		lsl	r3, r6, r3
 380              		.loc 1 130 8 view .LVU111
 381 0082 0F2B     		cmp	r3, #15
 382 0084 C5DD     		ble	.L26
 383              	.LBE8:
 131:seed.c        ****       return;
 132:seed.c        ****   }
 133:seed.c        **** }
 384              		.loc 1 133 1 view .LVU112
 385 0086 BDE8F08E 		pop	{r4, r5, r6, r7, r9, r10, fp, pc}
 386              		.loc 1 133 1 view .LVU113
 387              		.cfi_endproc
 388              	.LFE4:
 390              		.section	.text.stree_to_path_to_stree_glitch,"ax",%progbits
 391              		.align	1
 392              		.global	stree_to_path_to_stree_glitch
 393              		.syntax unified
 394              		.thumb
 395              		.thumb_func
 397              	stree_to_path_to_stree_glitch:
 398              	.LVL36:
 399              	.LFB5:
 134:seed.c        **** 
 135:seed.c        **** void stree_to_path_to_stree_glitch(uint8_t *stree, uint8_t *h_digest, uint8_t *path, uint8_t *salt,
 136:seed.c        **** {
 400              		.loc 1 136 1 is_stmt 1 view -0
 401              		.cfi_startproc
 402              		@ args = 4, pretend = 0, frame = 24
 403              		@ frame_needed = 0, uses_anonymous_args = 0
 137:seed.c        ****   int h = 0;
 404              		.loc 1 137 3 view .LVU115
 138:seed.c        ****   int i = 0;
 405              		.loc 1 138 3 view .LVU116
 139:seed.c        **** 
 140:seed.c        ****   unsigned int id = 0;
 406              		.loc 1 140 3 view .LVU117
 141:seed.c        **** 
 142:seed.c        ****   int idx = 0;
 407              		.loc 1 142 3 view .LVU118
 143:seed.c        ****   trigger_high();
 408              		.loc 1 143 3 view .LVU119
 136:seed.c        ****   int h = 0;
 409              		.loc 1 136 1 is_stmt 0 view .LVU120
 410 0000 2DE9F04F 		push	{r4, r5, r6, r7, r8, r9, r10, fp, lr}
 411              	.LCFI5:
 412              		.cfi_def_cfa_offset 36
 413              		.cfi_offset 4, -36
 414              		.cfi_offset 5, -32
 415              		.cfi_offset 6, -28
 416              		.cfi_offset 7, -24
 417              		.cfi_offset 8, -20
 418              		.cfi_offset 9, -16
 419              		.cfi_offset 10, -12
 420              		.cfi_offset 11, -8
 421              		.cfi_offset 14, -4
 422 0004 87B0     		sub	sp, sp, #28
 423              	.LCFI6:
 424              		.cfi_def_cfa_offset 64
 136:seed.c        ****   int h = 0;
 425              		.loc 1 136 1 view .LVU121
 426 0006 9A46     		mov	r10, r3
 427 0008 0C46     		mov	r4, r1
 428 000a 1646     		mov	r6, r2
 429 000c 8146     		mov	r9, r0
 430              		.loc 1 143 3 view .LVU122
 431 000e FFF7FEFF 		bl	trigger_high
 432              	.LVL37:
 144:seed.c        **** 
 145:seed.c        ****   unsigned int indices[MEDS_w] = {0};
 433              		.loc 1 145 3 is_stmt 1 view .LVU123
 434              		.loc 1 145 16 is_stmt 0 view .LVU124
 435 0012 1822     		movs	r2, #24
 436 0014 0021     		movs	r1, #0
 437 0016 6846     		mov	r0, sp
 438 0018 FFF7FEFF 		bl	memset
 439              	.LVL38:
 146:seed.c        ****   for (int i = 0; i < MEDS_t; i++) {
 440              		.loc 1 146 3 is_stmt 1 view .LVU125
 441              	.LBB9:
 442              		.loc 1 146 8 view .LVU126
 443              		.loc 1 146 21 discriminator 1 view .LVU127
 444              		.loc 1 146 12 is_stmt 0 view .LVU128
 445 001c 0023     		movs	r3, #0
 446              	.LBE9:
 142:seed.c        ****   trigger_high();
 447              		.loc 1 142 7 view .LVU129
 448 001e 1A46     		mov	r2, r3
 449              	.LVL39:
 450              	.L33:
 451              	.LBB10:
 147:seed.c        ****     if (h_digest[i] > 0){
 452              		.loc 1 147 5 is_stmt 1 view .LVU130
 453              		.loc 1 147 8 is_stmt 0 view .LVU131
 454 0020 E15C     		ldrb	r1, [r4, r3]	@ zero_extendqisi2
 455 0022 29B1     		cbz	r1, .L32
 148:seed.c        ****       indices[idx++] = i;
 456              		.loc 1 148 7 is_stmt 1 view .LVU132
 457              	.LVL40:
 458              		.loc 1 148 22 is_stmt 0 view .LVU133
 459 0024 06A9     		add	r1, sp, #24
 460 0026 01EB8201 		add	r1, r1, r2, lsl #2
 461              		.loc 1 148 18 view .LVU134
 462 002a 0132     		adds	r2, r2, #1
 463              	.LVL41:
 464              		.loc 1 148 22 view .LVU135
 465 002c 41F8183C 		str	r3, [r1, #-24]
 466              	.L32:
 146:seed.c        ****     if (h_digest[i] > 0){
 467              		.loc 1 146 32 is_stmt 1 discriminator 2 view .LVU136
 468 0030 0133     		adds	r3, r3, #1
 469              	.LVL42:
 146:seed.c        ****     if (h_digest[i] > 0){
 470              		.loc 1 146 21 discriminator 1 view .LVU137
 471 0032 102B     		cmp	r3, #16
 472 0034 F4D1     		bne	.L33
 146:seed.c        ****     if (h_digest[i] > 0){
 473              		.loc 1 146 21 is_stmt 0 discriminator 1 view .LVU138
 474              	.LBE10:
 140:seed.c        **** 
 475              		.loc 1 140 16 view .LVU139
 476 0036 4FF00008 		mov	r8, #0
 138:seed.c        **** 
 477              		.loc 1 138 7 view .LVU140
 478 003a 4546     		mov	r5, r8
 137:seed.c        ****   int i = 0;
 479              		.loc 1 137 7 view .LVU141
 480 003c 4746     		mov	r7, r8
 481              	.LBB11:
 149:seed.c        ****     }
 150:seed.c        ****   }
 151:seed.c        **** 
 152:seed.c        ****   while (1 == 1)
 153:seed.c        ****   {
 154:seed.c        ****     int index_leaf = 0;
 155:seed.c        ****     // While we are on the right path to the current unpublished leaf
 156:seed.c        ****     while ((indices[id] >> (MEDS_seed_tree_height - h)) == i)
 157:seed.c        ****     {
 158:seed.c        ****       // Go down the tree
 159:seed.c        ****       h += 1;
 160:seed.c        ****       i <<= 1;
 161:seed.c        **** 
 162:seed.c        ****       // if we have reached the leaf level
 163:seed.c        ****       if (h > MEDS_seed_tree_height)
 164:seed.c        ****       {
 165:seed.c        ****         h -= 1;
 166:seed.c        ****         i >>= 1;
 167:seed.c        **** 
 168:seed.c        ****         if (id+1 < MEDS_w)
 169:seed.c        ****           id++;
 170:seed.c        **** 
 171:seed.c        ****         // do not publish this node
 172:seed.c        ****         // skip this ?
 173:seed.c        ****         index_leaf = 1;
 482              		.loc 1 173 20 view .LVU142
 483 003e 4FF0010B 		mov	fp, #1
 484              	.LVL43:
 485              	.L44:
 486              		.loc 1 173 20 view .LVU143
 487              	.LBE11:
 152:seed.c        ****   {
 488              		.loc 1 152 3 is_stmt 1 view .LVU144
 489              	.LBB12:
 154:seed.c        ****     // While we are on the right path to the current unpublished leaf
 490              		.loc 1 154 5 view .LVU145
 156:seed.c        ****     {
 491              		.loc 1 156 5 view .LVU146
 156:seed.c        ****     {
 492              		.loc 1 156 20 is_stmt 0 view .LVU147
 493 0042 06AB     		add	r3, sp, #24
 494 0044 03EB8803 		add	r3, r3, r8, lsl #2
 495 0048 53F8181C 		ldr	r1, [r3, #-24]
 496              	.L34:
 156:seed.c        ****     {
 497              		.loc 1 156 57 is_stmt 1 view .LVU148
 156:seed.c        ****     {
 498              		.loc 1 156 51 is_stmt 0 view .LVU149
 499 004c C7F10403 		rsb	r3, r7, #4
 156:seed.c        ****     {
 500              		.loc 1 156 25 view .LVU150
 501 0050 21FA03F3 		lsr	r3, r1, r3
 156:seed.c        ****     {
 502              		.loc 1 156 57 view .LVU151
 503 0054 AB42     		cmp	r3, r5
 504 0056 01D0     		beq	.L36
 154:seed.c        ****     // While we are on the right path to the current unpublished leaf
 505              		.loc 1 154 9 view .LVU152
 506 0058 0024     		movs	r4, #0
 507 005a 0BE0     		b	.L35
 508              	.L36:
 159:seed.c        ****       i <<= 1;
 509              		.loc 1 159 7 is_stmt 1 view .LVU153
 159:seed.c        ****       i <<= 1;
 510              		.loc 1 159 9 is_stmt 0 view .LVU154
 511 005c 7B1C     		adds	r3, r7, #1
 512              	.LVL44:
 160:seed.c        **** 
 513              		.loc 1 160 7 is_stmt 1 view .LVU155
 163:seed.c        ****       {
 514              		.loc 1 163 10 is_stmt 0 view .LVU156
 515 005e 042B     		cmp	r3, #4
 160:seed.c        **** 
 516              		.loc 1 160 9 view .LVU157
 517 0060 4FEA4505 		lsl	r5, r5, #1
 518              	.LVL45:
 163:seed.c        ****       {
 519              		.loc 1 163 7 is_stmt 1 view .LVU158
 163:seed.c        ****       {
 520              		.loc 1 163 10 is_stmt 0 view .LVU159
 521 0064 27DD     		ble	.L45
 165:seed.c        ****         i >>= 1;
 522              		.loc 1 165 9 is_stmt 1 view .LVU160
 523              	.LVL46:
 166:seed.c        **** 
 524              		.loc 1 166 9 view .LVU161
 168:seed.c        ****           id++;
 525              		.loc 1 168 15 is_stmt 0 view .LVU162
 526 0066 08F10103 		add	r3, r8, #1
 166:seed.c        **** 
 527              		.loc 1 166 11 view .LVU163
 528 006a 6D10     		asrs	r5, r5, #1
 529              	.LVL47:
 168:seed.c        ****           id++;
 530              		.loc 1 168 9 is_stmt 1 view .LVU164
 531              		.loc 1 173 20 is_stmt 0 view .LVU165
 532 006c 0124     		movs	r4, #1
 533 006e 052B     		cmp	r3, #5
 534 0070 98BF     		it	ls
 535 0072 9846     		movls	r8, r3
 536              	.LVL48:
 537              	.L35:
 174:seed.c        **** 
 175:seed.c        ****         break;
 176:seed.c        ****       }
 177:seed.c        **** 
 178:seed.c        **** 
 179:seed.c        ****     }
 180:seed.c        ****     trigger_low();
 538              		.loc 1 180 5 is_stmt 1 view .LVU166
 539 0074 FFF7FEFF 		bl	trigger_low
 540              	.LVL49:
 181:seed.c        **** 
 182:seed.c        **** 
 183:seed.c        **** 
 184:seed.c        ****     // The leaf should be published
 185:seed.c        ****     if (index_leaf == 0)
 541              		.loc 1 185 5 view .LVU167
 542              		.loc 1 185 8 is_stmt 0 view .LVU168
 543 0078 8CB9     		cbnz	r4, .L42
 544              	.LVL50:
 186:seed.c        ****     {
 187:seed.c        ****       // if we are creating a path, add it to the path
 188:seed.c        ****       if (mode == STREE_TO_PATH)
 545              		.loc 1 188 7 is_stmt 1 view .LVU169
 189:seed.c        ****       {
 190:seed.c        ****         memcpy(path, &stree[MEDS_st_seed_bytes * SEED_TREE_ADDR(h, i)], MEDS_st_seed_bytes);
 546              		.loc 1 190 50 is_stmt 0 view .LVU170
 547 007a 0BFA07F4 		lsl	r4, fp, r7
 548 007e 013C     		subs	r4, r4, #1
 188:seed.c        ****       {
 549              		.loc 1 188 10 view .LVU171
 550 0080 109B     		ldr	r3, [sp, #64]
 551              		.loc 1 190 50 view .LVU172
 552 0082 2C44     		add	r4, r4, r5
 553              		.loc 1 190 22 view .LVU173
 554 0084 09EB0414 		add	r4, r9, r4, lsl #4
 188:seed.c        ****       {
 555              		.loc 1 188 10 view .LVU174
 556 0088 BBB9     		cbnz	r3, .L38
 557              		.loc 1 190 9 is_stmt 1 view .LVU175
 558 008a 3346     		mov	r3, r6
 559 008c 04F11001 		add	r1, r4, #16
 560              	.L39:
 561              		.loc 1 190 9 is_stmt 0 view .LVU176
 562 0090 54F8040B 		ldr	r0, [r4], #4	@ unaligned
 563 0094 43F8040B 		str	r0, [r3], #4	@ unaligned
 564 0098 8C42     		cmp	r4, r1
 565 009a F9D1     		bne	.L39
 566              	.LVL51:
 567              	.L41:
 191:seed.c        ****         path += MEDS_st_seed_bytes;
 568              		.loc 1 191 14 view .LVU177
 569 009c 1036     		adds	r6, r6, #16
 570              	.LVL52:
 571              	.L42:
 192:seed.c        ****       }
 193:seed.c        ****       else // if we are rebuilding the tree, fill the current node with the current seed in the pat
 194:seed.c        ****       // fill the sub tree 
 195:seed.c        ****       {
 196:seed.c        ****         memcpy(&stree[MEDS_st_seed_bytes * SEED_TREE_ADDR(h, i)], path, MEDS_st_seed_bytes);
 197:seed.c        ****         path += MEDS_st_seed_bytes;
 198:seed.c        **** 
 199:seed.c        ****         t_hash(stree, salt, h, i);
 200:seed.c        ****       }
 201:seed.c        **** 
 202:seed.c        ****     }
 203:seed.c        **** 
 204:seed.c        **** 
 205:seed.c        ****     // backtrack
 206:seed.c        ****     while ((i & 1) == 1)
 572              		.loc 1 206 20 is_stmt 1 view .LVU178
 573 009e EB07     		lsls	r3, r5, #31
 574 00a0 1BD4     		bmi	.L43
 207:seed.c        ****     {
 208:seed.c        ****       h -= 1;
 209:seed.c        ****       i >>= 1;
 210:seed.c        ****     }
 211:seed.c        **** 
 212:seed.c        ****     // next leaf
 213:seed.c        ****     i+=1;
 575              		.loc 1 213 5 view .LVU179
 576              		.loc 1 213 6 is_stmt 0 view .LVU180
 577 00a2 0135     		adds	r5, r5, #1
 578              	.LVL53:
 214:seed.c        **** 
 215:seed.c        ****     if ((i << (MEDS_seed_tree_height - h)) >= MEDS_t)
 579              		.loc 1 215 5 is_stmt 1 view .LVU181
 580              		.loc 1 215 38 is_stmt 0 view .LVU182
 581 00a4 C7F10403 		rsb	r3, r7, #4
 582              		.loc 1 215 12 view .LVU183
 583 00a8 05FA03F3 		lsl	r3, r5, r3
 584              		.loc 1 215 8 view .LVU184
 585 00ac 0F2B     		cmp	r3, #15
 586 00ae C8DD     		ble	.L44
 587              	.LBE12:
 216:seed.c        ****       return;
 217:seed.c        **** 
 218:seed.c        ****   }
 219:seed.c        **** }
 588              		.loc 1 219 1 view .LVU185
 589 00b0 07B0     		add	sp, sp, #28
 590              	.LCFI7:
 591              		.cfi_remember_state
 592              		.cfi_def_cfa_offset 36
 593              		@ sp needed
 594 00b2 BDE8F08F 		pop	{r4, r5, r6, r7, r8, r9, r10, fp, pc}
 595              	.LVL54:
 596              	.L45:
 597              	.LCFI8:
 598              		.cfi_restore_state
 599              	.LBB13:
 159:seed.c        ****       i <<= 1;
 600              		.loc 1 159 9 view .LVU186
 601 00b6 1F46     		mov	r7, r3
 602 00b8 C8E7     		b	.L34
 603              	.LVL55:
 604              	.L38:
 196:seed.c        ****         path += MEDS_st_seed_bytes;
 605              		.loc 1 196 9 is_stmt 1 view .LVU187
 606 00ba 3346     		mov	r3, r6
 607 00bc 06F11001 		add	r1, r6, #16
 608              	.L40:
 196:seed.c        ****         path += MEDS_st_seed_bytes;
 609              		.loc 1 196 9 is_stmt 0 view .LVU188
 610 00c0 53F8040B 		ldr	r0, [r3], #4	@ unaligned
 611 00c4 44F8040B 		str	r0, [r4], #4	@ unaligned
 612 00c8 8B42     		cmp	r3, r1
 613 00ca F9D1     		bne	.L40
 197:seed.c        **** 
 614              		.loc 1 197 9 is_stmt 1 view .LVU189
 615              	.LVL56:
 199:seed.c        ****       }
 616              		.loc 1 199 9 view .LVU190
 617 00cc 2B46     		mov	r3, r5
 618 00ce 3A46     		mov	r2, r7
 619 00d0 5146     		mov	r1, r10
 620 00d2 4846     		mov	r0, r9
 621 00d4 FFF7FEFF 		bl	t_hash
 622              	.LVL57:
 623 00d8 E0E7     		b	.L41
 624              	.LVL58:
 625              	.L43:
 208:seed.c        ****       i >>= 1;
 626              		.loc 1 208 7 view .LVU191
 208:seed.c        ****       i >>= 1;
 627              		.loc 1 208 9 is_stmt 0 view .LVU192
 628 00da 013F     		subs	r7, r7, #1
 629              	.LVL59:
 209:seed.c        ****     }
 630              		.loc 1 209 7 is_stmt 1 view .LVU193
 209:seed.c        ****     }
 631              		.loc 1 209 9 is_stmt 0 view .LVU194
 632 00dc 6D10     		asrs	r5, r5, #1
 633              	.LVL60:
 209:seed.c        ****     }
 634              		.loc 1 209 9 view .LVU195
 635 00de DEE7     		b	.L42
 636              	.LBE13:
 637              		.cfi_endproc
 638              	.LFE5:
 640              		.text
 641              	.Letext0:
 642              		.file 2 "/usr/lib/gcc/arm-none-eabi/13.2.1/include/stddef.h"
 643              		.file 3 "/usr/lib/gcc/arm-none-eabi/13.2.1/include/stdint.h"
 644              		.file 4 "fips202.h"
 645              		.file 5 "/usr/include/newlib/string.h"
 646              		.file 6 "<built-in>"
DEFINED SYMBOLS
                            *ABS*:00000000 seed.c
     /tmp/cciGc6dS.s:19     .text.t_hash:00000000 $t
     /tmp/cciGc6dS.s:25     .text.t_hash:00000000 t_hash
     /tmp/cciGc6dS.s:232    .text.stree_to_path_to_stree_faulted:00000000 $t
     /tmp/cciGc6dS.s:238    .text.stree_to_path_to_stree_faulted:00000000 stree_to_path_to_stree_faulted
     /tmp/cciGc6dS.s:391    .text.stree_to_path_to_stree_glitch:00000000 $t
     /tmp/cciGc6dS.s:397    .text.stree_to_path_to_stree_glitch:00000000 stree_to_path_to_stree_glitch

UNDEFINED SYMBOLS
memset
meds_fips202_ref_shake256_init
meds_fips202_ref_shake256_absorb
meds_fips202_ref_shake256_finalize
meds_fips202_ref_shake256_squeeze
trigger_high
trigger_low
