   1              		.cpu cortex-m4
   2              		.arch armv7e-m
   3              		.fpu softvfp
   4              		.eabi_attribute 20, 1
   5              		.eabi_attribute 21, 1
   6              		.eabi_attribute 23, 3
   7              		.eabi_attribute 24, 1
   8              		.eabi_attribute 25, 1
   9              		.eabi_attribute 26, 1
  10              		.eabi_attribute 30, 4
  11              		.eabi_attribute 34, 1
  12              		.eabi_attribute 18, 4
  13              		.file	"simpleserial.c"
  14              		.text
  15              	.Ltext0:
  16              		.cfi_sections	.debug_frame
  17              		.file 1 ".././simpleserial/simpleserial.c"
  18              		.section	.text.ss_crc,"ax",%progbits
  19              		.align	1
  20              		.global	ss_crc
  21              		.syntax unified
  22              		.thumb
  23              		.thumb_func
  25              	ss_crc:
  26              	.LVL0:
  27              	.LFB0:
   1:.././simpleserial/simpleserial.c **** // simpleserial.c
   2:.././simpleserial/simpleserial.c **** 
   3:.././simpleserial/simpleserial.c **** #include "simpleserial.h"
   4:.././simpleserial/simpleserial.c **** #include <stdint.h>
   5:.././simpleserial/simpleserial.c **** #include "hal.h"
   6:.././simpleserial/simpleserial.c **** 
   7:.././simpleserial/simpleserial.c **** 
   8:.././simpleserial/simpleserial.c **** #define MAX_SS_CMDS 32
   9:.././simpleserial/simpleserial.c **** static int num_commands = 0;
  10:.././simpleserial/simpleserial.c **** 
  11:.././simpleserial/simpleserial.c **** 
  12:.././simpleserial/simpleserial.c **** //#define SS_VER_1_0 0
  13:.././simpleserial/simpleserial.c **** //#define SS_VER_1_1 1
  14:.././simpleserial/simpleserial.c **** //#define SS_VER_2_0 2
  15:.././simpleserial/simpleserial.c **** 
  16:.././simpleserial/simpleserial.c **** 
  17:.././simpleserial/simpleserial.c **** // 0xA6 formerly 
  18:.././simpleserial/simpleserial.c **** #define CW_CRC 0x4D 
  19:.././simpleserial/simpleserial.c **** uint8_t ss_crc(uint8_t *buf, uint8_t len)
  20:.././simpleserial/simpleserial.c **** {
  28              		.loc 1 20 1 view -0
  29              		.cfi_startproc
  30              		@ args = 0, pretend = 0, frame = 0
  31              		@ frame_needed = 0, uses_anonymous_args = 0
  32              		.loc 1 20 1 is_stmt 0 view .LVU1
  33 0000 10B5     		push	{r4, lr}
  34              	.LCFI0:
  35              		.cfi_def_cfa_offset 8
  36              		.cfi_offset 4, -8
  37              		.cfi_offset 14, -4
  38              		.loc 1 20 1 view .LVU2
  39 0002 0246     		mov	r2, r0
  21:.././simpleserial/simpleserial.c **** 	unsigned int k = 0;
  40              		.loc 1 21 2 is_stmt 1 view .LVU3
  41              	.LVL1:
  22:.././simpleserial/simpleserial.c **** 	uint8_t crc = 0x00;
  42              		.loc 1 22 2 view .LVU4
  23:.././simpleserial/simpleserial.c **** 	while (len--) {
  43              		.loc 1 23 2 view .LVU5
  44 0004 0144     		add	r1, r1, r0
  45              	.LVL2:
  22:.././simpleserial/simpleserial.c **** 	uint8_t crc = 0x00;
  46              		.loc 1 22 10 is_stmt 0 view .LVU6
  47 0006 0020     		movs	r0, #0
  48              	.LVL3:
  49              	.L2:
  50              		.loc 1 23 9 is_stmt 1 view .LVU7
  51              		.loc 1 23 9 is_stmt 0 view .LVU8
  52 0008 8A42     		cmp	r2, r1
  53 000a 00D1     		bne	.L6
  24:.././simpleserial/simpleserial.c **** 		crc ^= *buf++;
  25:.././simpleserial/simpleserial.c **** 		for (k = 0; k < 8; k++) {
  26:.././simpleserial/simpleserial.c **** 			crc = crc & 0x80 ? (crc << 1) ^ CW_CRC: crc << 1;
  27:.././simpleserial/simpleserial.c **** 		}
  28:.././simpleserial/simpleserial.c **** 	}
  29:.././simpleserial/simpleserial.c **** 	return crc;
  54              		.loc 1 29 2 is_stmt 1 view .LVU9
  30:.././simpleserial/simpleserial.c **** 
  31:.././simpleserial/simpleserial.c **** }
  55              		.loc 1 31 1 is_stmt 0 view .LVU10
  56 000c 10BD     		pop	{r4, pc}
  57              	.L6:
  24:.././simpleserial/simpleserial.c **** 		crc ^= *buf++;
  58              		.loc 1 24 3 is_stmt 1 view .LVU11
  59              	.LVL4:
  24:.././simpleserial/simpleserial.c **** 		crc ^= *buf++;
  60              		.loc 1 24 7 is_stmt 0 view .LVU12
  61 000e 12F8013B 		ldrb	r3, [r2], #1	@ zero_extendqisi2
  62              	.LVL5:
  24:.././simpleserial/simpleserial.c **** 		crc ^= *buf++;
  63              		.loc 1 24 7 view .LVU13
  64 0012 0824     		movs	r4, #8
  65 0014 5840     		eors	r0, r0, r3
  66              	.LVL6:
  25:.././simpleserial/simpleserial.c **** 			crc = crc & 0x80 ? (crc << 1) ^ CW_CRC: crc << 1;
  67              		.loc 1 25 3 is_stmt 1 view .LVU14
  25:.././simpleserial/simpleserial.c **** 			crc = crc & 0x80 ? (crc << 1) ^ CW_CRC: crc << 1;
  68              		.loc 1 25 17 discriminator 1 view .LVU15
  69              	.L5:
  26:.././simpleserial/simpleserial.c **** 		}
  70              		.loc 1 26 4 view .LVU16
  26:.././simpleserial/simpleserial.c **** 		}
  71              		.loc 1 26 21 is_stmt 0 view .LVU17
  72 0016 43B2     		sxtb	r3, r0
  26:.././simpleserial/simpleserial.c **** 		}
  73              		.loc 1 26 8 view .LVU18
  74 0018 002B     		cmp	r3, #0
  26:.././simpleserial/simpleserial.c **** 		}
  75              		.loc 1 26 34 discriminator 1 view .LVU19
  76 001a BABF     		itte	lt
  77 001c 5B00     		lsllt	r3, r3, #1
  78 001e 83F04D03 		eorlt	r3, r3, #77
  26:.././simpleserial/simpleserial.c **** 		}
  79              		.loc 1 26 8 discriminator 2 view .LVU20
  80 0022 4300     		lslge	r3, r0, #1
  25:.././simpleserial/simpleserial.c **** 			crc = crc & 0x80 ? (crc << 1) ^ CW_CRC: crc << 1;
  81              		.loc 1 25 17 discriminator 1 view .LVU21
  82 0024 013C     		subs	r4, r4, #1
  83              	.LVL7:
  26:.././simpleserial/simpleserial.c **** 		}
  84              		.loc 1 26 8 discriminator 2 view .LVU22
  85 0026 D8B2     		uxtb	r0, r3
  86              	.LVL8:
  25:.././simpleserial/simpleserial.c **** 			crc = crc & 0x80 ? (crc << 1) ^ CW_CRC: crc << 1;
  87              		.loc 1 25 23 is_stmt 1 discriminator 2 view .LVU23
  25:.././simpleserial/simpleserial.c **** 			crc = crc & 0x80 ? (crc << 1) ^ CW_CRC: crc << 1;
  88              		.loc 1 25 17 discriminator 1 view .LVU24
  89 0028 F5D1     		bne	.L5
  90 002a EDE7     		b	.L2
  91              		.cfi_endproc
  92              	.LFE0:
  94              		.section	.text.hex_decode,"ax",%progbits
  95              		.align	1
  96              		.global	hex_decode
  97              		.syntax unified
  98              		.thumb
  99              		.thumb_func
 101              	hex_decode:
 102              	.LVL9:
 103              	.LFB1:
  32:.././simpleserial/simpleserial.c **** 
  33:.././simpleserial/simpleserial.c **** // [B_STUFF, CMD, SCMD, LEN, B_STUFF, DATA..., CRC, TERM]
  34:.././simpleserial/simpleserial.c **** 
  35:.././simpleserial/simpleserial.c **** //#define SS_VER SS_VER_2_0
  36:.././simpleserial/simpleserial.c **** #if SS_VER == SS_VER_2_0
  37:.././simpleserial/simpleserial.c **** #error "SS_VER_2_0 is deprecated! Use SS_VER_2_1 instead."
  38:.././simpleserial/simpleserial.c **** #elif SS_VER == SS_VER_2_1
  39:.././simpleserial/simpleserial.c **** 
  40:.././simpleserial/simpleserial.c **** #define MAX_SS_LEN 249
  41:.././simpleserial/simpleserial.c **** 
  42:.././simpleserial/simpleserial.c **** int hex_decode(int len, char* ascii_buf, uint8_t* data_buf)
  43:.././simpleserial/simpleserial.c **** {
 104              		.loc 1 43 1 view -0
 105              		.cfi_startproc
 106              		@ args = 0, pretend = 0, frame = 0
 107              		@ frame_needed = 0, uses_anonymous_args = 0
  44:.././simpleserial/simpleserial.c **** 	for(int i = 0; i < len; i++)
 108              		.loc 1 44 2 view .LVU26
 109              	.LBB2:
 110              		.loc 1 44 6 view .LVU27
 111              		.loc 1 44 6 is_stmt 0 view .LVU28
 112              	.LBE2:
  43:.././simpleserial/simpleserial.c **** 	for(int i = 0; i < len; i++)
 113              		.loc 1 43 1 view .LVU29
 114 0000 F0B5     		push	{r4, r5, r6, r7, lr}
 115              	.LCFI1:
 116              		.cfi_def_cfa_offset 20
 117              		.cfi_offset 4, -20
 118              		.cfi_offset 5, -16
 119              		.cfi_offset 6, -12
 120              		.cfi_offset 7, -8
 121              		.cfi_offset 14, -4
 122              	.LBB7:
 123              		.loc 1 44 10 view .LVU30
 124 0002 0025     		movs	r5, #0
 125              	.LBB3:
  45:.././simpleserial/simpleserial.c **** 	{
  46:.././simpleserial/simpleserial.c **** 		char n_hi = ascii_buf[2*i];
  47:.././simpleserial/simpleserial.c **** 		char n_lo = ascii_buf[2*i+1];
 126              		.loc 1 47 8 view .LVU31
 127 0004 4F1C     		adds	r7, r1, #1
 128              	.LVL10:
 129              	.L10:
 130              		.loc 1 47 8 view .LVU32
 131              	.LBE3:
  44:.././simpleserial/simpleserial.c **** 	{
 132              		.loc 1 44 19 is_stmt 1 discriminator 1 view .LVU33
 133 0006 8542     		cmp	r5, r0
 134 0008 01DB     		blt	.L20
 135              	.LBE7:
  48:.././simpleserial/simpleserial.c **** 
  49:.././simpleserial/simpleserial.c **** 		if(n_lo >= '0' && n_lo <= '9')
  50:.././simpleserial/simpleserial.c **** 			data_buf[i] = n_lo - '0';
  51:.././simpleserial/simpleserial.c **** 		else if(n_lo >= 'A' && n_lo <= 'F')
  52:.././simpleserial/simpleserial.c **** 			data_buf[i] = n_lo - 'A' + 10;
  53:.././simpleserial/simpleserial.c **** 		else if(n_lo >= 'a' && n_lo <= 'f')
  54:.././simpleserial/simpleserial.c **** 			data_buf[i] = n_lo - 'a' + 10;
  55:.././simpleserial/simpleserial.c **** 		else
  56:.././simpleserial/simpleserial.c **** 			return 1;
  57:.././simpleserial/simpleserial.c **** 
  58:.././simpleserial/simpleserial.c **** 		if(n_hi >= '0' && n_hi <= '9')
  59:.././simpleserial/simpleserial.c **** 			data_buf[i] |= (n_hi - '0') << 4;
  60:.././simpleserial/simpleserial.c **** 		else if(n_hi >= 'A' && n_hi <= 'F')
  61:.././simpleserial/simpleserial.c **** 			data_buf[i] |= (n_hi - 'A' + 10) << 4;
  62:.././simpleserial/simpleserial.c **** 		else if(n_hi >= 'a' && n_hi <= 'f')
  63:.././simpleserial/simpleserial.c **** 			data_buf[i] |= (n_hi - 'a' + 10) << 4;
  64:.././simpleserial/simpleserial.c **** 		else
  65:.././simpleserial/simpleserial.c **** 			return 1;
  66:.././simpleserial/simpleserial.c **** 	}
  67:.././simpleserial/simpleserial.c **** 
  68:.././simpleserial/simpleserial.c **** 	return 0;
 136              		.loc 1 68 9 is_stmt 0 view .LVU34
 137 000a 0020     		movs	r0, #0
 138              	.LVL11:
 139              		.loc 1 68 9 view .LVU35
 140 000c 21E0     		b	.L9
 141              	.LVL12:
 142              	.L20:
 143              	.LBB8:
 144              	.LBB4:
  46:.././simpleserial/simpleserial.c **** 		char n_lo = ascii_buf[2*i+1];
 145              		.loc 1 46 3 is_stmt 1 view .LVU36
  47:.././simpleserial/simpleserial.c **** 
 146              		.loc 1 47 8 is_stmt 0 view .LVU37
 147 000e 17F81540 		ldrb	r4, [r7, r5, lsl #1]	@ zero_extendqisi2
  46:.././simpleserial/simpleserial.c **** 		char n_lo = ascii_buf[2*i+1];
 148              		.loc 1 46 8 view .LVU38
 149 0012 11F81530 		ldrb	r3, [r1, r5, lsl #1]	@ zero_extendqisi2
 150              	.LVL13:
  47:.././simpleserial/simpleserial.c **** 
 151              		.loc 1 47 3 is_stmt 1 view .LVU39
  49:.././simpleserial/simpleserial.c **** 			data_buf[i] = n_lo - '0';
 152              		.loc 1 49 3 view .LVU40
  49:.././simpleserial/simpleserial.c **** 			data_buf[i] = n_lo - '0';
 153              		.loc 1 49 18 is_stmt 0 view .LVU41
 154 0016 A4F13006 		sub	r6, r4, #48
 155 001a F6B2     		uxtb	r6, r6
  49:.././simpleserial/simpleserial.c **** 			data_buf[i] = n_lo - '0';
 156              		.loc 1 49 5 view .LVU42
 157 001c 092E     		cmp	r6, #9
 158 001e 0CD8     		bhi	.L11
  50:.././simpleserial/simpleserial.c **** 		else if(n_lo >= 'A' && n_lo <= 'F')
 159              		.loc 1 50 4 is_stmt 1 view .LVU43
  50:.././simpleserial/simpleserial.c **** 		else if(n_lo >= 'A' && n_lo <= 'F')
 160              		.loc 1 50 16 is_stmt 0 view .LVU44
 161 0020 1670     		strb	r6, [r2]
 162              	.LVL14:
 163              	.L12:
  58:.././simpleserial/simpleserial.c **** 			data_buf[i] |= (n_hi - '0') << 4;
 164              		.loc 1 58 3 is_stmt 1 view .LVU45
  58:.././simpleserial/simpleserial.c **** 			data_buf[i] |= (n_hi - '0') << 4;
 165              		.loc 1 58 18 is_stmt 0 view .LVU46
 166 0022 A3F13004 		sub	r4, r3, #48
 167 0026 E4B2     		uxtb	r4, r4
  58:.././simpleserial/simpleserial.c **** 			data_buf[i] |= (n_hi - '0') << 4;
 168              		.loc 1 58 5 view .LVU47
 169 0028 092C     		cmp	r4, #9
 170 002a 15D8     		bhi	.L16
 171              	.L23:
  61:.././simpleserial/simpleserial.c **** 		else if(n_hi >= 'a' && n_hi <= 'f')
 172              		.loc 1 61 16 view .LVU48
 173 002c 1378     		ldrb	r3, [r2]	@ zero_extendqisi2
 174              	.LVL15:
  61:.././simpleserial/simpleserial.c **** 		else if(n_hi >= 'a' && n_hi <= 'f')
 175              		.loc 1 61 16 view .LVU49
 176 002e 43EA0413 		orr	r3, r3, r4, lsl #4
 177              	.L22:
  63:.././simpleserial/simpleserial.c **** 		else
 178              		.loc 1 63 16 view .LVU50
 179 0032 1370     		strb	r3, [r2]
 180              	.LBE4:
  44:.././simpleserial/simpleserial.c **** 	{
 181              		.loc 1 44 27 is_stmt 1 discriminator 2 view .LVU51
 182 0034 0135     		adds	r5, r5, #1
 183              	.LVL16:
  44:.././simpleserial/simpleserial.c **** 	{
 184              		.loc 1 44 27 is_stmt 0 discriminator 2 view .LVU52
 185 0036 0132     		adds	r2, r2, #1
 186 0038 E5E7     		b	.L10
 187              	.LVL17:
 188              	.L11:
 189              	.LBB5:
  51:.././simpleserial/simpleserial.c **** 			data_buf[i] = n_lo - 'A' + 10;
 190              		.loc 1 51 8 is_stmt 1 view .LVU53
  51:.././simpleserial/simpleserial.c **** 			data_buf[i] = n_lo - 'A' + 10;
 191              		.loc 1 51 10 is_stmt 0 view .LVU54
 192 003a A4F14106 		sub	r6, r4, #65
 193 003e 052E     		cmp	r6, #5
 194 0040 02D8     		bhi	.L13
  52:.././simpleserial/simpleserial.c **** 		else if(n_lo >= 'a' && n_lo <= 'f')
 195              		.loc 1 52 4 is_stmt 1 view .LVU55
  52:.././simpleserial/simpleserial.c **** 		else if(n_lo >= 'a' && n_lo <= 'f')
 196              		.loc 1 52 29 is_stmt 0 view .LVU56
 197 0042 373C     		subs	r4, r4, #55
 198              	.LVL18:
 199              	.L21:
  54:.././simpleserial/simpleserial.c **** 		else
 200              		.loc 1 54 16 view .LVU57
 201 0044 1470     		strb	r4, [r2]
 202              	.LVL19:
  54:.././simpleserial/simpleserial.c **** 		else
 203              		.loc 1 54 16 view .LVU58
 204 0046 ECE7     		b	.L12
 205              	.LVL20:
 206              	.L13:
  53:.././simpleserial/simpleserial.c **** 			data_buf[i] = n_lo - 'a' + 10;
 207              		.loc 1 53 8 is_stmt 1 view .LVU59
  53:.././simpleserial/simpleserial.c **** 			data_buf[i] = n_lo - 'a' + 10;
 208              		.loc 1 53 10 is_stmt 0 view .LVU60
 209 0048 A4F16106 		sub	r6, r4, #97
 210 004c 052E     		cmp	r6, #5
 211 004e 01D9     		bls	.L14
 212              	.LVL21:
 213              	.L19:
  56:.././simpleserial/simpleserial.c **** 
 214              		.loc 1 56 11 view .LVU61
 215 0050 0120     		movs	r0, #1
 216              	.LVL22:
 217              	.L9:
  56:.././simpleserial/simpleserial.c **** 
 218              		.loc 1 56 11 view .LVU62
 219              	.LBE5:
 220              	.LBE8:
  69:.././simpleserial/simpleserial.c **** }
 221              		.loc 1 69 1 view .LVU63
 222 0052 F0BD     		pop	{r4, r5, r6, r7, pc}
 223              	.LVL23:
 224              	.L14:
 225              	.LBB9:
 226              	.LBB6:
  54:.././simpleserial/simpleserial.c **** 		else
 227              		.loc 1 54 4 is_stmt 1 view .LVU64
  54:.././simpleserial/simpleserial.c **** 		else
 228              		.loc 1 54 29 is_stmt 0 view .LVU65
 229 0054 573C     		subs	r4, r4, #87
 230              	.LVL24:
  54:.././simpleserial/simpleserial.c **** 		else
 231              		.loc 1 54 29 view .LVU66
 232 0056 F5E7     		b	.L21
 233              	.LVL25:
 234              	.L16:
  60:.././simpleserial/simpleserial.c **** 			data_buf[i] |= (n_hi - 'A' + 10) << 4;
 235              		.loc 1 60 8 is_stmt 1 view .LVU67
  60:.././simpleserial/simpleserial.c **** 			data_buf[i] |= (n_hi - 'A' + 10) << 4;
 236              		.loc 1 60 10 is_stmt 0 view .LVU68
 237 0058 A3F14104 		sub	r4, r3, #65
 238 005c 052C     		cmp	r4, #5
 239 005e 02D8     		bhi	.L18
  61:.././simpleserial/simpleserial.c **** 		else if(n_hi >= 'a' && n_hi <= 'f')
 240              		.loc 1 61 4 is_stmt 1 view .LVU69
  61:.././simpleserial/simpleserial.c **** 		else if(n_hi >= 'a' && n_hi <= 'f')
 241              		.loc 1 61 16 is_stmt 0 view .LVU70
 242 0060 A3F13704 		sub	r4, r3, #55
 243 0064 E2E7     		b	.L23
 244              	.L18:
  62:.././simpleserial/simpleserial.c **** 			data_buf[i] |= (n_hi - 'a' + 10) << 4;
 245              		.loc 1 62 8 is_stmt 1 view .LVU71
  62:.././simpleserial/simpleserial.c **** 			data_buf[i] |= (n_hi - 'a' + 10) << 4;
 246              		.loc 1 62 10 is_stmt 0 view .LVU72
 247 0066 A3F16104 		sub	r4, r3, #97
 248 006a 052C     		cmp	r4, #5
 249 006c F0D8     		bhi	.L19
  63:.././simpleserial/simpleserial.c **** 		else
 250              		.loc 1 63 4 is_stmt 1 view .LVU73
  63:.././simpleserial/simpleserial.c **** 		else
 251              		.loc 1 63 16 is_stmt 0 view .LVU74
 252 006e 1478     		ldrb	r4, [r2]	@ zero_extendqisi2
 253 0070 573B     		subs	r3, r3, #87
 254              	.LVL26:
  63:.././simpleserial/simpleserial.c **** 		else
 255              		.loc 1 63 16 view .LVU75
 256 0072 44EA0313 		orr	r3, r4, r3, lsl #4
 257              	.LVL27:
  63:.././simpleserial/simpleserial.c **** 		else
 258              		.loc 1 63 16 view .LVU76
 259 0076 DCE7     		b	.L22
 260              	.LBE6:
 261              	.LBE9:
 262              		.cfi_endproc
 263              	.LFE1:
 265              		.section	.text.ss_puts,"ax",%progbits
 266              		.align	1
 267              		.global	ss_puts
 268              		.syntax unified
 269              		.thumb
 270              		.thumb_func
 272              	ss_puts:
 273              	.LVL28:
 274              	.LFB2:
  70:.././simpleserial/simpleserial.c **** 
  71:.././simpleserial/simpleserial.c **** typedef struct ss_cmd
  72:.././simpleserial/simpleserial.c **** {
  73:.././simpleserial/simpleserial.c **** 	char c;
  74:.././simpleserial/simpleserial.c **** 	unsigned int len;
  75:.././simpleserial/simpleserial.c **** 	uint8_t (*fp)(uint8_t, uint8_t, uint8_t, uint8_t *);
  76:.././simpleserial/simpleserial.c **** } ss_cmd;
  77:.././simpleserial/simpleserial.c **** static ss_cmd commands[MAX_SS_CMDS];
  78:.././simpleserial/simpleserial.c **** 
  79:.././simpleserial/simpleserial.c **** void ss_puts(char *x)
  80:.././simpleserial/simpleserial.c **** {
 275              		.loc 1 80 1 is_stmt 1 view -0
 276              		.cfi_startproc
 277              		@ args = 0, pretend = 0, frame = 0
 278              		@ frame_needed = 0, uses_anonymous_args = 0
 279              		.loc 1 80 1 is_stmt 0 view .LVU78
 280 0000 10B5     		push	{r4, lr}
 281              	.LCFI2:
 282              		.cfi_def_cfa_offset 8
 283              		.cfi_offset 4, -8
 284              		.cfi_offset 14, -4
 285 0002 0446     		mov	r4, r0
 286              	.LVL29:
 287              	.L25:
  81:.././simpleserial/simpleserial.c **** 	do {
 288              		.loc 1 81 2 is_stmt 1 view .LVU79
  82:.././simpleserial/simpleserial.c **** 		putch(*x);
 289              		.loc 1 82 3 view .LVU80
 290 0004 2078     		ldrb	r0, [r4]	@ zero_extendqisi2
 291 0006 FFF7FEFF 		bl	putch
 292              	.LVL30:
  83:.././simpleserial/simpleserial.c **** 	} while (*++x);
 293              		.loc 1 83 11 discriminator 1 view .LVU81
 294              		.loc 1 83 11 is_stmt 0 discriminator 1 view .LVU82
 295 000a 14F8013F 		ldrb	r3, [r4, #1]!	@ zero_extendqisi2
 296              	.LVL31:
 297              		.loc 1 83 11 discriminator 1 view .LVU83
 298 000e 002B     		cmp	r3, #0
 299 0010 F8D1     		bne	.L25
  84:.././simpleserial/simpleserial.c **** }
 300              		.loc 1 84 1 view .LVU84
 301 0012 10BD     		pop	{r4, pc}
 302              		.loc 1 84 1 view .LVU85
 303              		.cfi_endproc
 304              	.LFE2:
 306              		.section	.text.stuff_data,"ax",%progbits
 307              		.align	1
 308              		.global	stuff_data
 309              		.syntax unified
 310              		.thumb
 311              		.thumb_func
 313              	stuff_data:
 314              	.LVL32:
 315              	.LFB5:
  85:.././simpleserial/simpleserial.c **** 
  86:.././simpleserial/simpleserial.c **** #define FRAME_BYTE 0x00
  87:.././simpleserial/simpleserial.c **** 
  88:.././simpleserial/simpleserial.c **** uint8_t check_version(uint8_t cmd, uint8_t scmd, uint8_t len, uint8_t *data)
  89:.././simpleserial/simpleserial.c **** {
  90:.././simpleserial/simpleserial.c **** 	uint8_t ver = SS_VER;
  91:.././simpleserial/simpleserial.c **** 	simpleserial_put('r', 1, &ver);
  92:.././simpleserial/simpleserial.c **** 	return SS_ERR_OK;
  93:.././simpleserial/simpleserial.c **** }
  94:.././simpleserial/simpleserial.c **** 
  95:.././simpleserial/simpleserial.c **** uint8_t ss_get_commands(uint8_t cmd, uint8_t scmd, uint8_t len, uint8_t *data)
  96:.././simpleserial/simpleserial.c **** {
  97:.././simpleserial/simpleserial.c ****     uint8_t cmd_chars[MAX_SS_CMDS];
  98:.././simpleserial/simpleserial.c ****     for (uint8_t i = 0; i < (num_commands & 0xFF); i++) {
  99:.././simpleserial/simpleserial.c ****         cmd_chars[i] = commands[i].c;
 100:.././simpleserial/simpleserial.c ****     }
 101:.././simpleserial/simpleserial.c **** 
 102:.././simpleserial/simpleserial.c ****     simpleserial_put('r', num_commands & 0xFF, (void *)cmd_chars);
 103:.././simpleserial/simpleserial.c ****     return 0x00;
 104:.././simpleserial/simpleserial.c **** 
 105:.././simpleserial/simpleserial.c **** }
 106:.././simpleserial/simpleserial.c **** 
 107:.././simpleserial/simpleserial.c **** uint8_t stuff_data(uint8_t *buf, uint8_t len)
 108:.././simpleserial/simpleserial.c **** {
 316              		.loc 1 108 1 is_stmt 1 view -0
 317              		.cfi_startproc
 318              		@ args = 0, pretend = 0, frame = 0
 319              		@ frame_needed = 0, uses_anonymous_args = 0
 109:.././simpleserial/simpleserial.c **** 	uint8_t i = 1;
 320              		.loc 1 109 2 view .LVU87
 110:.././simpleserial/simpleserial.c **** 	uint8_t last = 0;
 321              		.loc 1 110 2 view .LVU88
 111:.././simpleserial/simpleserial.c **** 	for (; i < len; i++) {
 322              		.loc 1 111 2 view .LVU89
 108:.././simpleserial/simpleserial.c **** 	uint8_t i = 1;
 323              		.loc 1 108 1 is_stmt 0 view .LVU90
 324 0000 30B5     		push	{r4, r5, lr}
 325              	.LCFI3:
 326              		.cfi_def_cfa_offset 12
 327              		.cfi_offset 4, -12
 328              		.cfi_offset 5, -8
 329              		.cfi_offset 14, -4
 110:.././simpleserial/simpleserial.c **** 	uint8_t last = 0;
 330              		.loc 1 110 10 view .LVU91
 331 0002 0022     		movs	r2, #0
 332 0004 0446     		mov	r4, r0
 109:.././simpleserial/simpleserial.c **** 	uint8_t last = 0;
 333              		.loc 1 109 10 view .LVU92
 334 0006 0123     		movs	r3, #1
 335              	.LVL33:
 336              	.L28:
 337              		.loc 1 111 11 is_stmt 1 discriminator 1 view .LVU93
 338 0008 8B42     		cmp	r3, r1
 339 000a 01D3     		bcc	.L30
 112:.././simpleserial/simpleserial.c **** 		if (buf[i] == FRAME_BYTE) {
 113:.././simpleserial/simpleserial.c **** 			buf[last] = i - last;
 114:.././simpleserial/simpleserial.c **** 			last = i;
 115:.././simpleserial/simpleserial.c **** 		}
 116:.././simpleserial/simpleserial.c **** 	}
 117:.././simpleserial/simpleserial.c **** 	return 0x00;
 340              		.loc 1 117 2 view .LVU94
 118:.././simpleserial/simpleserial.c **** }
 341              		.loc 1 118 1 is_stmt 0 view .LVU95
 342 000c 0020     		movs	r0, #0
 343              	.LVL34:
 344              		.loc 1 118 1 view .LVU96
 345 000e 30BD     		pop	{r4, r5, pc}
 346              	.LVL35:
 347              	.L30:
 112:.././simpleserial/simpleserial.c **** 		if (buf[i] == FRAME_BYTE) {
 348              		.loc 1 112 3 is_stmt 1 view .LVU97
 112:.././simpleserial/simpleserial.c **** 		if (buf[i] == FRAME_BYTE) {
 349              		.loc 1 112 6 is_stmt 0 view .LVU98
 350 0010 14F8015F 		ldrb	r5, [r4, #1]!	@ zero_extendqisi2
 351 0014 15B9     		cbnz	r5, .L29
 113:.././simpleserial/simpleserial.c **** 			last = i;
 352              		.loc 1 113 4 is_stmt 1 view .LVU99
 113:.././simpleserial/simpleserial.c **** 			last = i;
 353              		.loc 1 113 18 is_stmt 0 view .LVU100
 354 0016 9D1A     		subs	r5, r3, r2
 113:.././simpleserial/simpleserial.c **** 			last = i;
 355              		.loc 1 113 14 view .LVU101
 356 0018 8554     		strb	r5, [r0, r2]
 114:.././simpleserial/simpleserial.c **** 		}
 357              		.loc 1 114 4 is_stmt 1 view .LVU102
 358              	.LVL36:
 114:.././simpleserial/simpleserial.c **** 		}
 359              		.loc 1 114 9 is_stmt 0 view .LVU103
 360 001a 1A46     		mov	r2, r3
 361              	.LVL37:
 362              	.L29:
 111:.././simpleserial/simpleserial.c **** 		if (buf[i] == FRAME_BYTE) {
 363              		.loc 1 111 19 is_stmt 1 view .LVU104
 364 001c 0133     		adds	r3, r3, #1
 365              	.LVL38:
 111:.././simpleserial/simpleserial.c **** 		if (buf[i] == FRAME_BYTE) {
 366              		.loc 1 111 19 is_stmt 0 view .LVU105
 367 001e DBB2     		uxtb	r3, r3
 368              	.LVL39:
 111:.././simpleserial/simpleserial.c **** 		if (buf[i] == FRAME_BYTE) {
 369              		.loc 1 111 19 view .LVU106
 370 0020 F2E7     		b	.L28
 371              		.cfi_endproc
 372              	.LFE5:
 374              		.section	.text.unstuff_data,"ax",%progbits
 375              		.align	1
 376              		.global	unstuff_data
 377              		.syntax unified
 378              		.thumb
 379              		.thumb_func
 381              	unstuff_data:
 382              	.LVL40:
 383              	.LFB6:
 119:.././simpleserial/simpleserial.c **** 
 120:.././simpleserial/simpleserial.c **** uint8_t unstuff_data(uint8_t *buf, uint8_t len)
 121:.././simpleserial/simpleserial.c **** {
 384              		.loc 1 121 1 is_stmt 1 view -0
 385              		.cfi_startproc
 386              		@ args = 0, pretend = 0, frame = 0
 387              		@ frame_needed = 0, uses_anonymous_args = 0
 122:.././simpleserial/simpleserial.c **** 	uint8_t next = buf[0];
 388              		.loc 1 122 2 view .LVU108
 121:.././simpleserial/simpleserial.c **** 	uint8_t next = buf[0];
 389              		.loc 1 121 1 is_stmt 0 view .LVU109
 390 0000 30B5     		push	{r4, r5, lr}
 391              	.LCFI4:
 392              		.cfi_def_cfa_offset 12
 393              		.cfi_offset 4, -12
 394              		.cfi_offset 5, -8
 395              		.cfi_offset 14, -4
 396              		.loc 1 122 10 view .LVU110
 397 0002 0478     		ldrb	r4, [r0]	@ zero_extendqisi2
 398              	.LVL41:
 123:.././simpleserial/simpleserial.c **** 	buf[0] = 0x00;
 399              		.loc 1 123 2 is_stmt 1 view .LVU111
 400              		.loc 1 123 9 is_stmt 0 view .LVU112
 401 0004 0025     		movs	r5, #0
 121:.././simpleserial/simpleserial.c **** 	uint8_t next = buf[0];
 402              		.loc 1 121 1 view .LVU113
 403 0006 0246     		mov	r2, r0
 404              		.loc 1 123 9 view .LVU114
 405 0008 0570     		strb	r5, [r0]
 124:.././simpleserial/simpleserial.c **** 	//len -= 1;
 125:.././simpleserial/simpleserial.c **** 	uint8_t tmp = next;
 406              		.loc 1 125 2 is_stmt 1 view .LVU115
 407              	.LVL42:
 126:.././simpleserial/simpleserial.c **** 	while ((next < len) && tmp != 0) {
 408              		.loc 1 126 2 view .LVU116
 122:.././simpleserial/simpleserial.c **** 	buf[0] = 0x00;
 409              		.loc 1 122 10 is_stmt 0 view .LVU117
 410 000a 2046     		mov	r0, r4
 411              	.LVL43:
 412              	.L32:
 413              		.loc 1 126 22 is_stmt 1 view .LVU118
 414 000c 8842     		cmp	r0, r1
 415 000e 00D2     		bcs	.L36
 416              		.loc 1 126 22 is_stmt 0 discriminator 1 view .LVU119
 417 0010 04B9     		cbnz	r4, .L34
 418              	.L36:
 127:.././simpleserial/simpleserial.c **** 		tmp = buf[next];
 128:.././simpleserial/simpleserial.c **** 		buf[next] = FRAME_BYTE;
 129:.././simpleserial/simpleserial.c **** 		next += tmp;
 130:.././simpleserial/simpleserial.c **** 	}
 131:.././simpleserial/simpleserial.c **** 	return next;
 132:.././simpleserial/simpleserial.c **** }
 419              		.loc 1 132 1 view .LVU120
 420 0012 30BD     		pop	{r4, r5, pc}
 421              	.LVL44:
 422              	.L34:
 127:.././simpleserial/simpleserial.c **** 		tmp = buf[next];
 423              		.loc 1 127 3 is_stmt 1 view .LVU121
 127:.././simpleserial/simpleserial.c **** 		tmp = buf[next];
 424              		.loc 1 127 7 is_stmt 0 view .LVU122
 425 0014 145C     		ldrb	r4, [r2, r0]	@ zero_extendqisi2
 426              	.LVL45:
 128:.././simpleserial/simpleserial.c **** 		next += tmp;
 427              		.loc 1 128 3 is_stmt 1 view .LVU123
 128:.././simpleserial/simpleserial.c **** 		next += tmp;
 428              		.loc 1 128 13 is_stmt 0 view .LVU124
 429 0016 1554     		strb	r5, [r2, r0]
 129:.././simpleserial/simpleserial.c **** 	}
 430              		.loc 1 129 3 is_stmt 1 view .LVU125
 129:.././simpleserial/simpleserial.c **** 	}
 431              		.loc 1 129 8 is_stmt 0 view .LVU126
 432 0018 0319     		adds	r3, r0, r4
 433 001a D8B2     		uxtb	r0, r3
 434              	.LVL46:
 129:.././simpleserial/simpleserial.c **** 	}
 435              		.loc 1 129 8 view .LVU127
 436 001c F6E7     		b	.L32
 437              		.cfi_endproc
 438              	.LFE6:
 440              		.section	.text.simpleserial_addcmd,"ax",%progbits
 441              		.align	1
 442              		.global	simpleserial_addcmd
 443              		.syntax unified
 444              		.thumb
 445              		.thumb_func
 447              	simpleserial_addcmd:
 448              	.LVL47:
 449              	.LFB8:
 133:.././simpleserial/simpleserial.c **** 
 134:.././simpleserial/simpleserial.c **** // Set up the SimpleSerial module by preparing internal commands
 135:.././simpleserial/simpleserial.c **** // This just adds the "v" command for now...
 136:.././simpleserial/simpleserial.c **** void simpleserial_init()
 137:.././simpleserial/simpleserial.c **** {
 138:.././simpleserial/simpleserial.c **** 	simpleserial_addcmd('v', 0, check_version);
 139:.././simpleserial/simpleserial.c ****     simpleserial_addcmd('w', 0, ss_get_commands);
 140:.././simpleserial/simpleserial.c **** }
 141:.././simpleserial/simpleserial.c **** 
 142:.././simpleserial/simpleserial.c **** int simpleserial_addcmd(char c, unsigned int len, uint8_t (*fp)(uint8_t, uint8_t, uint8_t, uint8_t*
 143:.././simpleserial/simpleserial.c **** {
 450              		.loc 1 143 1 is_stmt 1 view -0
 451              		.cfi_startproc
 452              		@ args = 0, pretend = 0, frame = 0
 453              		@ frame_needed = 0, uses_anonymous_args = 0
 144:.././simpleserial/simpleserial.c **** 	if(num_commands >= MAX_SS_CMDS) {
 454              		.loc 1 144 2 view .LVU129
 143:.././simpleserial/simpleserial.c **** 	if(num_commands >= MAX_SS_CMDS) {
 455              		.loc 1 143 1 is_stmt 0 view .LVU130
 456 0000 38B5     		push	{r3, r4, r5, lr}
 457              	.LCFI5:
 458              		.cfi_def_cfa_offset 16
 459              		.cfi_offset 3, -16
 460              		.cfi_offset 4, -12
 461              		.cfi_offset 5, -8
 462              		.cfi_offset 14, -4
 463              		.loc 1 144 18 view .LVU131
 464 0002 0B4D     		ldr	r5, .L43
 465 0004 2B68     		ldr	r3, [r5]
 466              		.loc 1 144 4 view .LVU132
 467 0006 1F2B     		cmp	r3, #31
 468 0008 04DD     		ble	.L38
 145:.././simpleserial/simpleserial.c **** 		putch('a');
 469              		.loc 1 145 3 is_stmt 1 view .LVU133
 470 000a 6120     		movs	r0, #97
 471              	.LVL48:
 472              	.L42:
 146:.././simpleserial/simpleserial.c **** 		return 1;
 147:.././simpleserial/simpleserial.c **** 	}
 148:.././simpleserial/simpleserial.c **** 
 149:.././simpleserial/simpleserial.c **** 	if(len >= MAX_SS_LEN) {
 150:.././simpleserial/simpleserial.c **** 		putch('b');
 473              		.loc 1 150 3 is_stmt 0 view .LVU134
 474 000c FFF7FEFF 		bl	putch
 475              	.LVL49:
 151:.././simpleserial/simpleserial.c **** 		return 1;
 476              		.loc 1 151 3 is_stmt 1 view .LVU135
 146:.././simpleserial/simpleserial.c **** 		return 1;
 477              		.loc 1 146 10 is_stmt 0 view .LVU136
 478 0010 0120     		movs	r0, #1
 479              	.L37:
 152:.././simpleserial/simpleserial.c **** 	}
 153:.././simpleserial/simpleserial.c **** 
 154:.././simpleserial/simpleserial.c **** 	commands[num_commands].c   = c;
 155:.././simpleserial/simpleserial.c **** 	commands[num_commands].len = len;
 156:.././simpleserial/simpleserial.c **** 	commands[num_commands].fp  = fp;
 157:.././simpleserial/simpleserial.c **** 	num_commands++;
 158:.././simpleserial/simpleserial.c **** 
 159:.././simpleserial/simpleserial.c **** 	return 0;
 160:.././simpleserial/simpleserial.c **** }
 480              		.loc 1 160 1 view .LVU137
 481 0012 38BD     		pop	{r3, r4, r5, pc}
 482              	.LVL50:
 483              	.L38:
 149:.././simpleserial/simpleserial.c **** 		putch('b');
 484              		.loc 1 149 2 is_stmt 1 view .LVU138
 149:.././simpleserial/simpleserial.c **** 		putch('b');
 485              		.loc 1 149 4 is_stmt 0 view .LVU139
 486 0014 F829     		cmp	r1, #248
 487 0016 01D9     		bls	.L40
 150:.././simpleserial/simpleserial.c **** 		return 1;
 488              		.loc 1 150 3 is_stmt 1 view .LVU140
 489 0018 6220     		movs	r0, #98
 490              	.LVL51:
 150:.././simpleserial/simpleserial.c **** 		return 1;
 491              		.loc 1 150 3 is_stmt 0 view .LVU141
 492 001a F7E7     		b	.L42
 493              	.LVL52:
 494              	.L40:
 154:.././simpleserial/simpleserial.c **** 	commands[num_commands].len = len;
 495              		.loc 1 154 2 is_stmt 1 view .LVU142
 154:.././simpleserial/simpleserial.c **** 	commands[num_commands].len = len;
 496              		.loc 1 154 29 is_stmt 0 view .LVU143
 497 001c 0C24     		movs	r4, #12
 498 001e 04FB0354 		mla	r4, r4, r3, r5
 157:.././simpleserial/simpleserial.c **** 
 499              		.loc 1 157 14 view .LVU144
 500 0022 0133     		adds	r3, r3, #1
 154:.././simpleserial/simpleserial.c **** 	commands[num_commands].len = len;
 501              		.loc 1 154 29 view .LVU145
 502 0024 2071     		strb	r0, [r4, #4]
 155:.././simpleserial/simpleserial.c **** 	commands[num_commands].fp  = fp;
 503              		.loc 1 155 2 is_stmt 1 view .LVU146
 156:.././simpleserial/simpleserial.c **** 	num_commands++;
 504              		.loc 1 156 29 is_stmt 0 view .LVU147
 505 0026 C4E90212 		strd	r1, r2, [r4, #8]
 157:.././simpleserial/simpleserial.c **** 
 506              		.loc 1 157 2 is_stmt 1 view .LVU148
 157:.././simpleserial/simpleserial.c **** 
 507              		.loc 1 157 14 is_stmt 0 view .LVU149
 508 002a 2B60     		str	r3, [r5]
 159:.././simpleserial/simpleserial.c **** }
 509              		.loc 1 159 2 is_stmt 1 view .LVU150
 159:.././simpleserial/simpleserial.c **** }
 510              		.loc 1 159 9 is_stmt 0 view .LVU151
 511 002c 0020     		movs	r0, #0
 512              	.LVL53:
 159:.././simpleserial/simpleserial.c **** }
 513              		.loc 1 159 9 view .LVU152
 514 002e F0E7     		b	.L37
 515              	.L44:
 516              		.align	2
 517              	.L43:
 518 0030 00000000 		.word	.LANCHOR0
 519              		.cfi_endproc
 520              	.LFE8:
 522              		.section	.text.simpleserial_init,"ax",%progbits
 523              		.align	1
 524              		.global	simpleserial_init
 525              		.syntax unified
 526              		.thumb
 527              		.thumb_func
 529              	simpleserial_init:
 530              	.LFB7:
 137:.././simpleserial/simpleserial.c **** 	simpleserial_addcmd('v', 0, check_version);
 531              		.loc 1 137 1 is_stmt 1 view -0
 532              		.cfi_startproc
 533              		@ args = 0, pretend = 0, frame = 0
 534              		@ frame_needed = 0, uses_anonymous_args = 0
 138:.././simpleserial/simpleserial.c ****     simpleserial_addcmd('w', 0, ss_get_commands);
 535              		.loc 1 138 2 view .LVU154
 137:.././simpleserial/simpleserial.c **** 	simpleserial_addcmd('v', 0, check_version);
 536              		.loc 1 137 1 is_stmt 0 view .LVU155
 537 0000 08B5     		push	{r3, lr}
 538              	.LCFI6:
 539              		.cfi_def_cfa_offset 8
 540              		.cfi_offset 3, -8
 541              		.cfi_offset 14, -4
 138:.././simpleserial/simpleserial.c ****     simpleserial_addcmd('w', 0, ss_get_commands);
 542              		.loc 1 138 2 view .LVU156
 543 0002 064A     		ldr	r2, .L46
 544 0004 0021     		movs	r1, #0
 545 0006 7620     		movs	r0, #118
 546 0008 FFF7FEFF 		bl	simpleserial_addcmd
 547              	.LVL54:
 139:.././simpleserial/simpleserial.c **** }
 548              		.loc 1 139 5 is_stmt 1 view .LVU157
 140:.././simpleserial/simpleserial.c **** 
 549              		.loc 1 140 1 is_stmt 0 view .LVU158
 550 000c BDE80840 		pop	{r3, lr}
 551              	.LCFI7:
 552              		.cfi_restore 14
 553              		.cfi_restore 3
 554              		.cfi_def_cfa_offset 0
 139:.././simpleserial/simpleserial.c **** }
 555              		.loc 1 139 5 view .LVU159
 556 0010 034A     		ldr	r2, .L46+4
 557 0012 0021     		movs	r1, #0
 558 0014 7720     		movs	r0, #119
 559 0016 FFF7FEBF 		b	simpleserial_addcmd
 560              	.LVL55:
 561              	.L47:
 562 001a 00BF     		.align	2
 563              	.L46:
 564 001c 00000000 		.word	check_version
 565 0020 00000000 		.word	ss_get_commands
 566              		.cfi_endproc
 567              	.LFE7:
 569              		.section	.text.simpleserial_put,"ax",%progbits
 570              		.align	1
 571              		.global	simpleserial_put
 572              		.syntax unified
 573              		.thumb
 574              		.thumb_func
 576              	simpleserial_put:
 577              	.LVL56:
 578              	.LFB10:
 161:.././simpleserial/simpleserial.c **** 
 162:.././simpleserial/simpleserial.c **** void simpleserial_get(void)
 163:.././simpleserial/simpleserial.c **** {
 164:.././simpleserial/simpleserial.c **** 	uint8_t data_buf[MAX_SS_LEN];
 165:.././simpleserial/simpleserial.c **** 	uint8_t err = 0;
 166:.././simpleserial/simpleserial.c **** 
 167:.././simpleserial/simpleserial.c **** 	for (int i = 0; i < 4; i++) {
 168:.././simpleserial/simpleserial.c **** 		data_buf[i] = getch(); //PTR, cmd, scmd, len
 169:.././simpleserial/simpleserial.c **** 		if (data_buf[i] == FRAME_BYTE) {
 170:.././simpleserial/simpleserial.c **** 			err = SS_ERR_FRAME_BYTE;
 171:.././simpleserial/simpleserial.c **** 			goto ERROR;
 172:.././simpleserial/simpleserial.c **** 		}
 173:.././simpleserial/simpleserial.c **** 	}
 174:.././simpleserial/simpleserial.c **** 	uint8_t next_frame = unstuff_data(data_buf, 4);
 175:.././simpleserial/simpleserial.c **** 
 176:.././simpleserial/simpleserial.c **** 	// check for valid command
 177:.././simpleserial/simpleserial.c **** 	uint8_t c = 0;
 178:.././simpleserial/simpleserial.c **** 	for(c = 0; c < num_commands; c++)
 179:.././simpleserial/simpleserial.c **** 	{
 180:.././simpleserial/simpleserial.c **** 		if(commands[c].c == data_buf[1])
 181:.././simpleserial/simpleserial.c **** 			break;
 182:.././simpleserial/simpleserial.c **** 	}
 183:.././simpleserial/simpleserial.c **** 
 184:.././simpleserial/simpleserial.c **** 	if (c == num_commands) {
 185:.././simpleserial/simpleserial.c **** 		err = SS_ERR_CMD;
 186:.././simpleserial/simpleserial.c **** 		goto ERROR;
 187:.././simpleserial/simpleserial.c **** 	}
 188:.././simpleserial/simpleserial.c **** 
 189:.././simpleserial/simpleserial.c **** 	//check that next frame not beyond end of message
 190:.././simpleserial/simpleserial.c **** 	// account for cmd, scmd, len, data, crc, end of frame
 191:.././simpleserial/simpleserial.c **** 	if ((data_buf[3] + 5) < next_frame) {
 192:.././simpleserial/simpleserial.c **** 		err = SS_ERR_LEN;
 193:.././simpleserial/simpleserial.c **** 		goto ERROR;
 194:.././simpleserial/simpleserial.c **** 	}
 195:.././simpleserial/simpleserial.c **** 
 196:.././simpleserial/simpleserial.c **** 	// read in data
 197:.././simpleserial/simpleserial.c **** 	// eq to len + crc + frame end
 198:.././simpleserial/simpleserial.c **** 	int i = 4;
 199:.././simpleserial/simpleserial.c **** 	for (; i < data_buf[3] + 5; i++) {
 200:.././simpleserial/simpleserial.c **** 		data_buf[i] = getch();
 201:.././simpleserial/simpleserial.c **** 		if (data_buf[i] == FRAME_BYTE) {
 202:.././simpleserial/simpleserial.c **** 			err = SS_ERR_FRAME_BYTE;
 203:.././simpleserial/simpleserial.c **** 			goto ERROR;
 204:.././simpleserial/simpleserial.c **** 		}
 205:.././simpleserial/simpleserial.c **** 	}
 206:.././simpleserial/simpleserial.c **** 
 207:.././simpleserial/simpleserial.c **** 	//check that final byte is the FRAME_BYTE
 208:.././simpleserial/simpleserial.c **** 	data_buf[i] = getch();
 209:.././simpleserial/simpleserial.c **** 	if (data_buf[i] != FRAME_BYTE) {
 210:.././simpleserial/simpleserial.c **** 		err = SS_ERR_LEN;
 211:.././simpleserial/simpleserial.c **** 		goto ERROR;
 212:.././simpleserial/simpleserial.c **** 	}
 213:.././simpleserial/simpleserial.c **** 
 214:.././simpleserial/simpleserial.c **** 	//fully unstuff data now
 215:.././simpleserial/simpleserial.c **** 	unstuff_data(data_buf + next_frame, i - next_frame + 1);
 216:.././simpleserial/simpleserial.c **** 
 217:.././simpleserial/simpleserial.c **** 	//calc crc excluding original frame offset and frame end and crc
 218:.././simpleserial/simpleserial.c **** 	uint8_t crc = ss_crc(data_buf+1, i-2);
 219:.././simpleserial/simpleserial.c **** 	if (crc != data_buf[i-1]) {
 220:.././simpleserial/simpleserial.c **** 		err = SS_ERR_CRC;
 221:.././simpleserial/simpleserial.c **** 		goto ERROR;
 222:.././simpleserial/simpleserial.c **** 	}
 223:.././simpleserial/simpleserial.c **** 
 224:.././simpleserial/simpleserial.c **** 	err = commands[c].fp(data_buf[1], data_buf[2], data_buf[3], data_buf+4);
 225:.././simpleserial/simpleserial.c **** 
 226:.././simpleserial/simpleserial.c **** ERROR:
 227:.././simpleserial/simpleserial.c **** 	simpleserial_put('e', 0x01, &err);
 228:.././simpleserial/simpleserial.c **** 	return;
 229:.././simpleserial/simpleserial.c **** }
 230:.././simpleserial/simpleserial.c **** 
 231:.././simpleserial/simpleserial.c **** void simpleserial_put(char c, uint8_t size, uint8_t* output)
 232:.././simpleserial/simpleserial.c **** {
 579              		.loc 1 232 1 is_stmt 1 view -0
 580              		.cfi_startproc
 581              		@ args = 0, pretend = 0, frame = 256
 582              		@ frame_needed = 0, uses_anonymous_args = 0
 233:.././simpleserial/simpleserial.c ****     if (!output) return;
 583              		.loc 1 233 5 view .LVU161
 232:.././simpleserial/simpleserial.c ****     if (!output) return;
 584              		.loc 1 232 1 is_stmt 0 view .LVU162
 585 0000 70B5     		push	{r4, r5, r6, lr}
 586              	.LCFI8:
 587              		.cfi_def_cfa_offset 16
 588              		.cfi_offset 4, -16
 589              		.cfi_offset 5, -12
 590              		.cfi_offset 6, -8
 591              		.cfi_offset 14, -4
 592 0002 0C46     		mov	r4, r1
 593 0004 C0B0     		sub	sp, sp, #256
 594              	.LCFI9:
 595              		.cfi_def_cfa_offset 272
 596              		.loc 1 233 8 view .LVU163
 597 0006 1146     		mov	r1, r2
 598              	.LVL57:
 599              		.loc 1 233 8 view .LVU164
 600 0008 22B3     		cbz	r2, .L48
 234:.././simpleserial/simpleserial.c **** 	uint8_t data_buf[MAX_SS_LEN+5];
 601              		.loc 1 234 2 is_stmt 1 view .LVU165
 235:.././simpleserial/simpleserial.c **** 	data_buf[0] = 0x00;
 602              		.loc 1 235 2 view .LVU166
 236:.././simpleserial/simpleserial.c **** 	data_buf[1] = c;
 237:.././simpleserial/simpleserial.c **** 	data_buf[2] = size;
 238:.././simpleserial/simpleserial.c **** 	int i = 0;
 239:.././simpleserial/simpleserial.c **** 	for (; i < size; i++) {
 240:.././simpleserial/simpleserial.c **** 		data_buf[i + 3] = output[i];
 603              		.loc 1 240 19 is_stmt 0 view .LVU167
 604 000a 2246     		mov	r2, r4
 605              	.LVL58:
 235:.././simpleserial/simpleserial.c **** 	data_buf[0] = 0x00;
 606              		.loc 1 235 14 view .LVU168
 607 000c 0025     		movs	r5, #0
 236:.././simpleserial/simpleserial.c **** 	data_buf[1] = c;
 608              		.loc 1 236 14 view .LVU169
 609 000e 8DF80100 		strb	r0, [sp, #1]
 610              		.loc 1 240 19 view .LVU170
 611 0012 0DF10300 		add	r0, sp, #3
 612              	.LVL59:
 237:.././simpleserial/simpleserial.c **** 	int i = 0;
 613              		.loc 1 237 14 view .LVU171
 614 0016 8DF80240 		strb	r4, [sp, #2]
 235:.././simpleserial/simpleserial.c **** 	data_buf[0] = 0x00;
 615              		.loc 1 235 14 view .LVU172
 616 001a 8DF80050 		strb	r5, [sp]
 236:.././simpleserial/simpleserial.c **** 	data_buf[1] = c;
 617              		.loc 1 236 2 is_stmt 1 view .LVU173
 237:.././simpleserial/simpleserial.c **** 	int i = 0;
 618              		.loc 1 237 2 view .LVU174
 238:.././simpleserial/simpleserial.c **** 	for (; i < size; i++) {
 619              		.loc 1 238 2 view .LVU175
 620              	.LVL60:
 239:.././simpleserial/simpleserial.c **** 		data_buf[i + 3] = output[i];
 621              		.loc 1 239 2 view .LVU176
 622              		.loc 1 240 19 is_stmt 0 view .LVU177
 623 001e FFF7FEFF 		bl	memcpy
 624              	.LVL61:
 241:.././simpleserial/simpleserial.c **** 	}
 242:.././simpleserial/simpleserial.c **** 	data_buf[i + 3] = ss_crc(data_buf+1, size+2);
 625              		.loc 1 242 2 is_stmt 1 view .LVU178
 626              		.loc 1 242 20 is_stmt 0 view .LVU179
 627 0022 A11C     		adds	r1, r4, #2
 628 0024 C9B2     		uxtb	r1, r1
 629 0026 0DF10100 		add	r0, sp, #1
 630 002a FFF7FEFF 		bl	ss_crc
 631              	.LVL62:
 632              		.loc 1 242 18 discriminator 1 view .LVU180
 633 002e 0DEB0403 		add	r3, sp, r4
 243:.././simpleserial/simpleserial.c **** 	data_buf[i + 4] = 0x00;
 634              		.loc 1 243 13 view .LVU181
 635 0032 261D     		adds	r6, r4, #4
 244:.././simpleserial/simpleserial.c **** 	stuff_data(data_buf, i + 5);
 636              		.loc 1 244 2 view .LVU182
 637 0034 611D     		adds	r1, r4, #5
 242:.././simpleserial/simpleserial.c **** 	data_buf[i + 4] = 0x00;
 638              		.loc 1 242 18 discriminator 1 view .LVU183
 639 0036 D870     		strb	r0, [r3, #3]
 243:.././simpleserial/simpleserial.c **** 	data_buf[i + 4] = 0x00;
 640              		.loc 1 243 2 is_stmt 1 view .LVU184
 641              		.loc 1 244 2 is_stmt 0 view .LVU185
 642 0038 C9B2     		uxtb	r1, r1
 643 003a 6846     		mov	r0, sp
 243:.././simpleserial/simpleserial.c **** 	data_buf[i + 4] = 0x00;
 644              		.loc 1 243 18 view .LVU186
 645 003c 0DF80650 		strb	r5, [sp, r6]
 646              		.loc 1 244 2 is_stmt 1 view .LVU187
 647 0040 FFF7FEFF 		bl	stuff_data
 648              	.LVL63:
 245:.././simpleserial/simpleserial.c **** 	for (int i = 0; i < size + 5; i++) {
 649              		.loc 1 245 2 view .LVU188
 650              	.LBB10:
 651              		.loc 1 245 7 view .LVU189
 652              		.loc 1 245 20 discriminator 1 view .LVU190
 653 0044 6C46     		mov	r4, sp
 654              	.LVL64:
 655              	.L50:
 246:.././simpleserial/simpleserial.c **** 		putch(data_buf[i]);
 656              		.loc 1 246 3 view .LVU191
 657 0046 14F8010B 		ldrb	r0, [r4], #1	@ zero_extendqisi2
 245:.././simpleserial/simpleserial.c **** 	for (int i = 0; i < size + 5; i++) {
 658              		.loc 1 245 33 is_stmt 0 discriminator 3 view .LVU192
 659 004a 0135     		adds	r5, r5, #1
 660              	.LVL65:
 661              		.loc 1 246 3 view .LVU193
 662 004c FFF7FEFF 		bl	putch
 663              	.LVL66:
 245:.././simpleserial/simpleserial.c **** 	for (int i = 0; i < size + 5; i++) {
 664              		.loc 1 245 33 is_stmt 1 discriminator 3 view .LVU194
 245:.././simpleserial/simpleserial.c **** 	for (int i = 0; i < size + 5; i++) {
 665              		.loc 1 245 20 discriminator 1 view .LVU195
 666 0050 AE42     		cmp	r6, r5
 667 0052 F8DA     		bge	.L50
 668              	.LVL67:
 669              	.L48:
 245:.././simpleserial/simpleserial.c **** 	for (int i = 0; i < size + 5; i++) {
 670              		.loc 1 245 20 is_stmt 0 discriminator 1 view .LVU196
 671              	.LBE10:
 247:.././simpleserial/simpleserial.c **** 	}
 248:.././simpleserial/simpleserial.c **** }
 672              		.loc 1 248 1 view .LVU197
 673 0054 40B0     		add	sp, sp, #256
 674              	.LCFI10:
 675              		.cfi_def_cfa_offset 16
 676              		@ sp needed
 677 0056 70BD     		pop	{r4, r5, r6, pc}
 678              		.cfi_endproc
 679              	.LFE10:
 681              		.section	.text.check_version,"ax",%progbits
 682              		.align	1
 683              		.global	check_version
 684              		.syntax unified
 685              		.thumb
 686              		.thumb_func
 688              	check_version:
 689              	.LVL68:
 690              	.LFB3:
  89:.././simpleserial/simpleserial.c **** 	uint8_t ver = SS_VER;
 691              		.loc 1 89 1 is_stmt 1 view -0
 692              		.cfi_startproc
 693              		@ args = 0, pretend = 0, frame = 8
 694              		@ frame_needed = 0, uses_anonymous_args = 0
  90:.././simpleserial/simpleserial.c **** 	simpleserial_put('r', 1, &ver);
 695              		.loc 1 90 2 view .LVU199
  89:.././simpleserial/simpleserial.c **** 	uint8_t ver = SS_VER;
 696              		.loc 1 89 1 is_stmt 0 view .LVU200
 697 0000 07B5     		push	{r0, r1, r2, lr}
 698              	.LCFI11:
 699              		.cfi_def_cfa_offset 16
 700              		.cfi_offset 14, -4
  90:.././simpleserial/simpleserial.c **** 	simpleserial_put('r', 1, &ver);
 701              		.loc 1 90 10 view .LVU201
 702 0002 0323     		movs	r3, #3
 703              	.LVL69:
  91:.././simpleserial/simpleserial.c **** 	return SS_ERR_OK;
 704              		.loc 1 91 2 view .LVU202
 705 0004 0DF10702 		add	r2, sp, #7
 706              	.LVL70:
  91:.././simpleserial/simpleserial.c **** 	return SS_ERR_OK;
 707              		.loc 1 91 2 view .LVU203
 708 0008 0121     		movs	r1, #1
 709              	.LVL71:
  91:.././simpleserial/simpleserial.c **** 	return SS_ERR_OK;
 710              		.loc 1 91 2 view .LVU204
 711 000a 7220     		movs	r0, #114
 712              	.LVL72:
  90:.././simpleserial/simpleserial.c **** 	simpleserial_put('r', 1, &ver);
 713              		.loc 1 90 10 view .LVU205
 714 000c 8DF80730 		strb	r3, [sp, #7]
  91:.././simpleserial/simpleserial.c **** 	return SS_ERR_OK;
 715              		.loc 1 91 2 is_stmt 1 view .LVU206
 716 0010 FFF7FEFF 		bl	simpleserial_put
 717              	.LVL73:
  92:.././simpleserial/simpleserial.c **** }
 718              		.loc 1 92 2 view .LVU207
  93:.././simpleserial/simpleserial.c **** 
 719              		.loc 1 93 1 is_stmt 0 view .LVU208
 720 0014 0020     		movs	r0, #0
 721 0016 03B0     		add	sp, sp, #12
 722              	.LCFI12:
 723              		.cfi_def_cfa_offset 4
 724              		@ sp needed
 725 0018 5DF804FB 		ldr	pc, [sp], #4
 726              		.cfi_endproc
 727              	.LFE3:
 729              		.section	.text.ss_get_commands,"ax",%progbits
 730              		.align	1
 731              		.global	ss_get_commands
 732              		.syntax unified
 733              		.thumb
 734              		.thumb_func
 736              	ss_get_commands:
 737              	.LVL74:
 738              	.LFB4:
  96:.././simpleserial/simpleserial.c ****     uint8_t cmd_chars[MAX_SS_CMDS];
 739              		.loc 1 96 1 is_stmt 1 view -0
 740              		.cfi_startproc
 741              		@ args = 0, pretend = 0, frame = 32
 742              		@ frame_needed = 0, uses_anonymous_args = 0
  97:.././simpleserial/simpleserial.c ****     for (uint8_t i = 0; i < (num_commands & 0xFF); i++) {
 743              		.loc 1 97 5 view .LVU210
  98:.././simpleserial/simpleserial.c ****         cmd_chars[i] = commands[i].c;
 744              		.loc 1 98 5 view .LVU211
 745              	.LBB11:
  98:.././simpleserial/simpleserial.c ****         cmd_chars[i] = commands[i].c;
 746              		.loc 1 98 10 view .LVU212
  98:.././simpleserial/simpleserial.c ****         cmd_chars[i] = commands[i].c;
 747              		.loc 1 98 10 is_stmt 0 view .LVU213
 748              	.LBE11:
  96:.././simpleserial/simpleserial.c ****     uint8_t cmd_chars[MAX_SS_CMDS];
 749              		.loc 1 96 1 view .LVU214
 750 0000 30B5     		push	{r4, r5, lr}
 751              	.LCFI13:
 752              		.cfi_def_cfa_offset 12
 753              		.cfi_offset 4, -12
 754              		.cfi_offset 5, -8
 755              		.cfi_offset 14, -4
 756              	.LBB12:
  98:.././simpleserial/simpleserial.c ****         cmd_chars[i] = commands[i].c;
 757              		.loc 1 98 43 discriminator 1 view .LVU215
 758 0002 0D48     		ldr	r0, .L57
 759              	.LVL75:
  98:.././simpleserial/simpleserial.c ****         cmd_chars[i] = commands[i].c;
 760              		.loc 1 98 43 discriminator 1 view .LVU216
 761 0004 0178     		ldrb	r1, [r0]	@ zero_extendqisi2
 762              	.LVL76:
  98:.././simpleserial/simpleserial.c ****         cmd_chars[i] = commands[i].c;
 763              		.loc 1 98 43 discriminator 1 view .LVU217
 764              	.LBE12:
  96:.././simpleserial/simpleserial.c ****     uint8_t cmd_chars[MAX_SS_CMDS];
 765              		.loc 1 96 1 view .LVU218
 766 0006 89B0     		sub	sp, sp, #36
 767              	.LCFI14:
 768              		.cfi_def_cfa_offset 48
 769              	.LBB13:
  98:.././simpleserial/simpleserial.c ****         cmd_chars[i] = commands[i].c;
 770              		.loc 1 98 5 view .LVU219
 771 0008 0022     		movs	r2, #0
 772              	.LVL77:
  99:.././simpleserial/simpleserial.c ****     }
 773              		.loc 1 99 35 view .LVU220
 774 000a 0C24     		movs	r4, #12
 775              	.LVL78:
 776              	.L55:
  98:.././simpleserial/simpleserial.c ****         cmd_chars[i] = commands[i].c;
 777              		.loc 1 98 27 is_stmt 1 discriminator 1 view .LVU221
 778 000c D3B2     		uxtb	r3, r2
 779 000e 8B42     		cmp	r3, r1
 780 0010 02F10102 		add	r2, r2, #1
 781              	.LVL79:
  98:.././simpleserial/simpleserial.c ****         cmd_chars[i] = commands[i].c;
 782              		.loc 1 98 27 is_stmt 0 discriminator 1 view .LVU222
 783 0014 06DB     		blt	.L56
 784              	.LBE13:
 102:.././simpleserial/simpleserial.c ****     return 0x00;
 785              		.loc 1 102 5 is_stmt 1 view .LVU223
 786 0016 6A46     		mov	r2, sp
 787              	.LVL80:
 102:.././simpleserial/simpleserial.c ****     return 0x00;
 788              		.loc 1 102 5 is_stmt 0 view .LVU224
 789 0018 7220     		movs	r0, #114
 790 001a FFF7FEFF 		bl	simpleserial_put
 791              	.LVL81:
 103:.././simpleserial/simpleserial.c **** 
 792              		.loc 1 103 5 is_stmt 1 view .LVU225
 105:.././simpleserial/simpleserial.c **** 
 793              		.loc 1 105 1 is_stmt 0 view .LVU226
 794 001e 0020     		movs	r0, #0
 795 0020 09B0     		add	sp, sp, #36
 796              	.LCFI15:
 797              		.cfi_remember_state
 798              		.cfi_def_cfa_offset 12
 799              		@ sp needed
 800 0022 30BD     		pop	{r4, r5, pc}
 801              	.LVL82:
 802              	.L56:
 803              	.LCFI16:
 804              		.cfi_restore_state
 805              	.LBB14:
  99:.././simpleserial/simpleserial.c ****     }
 806              		.loc 1 99 9 is_stmt 1 view .LVU227
  99:.././simpleserial/simpleserial.c ****     }
 807              		.loc 1 99 22 is_stmt 0 view .LVU228
 808 0024 03F12005 		add	r5, r3, #32
  99:.././simpleserial/simpleserial.c ****     }
 809              		.loc 1 99 35 view .LVU229
 810 0028 04FB0303 		mla	r3, r4, r3, r0
  99:.././simpleserial/simpleserial.c ****     }
 811              		.loc 1 99 22 view .LVU230
 812 002c 6D44     		add	r5, sp, r5
 813 002e 1B79     		ldrb	r3, [r3, #4]	@ zero_extendqisi2
 814 0030 05F8203C 		strb	r3, [r5, #-32]
  98:.././simpleserial/simpleserial.c ****         cmd_chars[i] = commands[i].c;
 815              		.loc 1 98 53 is_stmt 1 discriminator 3 view .LVU231
 816              	.LVL83:
  98:.././simpleserial/simpleserial.c ****         cmd_chars[i] = commands[i].c;
 817              		.loc 1 98 53 is_stmt 0 discriminator 3 view .LVU232
 818 0034 EAE7     		b	.L55
 819              	.L58:
 820 0036 00BF     		.align	2
 821              	.L57:
 822 0038 00000000 		.word	.LANCHOR0
 823              	.LBE14:
 824              		.cfi_endproc
 825              	.LFE4:
 827              		.section	.text.simpleserial_get,"ax",%progbits
 828              		.align	1
 829              		.global	simpleserial_get
 830              		.syntax unified
 831              		.thumb
 832              		.thumb_func
 834              	simpleserial_get:
 835              	.LFB9:
 163:.././simpleserial/simpleserial.c **** 	uint8_t data_buf[MAX_SS_LEN];
 836              		.loc 1 163 1 is_stmt 1 view -0
 837              		.cfi_startproc
 838              		@ args = 0, pretend = 0, frame = 256
 839              		@ frame_needed = 0, uses_anonymous_args = 0
 164:.././simpleserial/simpleserial.c **** 	uint8_t err = 0;
 840              		.loc 1 164 2 view .LVU234
 165:.././simpleserial/simpleserial.c **** 
 841              		.loc 1 165 2 view .LVU235
 163:.././simpleserial/simpleserial.c **** 	uint8_t data_buf[MAX_SS_LEN];
 842              		.loc 1 163 1 is_stmt 0 view .LVU236
 843 0000 2DE9F047 		push	{r4, r5, r6, r7, r8, r9, r10, lr}
 844              	.LCFI17:
 845              		.cfi_def_cfa_offset 32
 846              		.cfi_offset 4, -32
 847              		.cfi_offset 5, -28
 848              		.cfi_offset 6, -24
 849              		.cfi_offset 7, -20
 850              		.cfi_offset 8, -16
 851              		.cfi_offset 9, -12
 852              		.cfi_offset 10, -8
 853              		.cfi_offset 14, -4
 854 0004 C0B0     		sub	sp, sp, #256
 855              	.LCFI18:
 856              		.cfi_def_cfa_offset 288
 165:.././simpleserial/simpleserial.c **** 
 857              		.loc 1 165 10 view .LVU237
 858 0006 0024     		movs	r4, #0
 859 0008 01AD     		add	r5, sp, #4
 860 000a 8DF80340 		strb	r4, [sp, #3]
 167:.././simpleserial/simpleserial.c **** 		data_buf[i] = getch(); //PTR, cmd, scmd, len
 861              		.loc 1 167 2 is_stmt 1 view .LVU238
 862              	.LBB15:
 167:.././simpleserial/simpleserial.c **** 		data_buf[i] = getch(); //PTR, cmd, scmd, len
 863              		.loc 1 167 7 view .LVU239
 864              	.LVL84:
 167:.././simpleserial/simpleserial.c **** 		data_buf[i] = getch(); //PTR, cmd, scmd, len
 865              		.loc 1 167 20 discriminator 1 view .LVU240
 866 000e A946     		mov	r9, r5
 867              	.LVL85:
 868              	.L62:
 168:.././simpleserial/simpleserial.c **** 		if (data_buf[i] == FRAME_BYTE) {
 869              		.loc 1 168 3 view .LVU241
 168:.././simpleserial/simpleserial.c **** 		if (data_buf[i] == FRAME_BYTE) {
 870              		.loc 1 168 17 is_stmt 0 view .LVU242
 871 0010 FFF7FEFF 		bl	getch
 872              	.LVL86:
 168:.././simpleserial/simpleserial.c **** 		if (data_buf[i] == FRAME_BYTE) {
 873              		.loc 1 168 15 discriminator 1 view .LVU243
 874 0014 05F8010B 		strb	r0, [r5], #1
 169:.././simpleserial/simpleserial.c **** 			err = SS_ERR_FRAME_BYTE;
 875              		.loc 1 169 3 is_stmt 1 view .LVU244
 169:.././simpleserial/simpleserial.c **** 			err = SS_ERR_FRAME_BYTE;
 876              		.loc 1 169 6 is_stmt 0 view .LVU245
 877 0018 58B9     		cbnz	r0, .L60
 878              	.LVL87:
 879              	.L67:
 170:.././simpleserial/simpleserial.c **** 			goto ERROR;
 880              		.loc 1 170 4 is_stmt 1 view .LVU246
 171:.././simpleserial/simpleserial.c **** 		}
 881              		.loc 1 171 4 view .LVU247
 882 001a 0520     		movs	r0, #5
 883              	.L61:
 170:.././simpleserial/simpleserial.c **** 			goto ERROR;
 884              		.loc 1 170 8 is_stmt 0 view .LVU248
 885 001c 8DF80300 		strb	r0, [sp, #3]
 886              	.LBE15:
 227:.././simpleserial/simpleserial.c **** 	return;
 887              		.loc 1 227 2 is_stmt 1 view .LVU249
 888 0020 0DF10302 		add	r2, sp, #3
 889 0024 0121     		movs	r1, #1
 890 0026 6520     		movs	r0, #101
 891 0028 FFF7FEFF 		bl	simpleserial_put
 892              	.LVL88:
 228:.././simpleserial/simpleserial.c **** }
 893              		.loc 1 228 2 view .LVU250
 229:.././simpleserial/simpleserial.c **** 
 894              		.loc 1 229 1 is_stmt 0 view .LVU251
 895 002c 40B0     		add	sp, sp, #256
 896              	.LCFI19:
 897              		.cfi_remember_state
 898              		.cfi_def_cfa_offset 32
 899              		@ sp needed
 900 002e BDE8F087 		pop	{r4, r5, r6, r7, r8, r9, r10, pc}
 901              	.LVL89:
 902              	.L60:
 903              	.LCFI20:
 904              		.cfi_restore_state
 905              	.LBB16:
 167:.././simpleserial/simpleserial.c **** 		data_buf[i] = getch(); //PTR, cmd, scmd, len
 906              		.loc 1 167 26 is_stmt 1 discriminator 2 view .LVU252
 907 0032 0134     		adds	r4, r4, #1
 908              	.LVL90:
 167:.././simpleserial/simpleserial.c **** 		data_buf[i] = getch(); //PTR, cmd, scmd, len
 909              		.loc 1 167 20 discriminator 1 view .LVU253
 910 0034 042C     		cmp	r4, #4
 911 0036 EBD1     		bne	.L62
 912              	.LBE16:
 174:.././simpleserial/simpleserial.c **** 
 913              		.loc 1 174 2 view .LVU254
 174:.././simpleserial/simpleserial.c **** 
 914              		.loc 1 174 23 is_stmt 0 view .LVU255
 915 0038 2146     		mov	r1, r4
 916 003a 4846     		mov	r0, r9
 917 003c FFF7FEFF 		bl	unstuff_data
 918              	.LVL91:
 178:.././simpleserial/simpleserial.c **** 	{
 919              		.loc 1 178 15 discriminator 1 view .LVU256
 920 0040 2C4E     		ldr	r6, .L77
 180:.././simpleserial/simpleserial.c **** 			break;
 921              		.loc 1 180 31 view .LVU257
 922 0042 9DF80510 		ldrb	r1, [sp, #5]	@ zero_extendqisi2
 178:.././simpleserial/simpleserial.c **** 	{
 923              		.loc 1 178 15 discriminator 1 view .LVU258
 924 0046 3268     		ldr	r2, [r6]
 174:.././simpleserial/simpleserial.c **** 
 925              		.loc 1 174 23 view .LVU259
 926 0048 0746     		mov	r7, r0
 927              	.LVL92:
 177:.././simpleserial/simpleserial.c **** 	for(c = 0; c < num_commands; c++)
 928              		.loc 1 177 2 is_stmt 1 view .LVU260
 178:.././simpleserial/simpleserial.c **** 	{
 929              		.loc 1 178 2 view .LVU261
 178:.././simpleserial/simpleserial.c **** 	{
 930              		.loc 1 178 2 is_stmt 0 view .LVU262
 931 004a 0023     		movs	r3, #0
 180:.././simpleserial/simpleserial.c **** 			break;
 932              		.loc 1 180 17 view .LVU263
 933 004c 0C20     		movs	r0, #12
 934              	.LVL93:
 935              	.L63:
 178:.././simpleserial/simpleserial.c **** 	{
 936              		.loc 1 178 15 is_stmt 1 discriminator 1 view .LVU264
 937 004e 5FFA83F8 		uxtb	r8, r3
 938 0052 9045     		cmp	r8, r2
 939 0054 02DB     		blt	.L65
 184:.././simpleserial/simpleserial.c **** 		err = SS_ERR_CMD;
 940              		.loc 1 184 2 view .LVU265
 184:.././simpleserial/simpleserial.c **** 		err = SS_ERR_CMD;
 941              		.loc 1 184 5 is_stmt 0 view .LVU266
 942 0056 07D1     		bne	.L64
 943 0058 0120     		movs	r0, #1
 944 005a DFE7     		b	.L61
 945              	.L65:
 180:.././simpleserial/simpleserial.c **** 			break;
 946              		.loc 1 180 3 is_stmt 1 view .LVU267
 180:.././simpleserial/simpleserial.c **** 			break;
 947              		.loc 1 180 17 is_stmt 0 view .LVU268
 948 005c 00FB0865 		mla	r5, r0, r8, r6
 180:.././simpleserial/simpleserial.c **** 			break;
 949              		.loc 1 180 5 view .LVU269
 950 0060 0133     		adds	r3, r3, #1
 951              	.LVL94:
 180:.././simpleserial/simpleserial.c **** 			break;
 952              		.loc 1 180 5 view .LVU270
 953 0062 2D79     		ldrb	r5, [r5, #4]	@ zero_extendqisi2
 954 0064 8D42     		cmp	r5, r1
 955 0066 F2D1     		bne	.L63
 956              	.L64:
 191:.././simpleserial/simpleserial.c **** 		err = SS_ERR_LEN;
 957              		.loc 1 191 2 is_stmt 1 view .LVU271
 191:.././simpleserial/simpleserial.c **** 		err = SS_ERR_LEN;
 958              		.loc 1 191 15 is_stmt 0 view .LVU272
 959 0068 9DF80730 		ldrb	r3, [sp, #7]	@ zero_extendqisi2
 191:.././simpleserial/simpleserial.c **** 		err = SS_ERR_LEN;
 960              		.loc 1 191 19 view .LVU273
 961 006c 0533     		adds	r3, r3, #5
 191:.././simpleserial/simpleserial.c **** 		err = SS_ERR_LEN;
 962              		.loc 1 191 5 view .LVU274
 963 006e BB42     		cmp	r3, r7
 964 0070 02DA     		bge	.L66
 965              	.LVL95:
 966              	.L68:
 192:.././simpleserial/simpleserial.c **** 		goto ERROR;
 967              		.loc 1 192 3 is_stmt 1 view .LVU275
 193:.././simpleserial/simpleserial.c **** 	}
 968              		.loc 1 193 3 view .LVU276
 969 0072 0420     		movs	r0, #4
 970 0074 D2E7     		b	.L61
 971              	.LVL96:
 972              	.L70:
 193:.././simpleserial/simpleserial.c **** 	}
 973              		.loc 1 193 3 is_stmt 0 view .LVU277
 974 0076 2C46     		mov	r4, r5
 975              	.LVL97:
 976              	.L66:
 200:.././simpleserial/simpleserial.c **** 		if (data_buf[i] == FRAME_BYTE) {
 977              		.loc 1 200 3 is_stmt 1 view .LVU278
 200:.././simpleserial/simpleserial.c **** 		if (data_buf[i] == FRAME_BYTE) {
 978              		.loc 1 200 17 is_stmt 0 view .LVU279
 979 0078 FFF7FEFF 		bl	getch
 980              	.LVL98:
 200:.././simpleserial/simpleserial.c **** 		if (data_buf[i] == FRAME_BYTE) {
 981              		.loc 1 200 15 discriminator 1 view .LVU280
 982 007c 09F80400 		strb	r0, [r9, r4]
 201:.././simpleserial/simpleserial.c **** 			err = SS_ERR_FRAME_BYTE;
 983              		.loc 1 201 3 is_stmt 1 view .LVU281
 201:.././simpleserial/simpleserial.c **** 			err = SS_ERR_FRAME_BYTE;
 984              		.loc 1 201 6 is_stmt 0 view .LVU282
 985 0080 0028     		cmp	r0, #0
 986 0082 CAD0     		beq	.L67
 199:.././simpleserial/simpleserial.c **** 		data_buf[i] = getch();
 987              		.loc 1 199 31 is_stmt 1 view .LVU283
 199:.././simpleserial/simpleserial.c **** 		data_buf[i] = getch();
 988              		.loc 1 199 21 is_stmt 0 discriminator 1 view .LVU284
 989 0084 9DF80730 		ldrb	r3, [sp, #7]	@ zero_extendqisi2
 199:.././simpleserial/simpleserial.c **** 		data_buf[i] = getch();
 990              		.loc 1 199 31 view .LVU285
 991 0088 651C     		adds	r5, r4, #1
 992              	.LVL99:
 199:.././simpleserial/simpleserial.c **** 		data_buf[i] = getch();
 993              		.loc 1 199 11 is_stmt 1 discriminator 1 view .LVU286
 994 008a 0433     		adds	r3, r3, #4
 995 008c AB42     		cmp	r3, r5
 996 008e F2DA     		bge	.L70
 208:.././simpleserial/simpleserial.c **** 	if (data_buf[i] != FRAME_BYTE) {
 997              		.loc 1 208 2 view .LVU287
 208:.././simpleserial/simpleserial.c **** 	if (data_buf[i] != FRAME_BYTE) {
 998              		.loc 1 208 16 is_stmt 0 view .LVU288
 999 0090 FFF7FEFF 		bl	getch
 1000              	.LVL100:
 208:.././simpleserial/simpleserial.c **** 	if (data_buf[i] != FRAME_BYTE) {
 1001              		.loc 1 208 14 discriminator 1 view .LVU289
 1002 0094 05F58073 		add	r3, r5, #256
 1003 0098 6B44     		add	r3, sp, r3
 1004 009a 03F8FC0C 		strb	r0, [r3, #-252]
 209:.././simpleserial/simpleserial.c **** 		err = SS_ERR_LEN;
 1005              		.loc 1 209 2 is_stmt 1 view .LVU290
 209:.././simpleserial/simpleserial.c **** 		err = SS_ERR_LEN;
 1006              		.loc 1 209 5 is_stmt 0 view .LVU291
 1007 009e 0028     		cmp	r0, #0
 1008 00a0 E7D1     		bne	.L68
 215:.././simpleserial/simpleserial.c **** 
 1009              		.loc 1 215 2 is_stmt 1 view .LVU292
 1010 00a2 C7F10103 		rsb	r3, r7, #1
 1011 00a6 53FA85F1 		uxtab	r1, r3, r5
 1012 00aa C9B2     		uxtb	r1, r1
 215:.././simpleserial/simpleserial.c **** 
 1013              		.loc 1 215 40 is_stmt 0 view .LVU293
 1014 00ac 5FFA85FA 		uxtb	r10, r5
 215:.././simpleserial/simpleserial.c **** 
 1015              		.loc 1 215 2 view .LVU294
 1016 00b0 09EB0700 		add	r0, r9, r7
 1017 00b4 FFF7FEFF 		bl	unstuff_data
 1018              	.LVL101:
 218:.././simpleserial/simpleserial.c **** 	if (crc != data_buf[i-1]) {
 1019              		.loc 1 218 2 is_stmt 1 view .LVU295
 218:.././simpleserial/simpleserial.c **** 	if (crc != data_buf[i-1]) {
 1020              		.loc 1 218 16 is_stmt 0 view .LVU296
 1021 00b8 AAF10201 		sub	r1, r10, #2
 1022 00bc C9B2     		uxtb	r1, r1
 1023 00be 0DF10500 		add	r0, sp, #5
 1024 00c2 FFF7FEFF 		bl	ss_crc
 1025              	.LVL102:
 219:.././simpleserial/simpleserial.c **** 		err = SS_ERR_CRC;
 1026              		.loc 1 219 2 is_stmt 1 view .LVU297
 219:.././simpleserial/simpleserial.c **** 		err = SS_ERR_CRC;
 1027              		.loc 1 219 21 is_stmt 0 view .LVU298
 1028 00c6 04F58073 		add	r3, r4, #256
 1029 00ca 0DEB0304 		add	r4, sp, r3
 219:.././simpleserial/simpleserial.c **** 		err = SS_ERR_CRC;
 1030              		.loc 1 219 5 view .LVU299
 1031 00ce 14F8FC3C 		ldrb	r3, [r4, #-252]	@ zero_extendqisi2
 1032 00d2 8342     		cmp	r3, r0
 1033 00d4 0CD1     		bne	.L71
 224:.././simpleserial/simpleserial.c **** 
 1034              		.loc 1 224 2 is_stmt 1 view .LVU300
 224:.././simpleserial/simpleserial.c **** 
 1035              		.loc 1 224 19 is_stmt 0 view .LVU301
 1036 00d6 0C23     		movs	r3, #12
 1037 00d8 03FB0866 		mla	r6, r3, r8, r6
 224:.././simpleserial/simpleserial.c **** 
 1038              		.loc 1 224 8 view .LVU302
 1039 00dc 9DF80720 		ldrb	r2, [sp, #7]	@ zero_extendqisi2
 1040 00e0 F468     		ldr	r4, [r6, #12]
 1041 00e2 9DF80610 		ldrb	r1, [sp, #6]	@ zero_extendqisi2
 1042 00e6 9DF80500 		ldrb	r0, [sp, #5]	@ zero_extendqisi2
 1043              	.LVL103:
 224:.././simpleserial/simpleserial.c **** 
 1044              		.loc 1 224 8 view .LVU303
 1045 00ea 02AB     		add	r3, sp, #8
 1046 00ec A047     		blx	r4
 1047              	.LVL104:
 1048 00ee 95E7     		b	.L61
 1049              	.LVL105:
 1050              	.L71:
 224:.././simpleserial/simpleserial.c **** 
 1051              		.loc 1 224 8 view .LVU304
 1052 00f0 0220     		movs	r0, #2
 1053              	.LVL106:
 224:.././simpleserial/simpleserial.c **** 
 1054              		.loc 1 224 8 view .LVU305
 1055 00f2 93E7     		b	.L61
 1056              	.L78:
 1057              		.align	2
 1058              	.L77:
 1059 00f4 00000000 		.word	.LANCHOR0
 1060              		.cfi_endproc
 1061              	.LFE9:
 1063              		.bss
 1064              		.align	2
 1065              		.set	.LANCHOR0,. + 0
 1068              	num_commands:
 1069 0000 00000000 		.space	4
 1072              	commands:
 1073 0004 00000000 		.space	384
 1073      00000000 
 1073      00000000 
 1073      00000000 
 1073      00000000 
 1074              		.text
 1075              	.Letext0:
 1076              		.file 2 "/usr/lib/gcc/arm-none-eabi/13.2.1/include/stdint.h"
 1077              		.file 3 ".././simpleserial/simpleserial.h"
 1078              		.file 4 ".././hal/stm32f3/stm32f3_hal.h"
 1079              		.file 5 "<built-in>"
DEFINED SYMBOLS
                            *ABS*:00000000 simpleserial.c
     /tmp/ccAH5m2E.s:19     .text.ss_crc:00000000 $t
     /tmp/ccAH5m2E.s:25     .text.ss_crc:00000000 ss_crc
     /tmp/ccAH5m2E.s:95     .text.hex_decode:00000000 $t
     /tmp/ccAH5m2E.s:101    .text.hex_decode:00000000 hex_decode
     /tmp/ccAH5m2E.s:266    .text.ss_puts:00000000 $t
     /tmp/ccAH5m2E.s:272    .text.ss_puts:00000000 ss_puts
     /tmp/ccAH5m2E.s:307    .text.stuff_data:00000000 $t
     /tmp/ccAH5m2E.s:313    .text.stuff_data:00000000 stuff_data
     /tmp/ccAH5m2E.s:375    .text.unstuff_data:00000000 $t
     /tmp/ccAH5m2E.s:381    .text.unstuff_data:00000000 unstuff_data
     /tmp/ccAH5m2E.s:441    .text.simpleserial_addcmd:00000000 $t
     /tmp/ccAH5m2E.s:447    .text.simpleserial_addcmd:00000000 simpleserial_addcmd
     /tmp/ccAH5m2E.s:518    .text.simpleserial_addcmd:00000030 $d
     /tmp/ccAH5m2E.s:523    .text.simpleserial_init:00000000 $t
     /tmp/ccAH5m2E.s:529    .text.simpleserial_init:00000000 simpleserial_init
     /tmp/ccAH5m2E.s:564    .text.simpleserial_init:0000001c $d
     /tmp/ccAH5m2E.s:688    .text.check_version:00000000 check_version
     /tmp/ccAH5m2E.s:736    .text.ss_get_commands:00000000 ss_get_commands
     /tmp/ccAH5m2E.s:570    .text.simpleserial_put:00000000 $t
     /tmp/ccAH5m2E.s:576    .text.simpleserial_put:00000000 simpleserial_put
     /tmp/ccAH5m2E.s:682    .text.check_version:00000000 $t
     /tmp/ccAH5m2E.s:730    .text.ss_get_commands:00000000 $t
     /tmp/ccAH5m2E.s:822    .text.ss_get_commands:00000038 $d
     /tmp/ccAH5m2E.s:828    .text.simpleserial_get:00000000 $t
     /tmp/ccAH5m2E.s:834    .text.simpleserial_get:00000000 simpleserial_get
     /tmp/ccAH5m2E.s:1059   .text.simpleserial_get:000000f4 $d
     /tmp/ccAH5m2E.s:1064   .bss:00000000 $d
     /tmp/ccAH5m2E.s:1068   .bss:00000000 num_commands
     /tmp/ccAH5m2E.s:1072   .bss:00000004 commands

UNDEFINED SYMBOLS
putch
memcpy
getch
