Archive member included to satisfy reference by file (symbol)

/usr/lib/gcc/arm-none-eabi/13.2.1/../../../arm-none-eabi/lib/thumb/v7e-m/nofp/libg_nano.a(libc_a-init.o)
                              /usr/lib/gcc/arm-none-eabi/13.2.1/../../../arm-none-eabi/lib/thumb/v7e-m/nofp/crt0.o (__libc_init_array)
/usr/lib/gcc/arm-none-eabi/13.2.1/../../../arm-none-eabi/lib/thumb/v7e-m/nofp/libg_nano.a(libc_a-memset.o)
                              /usr/lib/gcc/arm-none-eabi/13.2.1/../../../arm-none-eabi/lib/thumb/v7e-m/nofp/crt0.o (memset)
/usr/lib/gcc/arm-none-eabi/13.2.1/../../../arm-none-eabi/lib/thumb/v7e-m/nofp/libg_nano.a(libc_a-errno.o)
                              objdir-CWLITEARM/stm32f3_sysmem.o (__errno)
/usr/lib/gcc/arm-none-eabi/13.2.1/../../../arm-none-eabi/lib/thumb/v7e-m/nofp/libg_nano.a(libc_a-memcpy.o)
                              objdir-CWLITEARM/simpleserial.o (memcpy)
/usr/lib/gcc/arm-none-eabi/13.2.1/../../../arm-none-eabi/lib/thumb/v7e-m/nofp/libg_nano.a(libc_a-exit.o)
                              /usr/lib/gcc/arm-none-eabi/13.2.1/../../../arm-none-eabi/lib/thumb/v7e-m/nofp/crt0.o (exit)
/usr/lib/gcc/arm-none-eabi/13.2.1/../../../arm-none-eabi/lib/thumb/v7e-m/nofp/libg_nano.a(libc_a-atexit.o)
                              /usr/lib/gcc/arm-none-eabi/13.2.1/../../../arm-none-eabi/lib/thumb/v7e-m/nofp/crt0.o (atexit)
/usr/lib/gcc/arm-none-eabi/13.2.1/../../../arm-none-eabi/lib/thumb/v7e-m/nofp/libg_nano.a(libc_a-fini.o)
                              /usr/lib/gcc/arm-none-eabi/13.2.1/../../../arm-none-eabi/lib/thumb/v7e-m/nofp/crt0.o (__libc_fini_array)
/usr/lib/gcc/arm-none-eabi/13.2.1/../../../arm-none-eabi/lib/thumb/v7e-m/nofp/libg_nano.a(libc_a-impure.o)
                              /usr/lib/gcc/arm-none-eabi/13.2.1/../../../arm-none-eabi/lib/thumb/v7e-m/nofp/libg_nano.a(libc_a-errno.o) (_impure_ptr)
/usr/lib/gcc/arm-none-eabi/13.2.1/../../../arm-none-eabi/lib/thumb/v7e-m/nofp/libg_nano.a(libc_a-findfp.o)
                              /usr/lib/gcc/arm-none-eabi/13.2.1/../../../arm-none-eabi/lib/thumb/v7e-m/nofp/libg_nano.a(libc_a-exit.o) (__stdio_exit_handler)
/usr/lib/gcc/arm-none-eabi/13.2.1/../../../arm-none-eabi/lib/thumb/v7e-m/nofp/libg_nano.a(libc_a-fflush.o)
                              /usr/lib/gcc/arm-none-eabi/13.2.1/../../../arm-none-eabi/lib/thumb/v7e-m/nofp/libg_nano.a(libc_a-findfp.o) (_fflush_r)
/usr/lib/gcc/arm-none-eabi/13.2.1/../../../arm-none-eabi/lib/thumb/v7e-m/nofp/libg_nano.a(libc_a-mallocr.o)
                              /usr/lib/gcc/arm-none-eabi/13.2.1/../../../arm-none-eabi/lib/thumb/v7e-m/nofp/libg_nano.a(libc_a-findfp.o) (_malloc_r)
/usr/lib/gcc/arm-none-eabi/13.2.1/../../../arm-none-eabi/lib/thumb/v7e-m/nofp/libg_nano.a(libc_a-freer.o)
                              /usr/lib/gcc/arm-none-eabi/13.2.1/../../../arm-none-eabi/lib/thumb/v7e-m/nofp/libg_nano.a(libc_a-fflush.o) (_free_r)
/usr/lib/gcc/arm-none-eabi/13.2.1/../../../arm-none-eabi/lib/thumb/v7e-m/nofp/libg_nano.a(libc_a-fwalk.o)
                              /usr/lib/gcc/arm-none-eabi/13.2.1/../../../arm-none-eabi/lib/thumb/v7e-m/nofp/libg_nano.a(libc_a-findfp.o) (_fwalk_sglue)
/usr/lib/gcc/arm-none-eabi/13.2.1/../../../arm-none-eabi/lib/thumb/v7e-m/nofp/libg_nano.a(libc_a-__atexit.o)
                              /usr/lib/gcc/arm-none-eabi/13.2.1/../../../arm-none-eabi/lib/thumb/v7e-m/nofp/libg_nano.a(libc_a-atexit.o) (__register_exitproc)
/usr/lib/gcc/arm-none-eabi/13.2.1/../../../arm-none-eabi/lib/thumb/v7e-m/nofp/libg_nano.a(libc_a-mlock.o)
                              /usr/lib/gcc/arm-none-eabi/13.2.1/../../../arm-none-eabi/lib/thumb/v7e-m/nofp/libg_nano.a(libc_a-mallocr.o) (__malloc_lock)
/usr/lib/gcc/arm-none-eabi/13.2.1/../../../arm-none-eabi/lib/thumb/v7e-m/nofp/libg_nano.a(libc_a-sbrkr.o)
                              /usr/lib/gcc/arm-none-eabi/13.2.1/../../../arm-none-eabi/lib/thumb/v7e-m/nofp/libg_nano.a(libc_a-mallocr.o) (_sbrk_r)
/usr/lib/gcc/arm-none-eabi/13.2.1/../../../arm-none-eabi/lib/thumb/v7e-m/nofp/libg_nano.a(libc_a-stdio.o)
                              /usr/lib/gcc/arm-none-eabi/13.2.1/../../../arm-none-eabi/lib/thumb/v7e-m/nofp/libg_nano.a(libc_a-findfp.o) (__sread)
/usr/lib/gcc/arm-none-eabi/13.2.1/../../../arm-none-eabi/lib/thumb/v7e-m/nofp/libg_nano.a(libc_a-closer.o)
                              /usr/lib/gcc/arm-none-eabi/13.2.1/../../../arm-none-eabi/lib/thumb/v7e-m/nofp/libg_nano.a(libc_a-stdio.o) (_close_r)
/usr/lib/gcc/arm-none-eabi/13.2.1/../../../arm-none-eabi/lib/thumb/v7e-m/nofp/libg_nano.a(libc_a-__call_atexit.o)
                              /usr/lib/gcc/arm-none-eabi/13.2.1/../../../arm-none-eabi/lib/thumb/v7e-m/nofp/libg_nano.a(libc_a-__atexit.o) (__call_exitprocs)
/usr/lib/gcc/arm-none-eabi/13.2.1/../../../arm-none-eabi/lib/thumb/v7e-m/nofp/libg_nano.a(libc_a-readr.o)
                              /usr/lib/gcc/arm-none-eabi/13.2.1/../../../arm-none-eabi/lib/thumb/v7e-m/nofp/libg_nano.a(libc_a-stdio.o) (_read_r)
[...]
Memory Configuration

Name             Origin             Length             Attributes
RAM              0x20000000         0x0000a000         xrw
ROM              0x08000000         0x00040000         xr
*default*        0x00000000         0xffffffff

Linker script and memory map

LOAD /usr/lib/gcc/arm-none-eabi/13.2.1/thumb/v7e-m/nofp/crti.o
LOAD /usr/lib/gcc/arm-none-eabi/13.2.1/thumb/v7e-m/nofp/crtbegin.o
LOAD /usr/lib/gcc/arm-none-eabi/13.2.1/../../../arm-none-eabi/lib/thumb/v7e-m/nofp/crt0.o
LOAD objdir-CWLITEARM/meds-glitch.o
LOAD objdir-CWLITEARM/seed.o
LOAD objdir-CWLITEARM/fips202.o
LOAD objdir-CWLITEARM/simpleserial.o
LOAD objdir-CWLITEARM/hal.o
LOAD objdir-CWLITEARM/stm32f3_hal.o
LOAD objdir-CWLITEARM/stm32f3_hal_lowlevel.o
LOAD objdir-CWLITEARM/stm32f3_sysmem.o
LOAD objdir-CWLITEARM/stm32f3_startup.o
LOAD /usr/lib/gcc/arm-none-eabi/13.2.1/../../../arm-none-eabi/lib/thumb/v7e-m/nofp/libm.a
LOAD /usr/lib/gcc/arm-none-eabi/13.2.1/../../../arm-none-eabi/lib/thumb/v7e-m/nofp/libm.a
START GROUP
LOAD /usr/lib/gcc/arm-none-eabi/13.2.1/thumb/v7e-m/nofp/libgcc.a
LOAD /usr/lib/gcc/arm-none-eabi/13.2.1/../../../arm-none-eabi/lib/thumb/v7e-m/nofp/libg_nano.a
LOAD /usr/lib/gcc/arm-none-eabi/13.2.1/../../../arm-none-eabi/lib/thumb/v7e-m/nofp/libc_nano.a
END GROUP
START GROUP
LOAD /usr/lib/gcc/arm-none-eabi/13.2.1/thumb/v7e-m/nofp/libgcc.a
LOAD /usr/lib/gcc/arm-none-eabi/13.2.1/../../../arm-none-eabi/lib/thumb/v7e-m/nofp/libc_nano.a
LOAD /usr/lib/gcc/arm-none-eabi/13.2.1/../../../arm-none-eabi/lib/thumb/v7e-m/nofp/libnosys.a
END GROUP
START GROUP
LOAD /usr/lib/gcc/arm-none-eabi/13.2.1/thumb/v7e-m/nofp/libgcc.a
LOAD /usr/lib/gcc/arm-none-eabi/13.2.1/../../../arm-none-eabi/lib/thumb/v7e-m/nofp/libc_nano.a
LOAD /usr/lib/gcc/arm-none-eabi/13.2.1/../../../arm-none-eabi/lib/thumb/v7e-m/nofp/libnosys.a
END GROUP
LOAD /usr/lib/gcc/arm-none-eabi/13.2.1/thumb/v7e-m/nofp/crtend.o
LOAD /usr/lib/gcc/arm-none-eabi/13.2.1/thumb/v7e-m/nofp/crtn.o
                0x2000a000                        _estack = 0x2000a000
                0x00000000                        _Min_Heap_Size = 0x0
                0x00000400                        _Min_Stack_Size = 0x400

.isr_vector     0x08000000      0x188
                0x08000000                        . = ALIGN (0x4)
 *(.isr_vector)
 .isr_vector    0x08000000      0x188 objdir-CWLITEARM/stm32f3_startup.o
                0x08000000                g_pfnVectors
                0x08000188                        . = ALIGN (0x4)

.text           0x08000188     0x25dc
                0x08000188                        . = ALIGN (0x4)
 *(.text)
 .text          0x08000188       0x88 /usr/lib/gcc/arm-none-eabi/13.2.1/thumb/v7e-m/nofp/crtbegin.o
 .text          0x08000210       0x50 /usr/lib/gcc/arm-none-eabi/13.2.1/../../../arm-none-eabi/lib/thumb/v7e-m/nofp/libg_nano.a(libc_a-init.o)
                0x08000210                __libc_init_array
 .text          0x08000260       0xa4 /usr/lib/gcc/arm-none-eabi/13.2.1/../../../arm-none-eabi/lib/thumb/v7e-m/nofp/libg_nano.a(libc_a-memset.o)
                0x08000260                memset
 .text          0x08000304      0x134 /usr/lib/gcc/arm-none-eabi/13.2.1/../../../arm-none-eabi/lib/thumb/v7e-m/nofp/libg_nano.a(libc_a-memcpy.o)
                0x08000304                memcpy
 *(.text*)
 .text.get_path
                0x08000438       0x2c objdir-CWLITEARM/meds-glitch.o
                0x08000438                get_path
 .text.get_golden_path
                0x08000464       0x48 objdir-CWLITEARM/meds-glitch.o
                0x08000464                get_golden_path
 .text.compare_path
                0x080004ac       0x54 objdir-CWLITEARM/meds-glitch.o
                0x080004ac                compare_path
 .text.tree_to_path_faulted
                0x08000500       0x4c objdir-CWLITEARM/meds-glitch.o
                0x08000500                tree_to_path_faulted
 .text.get_pt   0x0800054c       0x1a objdir-CWLITEARM/meds-glitch.o
                0x0800054c                get_pt
 .text.aes      0x08000566       0x38 objdir-CWLITEARM/meds-glitch.o
                0x08000566                aes
 *fill*         0x0800059e        0x2 
 .text.startup.main
                0x080005a0       0x60 objdir-CWLITEARM/meds-glitch.o
                0x080005a0                main
 .text.t_hash   0x08000600       0xcc objdir-CWLITEARM/seed.o
                0x08000600                t_hash
 .text.stree_to_path_to_stree_glitch
                0x080006cc       0xe0 objdir-CWLITEARM/seed.o
                0x080006cc                stree_to_path_to_stree_glitch
 .text.KeccakF1600_StatePermute
                0x080007ac      0xe08 objdir-CWLITEARM/fips202.o
 .text.keccak_absorb
                0x080015b4       0xd8 objdir-CWLITEARM/fips202.o
 .text.keccak_squeeze
                0x0800168c       0x5a objdir-CWLITEARM/fips202.o
 .text.keccak_finalize.constprop.0
                0x080016e6       0x3e objdir-CWLITEARM/fips202.o
 .text.meds_fips202_ref_shake128_init
                0x08001724       0x14 objdir-CWLITEARM/fips202.o
                0x08001724                meds_fips202_ref_shake128_init
 .text.meds_fips202_ref_shake256_init
                0x08001738        0x4 objdir-CWLITEARM/fips202.o
                0x08001738                meds_fips202_ref_shake256_init
 .text.meds_fips202_ref_shake256_absorb
                0x0800173c       0x1a objdir-CWLITEARM/fips202.o
                0x0800173c                meds_fips202_ref_shake256_absorb
 .text.meds_fips202_ref_shake256_finalize
                0x08001756       0x16 objdir-CWLITEARM/fips202.o
                0x08001756                meds_fips202_ref_shake256_finalize
 .text.meds_fips202_ref_shake256_squeeze
                0x0800176c       0x18 objdir-CWLITEARM/fips202.o
                0x0800176c                meds_fips202_ref_shake256_squeeze
 .text.ss_crc   0x08001784       0x2c objdir-CWLITEARM/simpleserial.o
                0x08001784                ss_crc
 .text.stuff_data
                0x080017b0       0x22 objdir-CWLITEARM/simpleserial.o
                0x080017b0                stuff_data
 .text.unstuff_data
                0x080017d2       0x1e objdir-CWLITEARM/simpleserial.o
                0x080017d2                unstuff_data
 .text.simpleserial_addcmd
                0x080017f0       0x34 objdir-CWLITEARM/simpleserial.o
                0x080017f0                simpleserial_addcmd
 .text.simpleserial_init
                0x08001824       0x24 objdir-CWLITEARM/simpleserial.o
                0x08001824                simpleserial_init
 .text.simpleserial_put
                0x08001848       0x58 objdir-CWLITEARM/simpleserial.o
                0x08001848                simpleserial_put
 .text.check_version
                0x080018a0       0x1c objdir-CWLITEARM/simpleserial.o
                0x080018a0                check_version
 .text.ss_get_commands
                0x080018bc       0x3c objdir-CWLITEARM/simpleserial.o
                0x080018bc                ss_get_commands
 .text.simpleserial_get
                0x080018f8       0xf8 objdir-CWLITEARM/simpleserial.o
                0x080018f8                simpleserial_get
 .text.platform_init
                0x080019f0       0x80 objdir-CWLITEARM/stm32f3_hal.o
                0x080019f0                platform_init
 .text.init_uart
                0x08001a70       0x7c objdir-CWLITEARM/stm32f3_hal.o
                0x08001a70                init_uart
 .text.trigger_setup
                0x08001aec       0x48 objdir-CWLITEARM/stm32f3_hal.o
                0x08001aec                trigger_setup
 .text.trigger_high
                0x08001b34        0xe objdir-CWLITEARM/stm32f3_hal.o
                0x08001b34                trigger_high
 .text.trigger_low
                0x08001b42        0xe objdir-CWLITEARM/stm32f3_hal.o
                0x08001b42                trigger_low
 .text.getch    0x08001b50       0x34 objdir-CWLITEARM/stm32f3_hal.o
                0x08001b50                getch
 .text.putch    0x08001b84       0x20 objdir-CWLITEARM/stm32f3_hal.o
                0x08001b84                putch
 .text.HAL_GetTick
                0x08001ba4       0x10 objdir-CWLITEARM/stm32f3_hal_lowlevel.o
                0x08001ba4                HAL_GetTick
 .text.HAL_RCC_OscConfig
                0x08001bb4      0x48c objdir-CWLITEARM/stm32f3_hal_lowlevel.o
                0x08001bb4                HAL_RCC_OscConfig
 .text.HAL_RCC_ClockConfig
                0x08002040      0x140 objdir-CWLITEARM/stm32f3_hal_lowlevel.o
                0x08002040                HAL_RCC_ClockConfig
 .text.HAL_GPIO_Init
                0x08002180      0x17c objdir-CWLITEARM/stm32f3_hal_lowlevel.o
                0x08002180                HAL_GPIO_Init
 .text.HAL_GPIO_WritePin
                0x080022fc        0xa objdir-CWLITEARM/stm32f3_hal_lowlevel.o
                0x080022fc                HAL_GPIO_WritePin
 *fill*         0x08002306        0x2 
 .text.UART_SetConfig
                0x08002308      0x15c objdir-CWLITEARM/stm32f3_hal_lowlevel.o
                0x08002308                UART_SetConfig
 .text.UART_WaitOnFlagUntilTimeout
                0x08002464       0x62 objdir-CWLITEARM/stm32f3_hal_lowlevel.o
                0x08002464                UART_WaitOnFlagUntilTimeout
 .text.UART_CheckIdleState
                0x080024c6       0x62 objdir-CWLITEARM/stm32f3_hal_lowlevel.o
                0x080024c6                UART_CheckIdleState
 .text.HAL_UART_Init
                0x08002528       0x54 objdir-CWLITEARM/stm32f3_hal_lowlevel.o
                0x08002528                HAL_UART_Init
 .text.HAL_UART_Transmit
                0x0800257c       0xac objdir-CWLITEARM/stm32f3_hal_lowlevel.o
                0x0800257c                HAL_UART_Transmit
 .text.HAL_UART_Receive
                0x08002628       0xd6 objdir-CWLITEARM/stm32f3_hal_lowlevel.o
                0x08002628                HAL_UART_Receive
 *fill*         0x080026fe        0x2 
 .text.Reset_Handler
                0x08002700       0x48 objdir-CWLITEARM/stm32f3_startup.o
                0x08002700                Reset_Handler
 .text.Default_Handler
                0x08002748        0x2 objdir-CWLITEARM/stm32f3_startup.o
                0x08002748                DebugMon_Handler
                0x08002748                HardFault_Handler
                0x08002748                SysTick_Handler
                0x08002748                PendSV_Handler
                0x08002748                NMI_Handler
                0x08002748                UsageFault_Handler
                0x08002748                Default_Handler
                0x08002748                MemManage_Handler
                0x08002748                SVC_Handler
                0x08002748                BusFault_Handler
 *(.glue_7)
 .glue_7        0x0800274a        0x0 linker stubs
 *(.glue_7t)
 .glue_7t       0x0800274a        0x0 linker stubs
 *(.eh_frame)
 *fill*         0x0800274a        0x2 
 .eh_frame      0x0800274c        0x0 /usr/lib/gcc/arm-none-eabi/13.2.1/thumb/v7e-m/nofp/crtbegin.o
 *(.init)
 .init          0x0800274c        0x4 /usr/lib/gcc/arm-none-eabi/13.2.1/thumb/v7e-m/nofp/crti.o
                0x0800274c                _init
 .init          0x08002750        0x8 /usr/lib/gcc/arm-none-eabi/13.2.1/thumb/v7e-m/nofp/crtn.o
 *(.fini)
 .fini          0x08002758        0x4 /usr/lib/gcc/arm-none-eabi/13.2.1/thumb/v7e-m/nofp/crti.o
                0x08002758                _fini
 .fini          0x0800275c        0x8 /usr/lib/gcc/arm-none-eabi/13.2.1/thumb/v7e-m/nofp/crtn.o
                0x08002764                        . = ALIGN (0x4)
                0x08002764                        _etext = .

.vfp11_veneer   0x08002764        0x0
 .vfp11_veneer  0x08002764        0x0 linker stubs

.v4_bx          0x08002764        0x0
 .v4_bx         0x08002764        0x0 linker stubs

.iplt           0x08002764        0x0
 .iplt          0x08002764        0x0 /usr/lib/gcc/arm-none-eabi/13.2.1/thumb/v7e-m/nofp/crtbegin.o

.rodata         0x08002768       0xc0
                0x08002768                        . = ALIGN (0x4)
 *(.rodata)
 .rodata        0x08002768       0xc0 objdir-CWLITEARM/fips202.o
 *(.rodata*)
                0x08002828                        . = ALIGN (0x4)

.ARM.extab      0x08002828        0x0
                0x08002828                        . = ALIGN (0x4)
 *(.ARM.extab* .gnu.linkonce.armextab.*)
                0x08002828                        . = ALIGN (0x4)

.ARM            0x08002828        0x8
                0x08002828                        . = ALIGN (0x4)
                0x08002828                        __exidx_start = .
 *(.ARM.exidx*)
 .ARM.exidx     0x08002828        0x8 /usr/lib/gcc/arm-none-eabi/13.2.1/../../../arm-none-eabi/lib/thumb/v7e-m/nofp/libg_nano.a(libc_a-memcpy.o)
                0x08002830                        __exidx_end = .
                0x08002830                        . = ALIGN (0x4)

.rel.dyn        0x08002830        0x0
 .rel.iplt      0x08002830        0x0 /usr/lib/gcc/arm-none-eabi/13.2.1/thumb/v7e-m/nofp/crtbegin.o

.preinit_array  0x08002830        0x0
                0x08002830                        . = ALIGN (0x4)
                0x08002830                        PROVIDE (__preinit_array_start = .)
 *(.preinit_array*)
                0x08002830                        PROVIDE (__preinit_array_end = .)
                0x08002830                        . = ALIGN (0x4)

.init_array     0x08002830        0x4
                0x08002830                        . = ALIGN (0x4)
                0x08002830                        PROVIDE (__init_array_start = .)
 *(SORT_BY_NAME(.init_array.*))
 *(.init_array*)
 .init_array    0x08002830        0x4 /usr/lib/gcc/arm-none-eabi/13.2.1/thumb/v7e-m/nofp/crtbegin.o
                0x08002834                        PROVIDE (__init_array_end = .)
                0x08002834                        . = ALIGN (0x4)

.fini_array     0x08002834        0x4
                0x08002834                        . = ALIGN (0x4)
                0x08002834                        PROVIDE (__fini_array_start = .)
 *(SORT_BY_NAME(.fini_array.*))
 *(.fini_array*)
 .fini_array    0x08002834        0x4 /usr/lib/gcc/arm-none-eabi/13.2.1/thumb/v7e-m/nofp/crtbegin.o
                0x08002838                        PROVIDE (__fini_array_end = .)
                0x08002838                        . = ALIGN (0x4)
                0x08002838                        _sidata = LOADADDR (.data)

.data           0x20000000      0x290 load address 0x08002838
                0x20000000                        . = ALIGN (0x4)
                0x20000000                        _sdata = .
 *(.data)
 .data          0x20000000      0x290 objdir-CWLITEARM/meds-glitch.o
 *(.data*)
                0x20000290                        . = ALIGN (0x4)
                0x20000290                        _edata = .

.tm_clone_table
                0x20000290        0x0 load address 0x08002ac8
 .tm_clone_table
                0x20000290        0x0 /usr/lib/gcc/arm-none-eabi/13.2.1/thumb/v7e-m/nofp/crtbegin.o
 .tm_clone_table
                0x20000290        0x0 /usr/lib/gcc/arm-none-eabi/13.2.1/thumb/v7e-m/nofp/crtend.o

.igot.plt       0x20000290        0x0 load address 0x08002ac8
 .igot.plt      0x20000290        0x0 /usr/lib/gcc/arm-none-eabi/13.2.1/thumb/v7e-m/nofp/crtbegin.o
                0x20000290                        . = ALIGN (0x4)

.bss            0x20000290      0x31c load address 0x08002ac8
                0x20000290                        _sbss = .
                0x20000290                        __bss_start__ = _sbss
 *(.bss)
 .bss           0x20000290       0x1c /usr/lib/gcc/arm-none-eabi/13.2.1/thumb/v7e-m/nofp/crtbegin.o
 .bss           0x200002ac      0x101 objdir-CWLITEARM/meds-glitch.o
 *fill*         0x200003ad        0x3 
 .bss           0x200003b0      0x184 objdir-CWLITEARM/simpleserial.o
 .bss           0x20000534       0x70 objdir-CWLITEARM/stm32f3_hal.o
                0x20000534                UartHandle
 .bss           0x200005a4        0x8 objdir-CWLITEARM/stm32f3_hal_lowlevel.o
                0x200005a4                hal_sys_tick
                0x200005a8                uwTick
 *(.bss*)
 *(COMMON)
                0x200005ac                        . = ALIGN (0x4)
                0x200005ac                        _ebss = .
                0x200005ac                        __bss_end__ = _ebss

._user_heap_stack
                0x200005ac      0x404 load address 0x08002ac8
                0x200005b0                        . = ALIGN (0x8)
 *fill*         0x200005ac        0x4 
                0x200005b0                        PROVIDE (end = .)
                [!provide]                        PROVIDE (_end = .)
                0x200005b0                        . = (. + _Min_Heap_Size)
                0x200009b0                        . = (. + _Min_Stack_Size)
 *fill*         0x200005b0      0x400 
                0x200009b0                        . = ALIGN (0x8)

/DISCARD/
 libc.a(*)
 libm.a(*)
 libgcc.a(*)

.ARM.attributes
                0x00000000       0x2a
 *(.ARM.attributes)
 .ARM.attributes
                0x00000000       0x1e /usr/lib/gcc/arm-none-eabi/13.2.1/thumb/v7e-m/nofp/crti.o
 .ARM.attributes
                0x0000001e       0x2e /usr/lib/gcc/arm-none-eabi/13.2.1/thumb/v7e-m/nofp/crtbegin.o
 .ARM.attributes
                0x0000004c       0x2e objdir-CWLITEARM/meds-glitch.o
 .ARM.attributes
                0x0000007a       0x2e objdir-CWLITEARM/seed.o
 .ARM.attributes
                0x000000a8       0x2e objdir-CWLITEARM/fips202.o
 .ARM.attributes
                0x000000d6       0x2e objdir-CWLITEARM/simpleserial.o
 .ARM.attributes
                0x00000104       0x2e objdir-CWLITEARM/stm32f3_hal.o
 .ARM.attributes
                0x00000132       0x2e objdir-CWLITEARM/stm32f3_hal_lowlevel.o
 .ARM.attributes
                0x00000160       0x21 objdir-CWLITEARM/stm32f3_startup.o
 .ARM.attributes
                0x00000181       0x2e /usr/lib/gcc/arm-none-eabi/13.2.1/../../../arm-none-eabi/lib/thumb/v7e-m/nofp/libg_nano.a(libc_a-init.o)
 .ARM.attributes
                0x000001af       0x2e /usr/lib/gcc/arm-none-eabi/13.2.1/../../../arm-none-eabi/lib/thumb/v7e-m/nofp/libg_nano.a(libc_a-memset.o)
 .ARM.attributes
                0x000001dd       0x1c /usr/lib/gcc/arm-none-eabi/13.2.1/../../../arm-none-eabi/lib/thumb/v7e-m/nofp/libg_nano.a(libc_a-memcpy.o)
 .ARM.attributes
                0x000001f9       0x2e /usr/lib/gcc/arm-none-eabi/13.2.1/thumb/v7e-m/nofp/crtend.o
 .ARM.attributes
                0x00000227       0x1e /usr/lib/gcc/arm-none-eabi/13.2.1/thumb/v7e-m/nofp/crtn.o
OUTPUT(meds-glitch-CWLITEARM.elf elf32-littlearm)
LOAD linker stubs
LOAD /usr/lib/gcc/arm-none-eabi/13.2.1/../../../arm-none-eabi/lib/thumb/v7e-m/nofp/libc.a
LOAD /usr/lib/gcc/arm-none-eabi/13.2.1/../../../arm-none-eabi/lib/thumb/v7e-m/nofp/libm.a
LOAD /usr/lib/gcc/arm-none-eabi/13.2.1/thumb/v7e-m/nofp/libgcc.a

.comment        0x00000000       0x26
 .comment       0x00000000       0x26 /usr/lib/gcc/arm-none-eabi/13.2.1/thumb/v7e-m/nofp/crtbegin.o
                                 0x27 (size before relaxing)
 .comment       0x00000026       0x27 objdir-CWLITEARM/meds-glitch.o
 .comment       0x00000026       0x27 objdir-CWLITEARM/seed.o
 .comment       0x00000026       0x27 objdir-CWLITEARM/fips202.o
 .comment       0x00000026       0x27 objdir-CWLITEARM/simpleserial.o
 .comment       0x00000026       0x27 objdir-CWLITEARM/stm32f3_hal.o
 .comment       0x00000026       0x27 objdir-CWLITEARM/stm32f3_hal_lowlevel.o
 .comment       0x00000026       0x27 /usr/lib/gcc/arm-none-eabi/13.2.1/../../../arm-none-eabi/lib/thumb/v7e-m/nofp/libg_nano.a(libc_a-init.o)
 .comment       0x00000026       0x27 /usr/lib/gcc/arm-none-eabi/13.2.1/../../../arm-none-eabi/lib/thumb/v7e-m/nofp/libg_nano.a(libc_a-memset.o)
 .comment       0x00000026       0x27 /usr/lib/gcc/arm-none-eabi/13.2.1/thumb/v7e-m/nofp/crtend.o

.debug_info     0x00000000     0x60ca
 .debug_info    0x00000000      0x81d objdir-CWLITEARM/meds-glitch.o
 .debug_info    0x0000081d      0x61e objdir-CWLITEARM/seed.o
 .debug_info    0x00000e3b     0x1418 objdir-CWLITEARM/fips202.o
 .debug_info    0x00002253      0x828 objdir-CWLITEARM/simpleserial.o
 .debug_info    0x00002a7b      0xf28 objdir-CWLITEARM/stm32f3_hal.o
 .debug_info    0x000039a3     0x24b4 objdir-CWLITEARM/stm32f3_hal_lowlevel.o
 .debug_info    0x00005e57      0x10b /usr/lib/gcc/arm-none-eabi/13.2.1/../../../arm-none-eabi/lib/thumb/v7e-m/nofp/libg_nano.a(libc_a-init.o)
 .debug_info    0x00005f62      0x135 /usr/lib/gcc/arm-none-eabi/13.2.1/../../../arm-none-eabi/lib/thumb/v7e-m/nofp/libg_nano.a(libc_a-memset.o)
 .debug_info    0x00006097       0x33 /usr/lib/gcc/arm-none-eabi/13.2.1/../../../arm-none-eabi/lib/thumb/v7e-m/nofp/libg_nano.a(libc_a-memcpy.o)

.debug_abbrev   0x00000000     0x11d3
 .debug_abbrev  0x00000000      0x22f objdir-CWLITEARM/meds-glitch.o
 .debug_abbrev  0x0000022f      0x1ef objdir-CWLITEARM/seed.o
 .debug_abbrev  0x0000041e      0x319 objdir-CWLITEARM/fips202.o
 .debug_abbrev  0x00000737      0x225 objdir-CWLITEARM/simpleserial.o
 .debug_abbrev  0x0000095c      0x257 objdir-CWLITEARM/stm32f3_hal.o
 .debug_abbrev  0x00000bb3      0x478 objdir-CWLITEARM/stm32f3_hal_lowlevel.o
 .debug_abbrev  0x0000102b       0xc9 /usr/lib/gcc/arm-none-eabi/13.2.1/../../../arm-none-eabi/lib/thumb/v7e-m/nofp/libg_nano.a(libc_a-init.o)
 .debug_abbrev  0x000010f4       0xb7 /usr/lib/gcc/arm-none-eabi/13.2.1/../../../arm-none-eabi/lib/thumb/v7e-m/nofp/libg_nano.a(libc_a-memset.o)
 .debug_abbrev  0x000011ab       0x28 /usr/lib/gcc/arm-none-eabi/13.2.1/../../../arm-none-eabi/lib/thumb/v7e-m/nofp/libg_nano.a(libc_a-memcpy.o)

.debug_loc      0x00000000     0x55de
 .debug_loc     0x00000000      0x64f objdir-CWLITEARM/meds-glitch.o
 .debug_loc     0x0000064f      0x5f3 objdir-CWLITEARM/seed.o
 .debug_loc     0x00000c42     0x2844 objdir-CWLITEARM/fips202.o
 .debug_loc     0x00003486      0x9b7 objdir-CWLITEARM/simpleserial.o
 .debug_loc     0x00003e3d      0x1b6 objdir-CWLITEARM/stm32f3_hal.o
 .debug_loc     0x00003ff3     0x15eb objdir-CWLITEARM/stm32f3_hal_lowlevel.o

.debug_aranges  0x00000000      0x328
 .debug_aranges
                0x00000000       0x60 objdir-CWLITEARM/meds-glitch.o
 .debug_aranges
                0x00000060       0x30 objdir-CWLITEARM/seed.o
 .debug_aranges
                0x00000090       0xc8 objdir-CWLITEARM/fips202.o
 .debug_aranges
                0x00000158       0x70 objdir-CWLITEARM/simpleserial.o
 .debug_aranges
                0x000001c8       0x60 objdir-CWLITEARM/stm32f3_hal.o
 .debug_aranges
                0x00000228       0xa0 objdir-CWLITEARM/stm32f3_hal_lowlevel.o
 .debug_aranges
                0x000002c8       0x20 /usr/lib/gcc/arm-none-eabi/13.2.1/../../../arm-none-eabi/lib/thumb/v7e-m/nofp/libg_nano.a(libc_a-init.o)
 .debug_aranges
                0x000002e8       0x20 /usr/lib/gcc/arm-none-eabi/13.2.1/../../../arm-none-eabi/lib/thumb/v7e-m/nofp/libg_nano.a(libc_a-memset.o)
 .debug_aranges
                0x00000308       0x20 /usr/lib/gcc/arm-none-eabi/13.2.1/../../../arm-none-eabi/lib/thumb/v7e-m/nofp/libg_nano.a(libc_a-memcpy.o)

.debug_ranges   0x00000000      0x5e8
 .debug_ranges  0x00000000       0x68 objdir-CWLITEARM/meds-glitch.o
 .debug_ranges  0x00000068       0xa0 objdir-CWLITEARM/seed.o
 .debug_ranges  0x00000108      0x130 objdir-CWLITEARM/fips202.o
 .debug_ranges  0x00000238       0xf0 objdir-CWLITEARM/simpleserial.o
 .debug_ranges  0x00000328       0xb0 objdir-CWLITEARM/stm32f3_hal.o
 .debug_ranges  0x000003d8      0x210 objdir-CWLITEARM/stm32f3_hal_lowlevel.o

.debug_line     0x00000000     0x3b8b
 .debug_line    0x00000000      0x32d objdir-CWLITEARM/meds-glitch.o
 .debug_line    0x0000032d      0x37e objdir-CWLITEARM/seed.o
 .debug_line    0x000006ab     0x1104 objdir-CWLITEARM/fips202.o
 .debug_line    0x000017af      0x5ba objdir-CWLITEARM/simpleserial.o
 .debug_line    0x00001d69      0x34d objdir-CWLITEARM/stm32f3_hal.o
 .debug_line    0x000020b6     0x1748 objdir-CWLITEARM/stm32f3_hal_lowlevel.o
 .debug_line    0x000037fe      0x11e /usr/lib/gcc/arm-none-eabi/13.2.1/../../../arm-none-eabi/lib/thumb/v7e-m/nofp/libg_nano.a(libc_a-init.o)
 .debug_line    0x0000391c      0x1b6 /usr/lib/gcc/arm-none-eabi/13.2.1/../../../arm-none-eabi/lib/thumb/v7e-m/nofp/libg_nano.a(libc_a-memset.o)
 .debug_line    0x00003ad2       0xb9 /usr/lib/gcc/arm-none-eabi/13.2.1/../../../arm-none-eabi/lib/thumb/v7e-m/nofp/libg_nano.a(libc_a-memcpy.o)

.debug_str      0x00000000     0x189b
 .debug_str     0x00000000     0x189b objdir-CWLITEARM/meds-glitch.o
                                0x337 (size before relaxing)
 .debug_str     0x0000189b      0x2ea objdir-CWLITEARM/seed.o
 .debug_str     0x0000189b      0x491 objdir-CWLITEARM/fips202.o
 .debug_str     0x0000189b      0x331 objdir-CWLITEARM/simpleserial.o
 .debug_str     0x0000189b      0x93d objdir-CWLITEARM/stm32f3_hal.o
 .debug_str     0x0000189b     0x115c objdir-CWLITEARM/stm32f3_hal_lowlevel.o
 .debug_str     0x0000189b      0x1f4 /usr/lib/gcc/arm-none-eabi/13.2.1/../../../arm-none-eabi/lib/thumb/v7e-m/nofp/libg_nano.a(libc_a-init.o)
 .debug_str     0x0000189b      0x1a7 /usr/lib/gcc/arm-none-eabi/13.2.1/../../../arm-none-eabi/lib/thumb/v7e-m/nofp/libg_nano.a(libc_a-memset.o)
 .debug_str     0x0000189b       0xa9 /usr/lib/gcc/arm-none-eabi/13.2.1/../../../arm-none-eabi/lib/thumb/v7e-m/nofp/libg_nano.a(libc_a-memcpy.o)

.debug_frame    0x00000000      0x8b8
 .debug_frame   0x00000000       0xf0 objdir-CWLITEARM/meds-glitch.o
 .debug_frame   0x000000f0       0x94 objdir-CWLITEARM/seed.o
 .debug_frame   0x00000184      0x2b0 objdir-CWLITEARM/fips202.o
 .debug_frame   0x00000434      0x160 objdir-CWLITEARM/simpleserial.o
 .debug_frame   0x00000594       0xec objdir-CWLITEARM/stm32f3_hal.o
 .debug_frame   0x00000680      0x1e0 objdir-CWLITEARM/stm32f3_hal_lowlevel.o
 .debug_frame   0x00000860       0x2c /usr/lib/gcc/arm-none-eabi/13.2.1/../../../arm-none-eabi/lib/thumb/v7e-m/nofp/libg_nano.a(libc_a-init.o)
 .debug_frame   0x0000088c       0x2c /usr/lib/gcc/arm-none-eabi/13.2.1/../../../arm-none-eabi/lib/thumb/v7e-m/nofp/libg_nano.a(libc_a-memset.o)

.stab           0x00000000      0x144
 .stab          0x00000000      0x144 objdir-CWLITEARM/stm32f3_startup.o

.stabstr        0x00000000       0x35
 .stabstr       0x00000000       0x35 objdir-CWLITEARM/stm32f3_startup.o

.debug_loclists
                0x00000000      0x227
 .debug_loclists
                0x00000000       0x65 /usr/lib/gcc/arm-none-eabi/13.2.1/../../../arm-none-eabi/lib/thumb/v7e-m/nofp/libg_nano.a(libc_a-init.o)
 .debug_loclists
                0x00000065      0x1c2 /usr/lib/gcc/arm-none-eabi/13.2.1/../../../arm-none-eabi/lib/thumb/v7e-m/nofp/libg_nano.a(libc_a-memset.o)

.debug_line_str
                0x00000000       0x96
 .debug_line_str
                0x00000000       0x96 /usr/lib/gcc/arm-none-eabi/13.2.1/../../../arm-none-eabi/lib/thumb/v7e-m/nofp/libg_nano.a(libc_a-memcpy.o)

Cross Reference Table

Symbol                                            File
BusFault_Handler                                  objdir-CWLITEARM/stm32f3_startup.o
DebugMon_Handler                                  objdir-CWLITEARM/stm32f3_startup.o
Default_Handler                                   objdir-CWLITEARM/stm32f3_startup.o
HAL_GPIO_Init                                     objdir-CWLITEARM/stm32f3_hal_lowlevel.o
                                                  objdir-CWLITEARM/stm32f3_hal.o
HAL_GPIO_WritePin                                 objdir-CWLITEARM/stm32f3_hal_lowlevel.o
                                                  objdir-CWLITEARM/stm32f3_hal.o
HAL_GetTick                                       objdir-CWLITEARM/stm32f3_hal_lowlevel.o
HAL_IncTick                                       objdir-CWLITEARM/stm32f3_hal_lowlevel.o
HAL_InitTick                                      objdir-CWLITEARM/stm32f3_hal_lowlevel.o
HAL_NVIC_SetPriority                              objdir-CWLITEARM/stm32f3_hal_lowlevel.o
HAL_RCC_ClockConfig                               objdir-CWLITEARM/stm32f3_hal_lowlevel.o
                                                  objdir-CWLITEARM/stm32f3_hal.o
HAL_RCC_GetPCLK1Freq                              objdir-CWLITEARM/stm32f3_hal_lowlevel.o
HAL_RCC_GetPCLK2Freq                              objdir-CWLITEARM/stm32f3_hal_lowlevel.o
HAL_RCC_GetSysClockFreq                           objdir-CWLITEARM/stm32f3_hal_lowlevel.o
HAL_RCC_OscConfig                                 objdir-CWLITEARM/stm32f3_hal_lowlevel.o
                                                  objdir-CWLITEARM/stm32f3_hal.o
HAL_UART_Init                                     objdir-CWLITEARM/stm32f3_hal_lowlevel.o
                                                  objdir-CWLITEARM/stm32f3_hal.o
HAL_UART_Receive                                  objdir-CWLITEARM/stm32f3_hal_lowlevel.o
                                                  objdir-CWLITEARM/stm32f3_hal.o
HAL_UART_Transmit                                 objdir-CWLITEARM/stm32f3_hal_lowlevel.o
                                                  objdir-CWLITEARM/stm32f3_hal.o
HardFault_Handler                                 objdir-CWLITEARM/stm32f3_startup.o
MemManage_Handler                                 objdir-CWLITEARM/stm32f3_startup.o
NMI_Handler                                       objdir-CWLITEARM/stm32f3_startup.o
PendSV_Handler                                    objdir-CWLITEARM/stm32f3_startup.o
Reset_Handler                                     objdir-CWLITEARM/stm32f3_startup.o
SVC_Handler                                       objdir-CWLITEARM/stm32f3_startup.o
SysTick_Handler                                   objdir-CWLITEARM/stm32f3_startup.o
SystemCoreClock                                   objdir-CWLITEARM/stm32f3_hal_lowlevel.o
SystemInit                                        objdir-CWLITEARM/stm32f3_startup.o
UART_CheckIdleState                               objdir-CWLITEARM/stm32f3_hal_lowlevel.o
UART_SetConfig                                    objdir-CWLITEARM/stm32f3_hal_lowlevel.o
UART_WaitOnFlagUntilTimeout                       objdir-CWLITEARM/stm32f3_hal_lowlevel.o
UartHandle                                        objdir-CWLITEARM/stm32f3_hal.o
UsageFault_Handler                                objdir-CWLITEARM/stm32f3_startup.o
_ITM_deregisterTMCloneTable                       /usr/lib/gcc/arm-none-eabi/13.2.1/thumb/v7e-m/nofp/crtbegin.o
_ITM_registerTMCloneTable                         /usr/lib/gcc/arm-none-eabi/13.2.1/thumb/v7e-m/nofp/crtbegin.o
__TMC_END__                                       /usr/lib/gcc/arm-none-eabi/13.2.1/thumb/v7e-m/nofp/crtend.o
                                                  /usr/lib/gcc/arm-none-eabi/13.2.1/thumb/v7e-m/nofp/crtbegin.o
__atexit                                          /usr/lib/gcc/arm-none-eabi/13.2.1/../../../arm-none-eabi/lib/thumb/v7e-m/nofp/libg_nano.a(libc_a-__call_atexit.o)
                                                  /usr/lib/gcc/arm-none-eabi/13.2.1/../../../arm-none-eabi/lib/thumb/v7e-m/nofp/libg_nano.a(libc_a-__atexit.o)
__atexit0                                         /usr/lib/gcc/arm-none-eabi/13.2.1/../../../arm-none-eabi/lib/thumb/v7e-m/nofp/libg_nano.a(libc_a-__atexit.o)
__atexit_dummy                                    /usr/lib/gcc/arm-none-eabi/13.2.1/../../../arm-none-eabi/lib/thumb/v7e-m/nofp/libg_nano.a(libc_a-__atexit.o)
__bss_end__                                       /usr/lib/gcc/arm-none-eabi/13.2.1/../../../arm-none-eabi/lib/thumb/v7e-m/nofp/crt0.o
__bss_start__                                     /usr/lib/gcc/arm-none-eabi/13.2.1/../../../arm-none-eabi/lib/thumb/v7e-m/nofp/crt0.o
__call_exitprocs                                  /usr/lib/gcc/arm-none-eabi/13.2.1/../../../arm-none-eabi/lib/thumb/v7e-m/nofp/libg_nano.a(libc_a-__call_atexit.o)
                                                  /usr/lib/gcc/arm-none-eabi/13.2.1/../../../arm-none-eabi/lib/thumb/v7e-m/nofp/libg_nano.a(libc_a-__atexit.o)
                                                  /usr/lib/gcc/arm-none-eabi/13.2.1/../../../arm-none-eabi/lib/thumb/v7e-m/nofp/libg_nano.a(libc_a-exit.o)
__deregister_frame_info                           /usr/lib/gcc/arm-none-eabi/13.2.1/thumb/v7e-m/nofp/crtbegin.o
__dso_handle                                      /usr/lib/gcc/arm-none-eabi/13.2.1/thumb/v7e-m/nofp/crtbegin.o
__errno                                           /usr/lib/gcc/arm-none-eabi/13.2.1/../../../arm-none-eabi/lib/thumb/v7e-m/nofp/libg_nano.a(libc_a-errno.o)
                                                  objdir-CWLITEARM/stm32f3_sysmem.o
__fini_array_end                                  /usr/lib/gcc/arm-none-eabi/13.2.1/../../../arm-none-eabi/lib/thumb/v7e-m/nofp/libg_nano.a(libc_a-fini.o)
__fini_array_start                                /usr/lib/gcc/arm-none-eabi/13.2.1/../../../arm-none-eabi/lib/thumb/v7e-m/nofp/libg_nano.a(libc_a-fini.o)
__fp_lock_all                                     /usr/lib/gcc/arm-none-eabi/13.2.1/../../../arm-none-eabi/lib/thumb/v7e-m/nofp/libg_nano.a(libc_a-findfp.o)
__fp_unlock_all                                   /usr/lib/gcc/arm-none-eabi/13.2.1/../../../arm-none-eabi/lib/thumb/v7e-m/nofp/libg_nano.a(libc_a-findfp.o)
__init_array_end                                  /usr/lib/gcc/arm-none-eabi/13.2.1/../../../arm-none-eabi/lib/thumb/v7e-m/nofp/libg_nano.a(libc_a-init.o)
__init_array_start                                /usr/lib/gcc/arm-none-eabi/13.2.1/../../../arm-none-eabi/lib/thumb/v7e-m/nofp/libg_nano.a(libc_a-init.o)
__libc_fini_array                                 /usr/lib/gcc/arm-none-eabi/13.2.1/../../../arm-none-eabi/lib/thumb/v7e-m/nofp/libg_nano.a(libc_a-fini.o)
                                                  /usr/lib/gcc/arm-none-eabi/13.2.1/../../../arm-none-eabi/lib/thumb/v7e-m/nofp/crt0.o
__libc_init_array                                 /usr/lib/gcc/arm-none-eabi/13.2.1/../../../arm-none-eabi/lib/thumb/v7e-m/nofp/libg_nano.a(libc_a-init.o)
                                                  objdir-CWLITEARM/stm32f3_startup.o
                                                  /usr/lib/gcc/arm-none-eabi/13.2.1/../../../arm-none-eabi/lib/thumb/v7e-m/nofp/crt0.o
__malloc_free_list                                /usr/lib/gcc/arm-none-eabi/13.2.1/../../../arm-none-eabi/lib/thumb/v7e-m/nofp/libg_nano.a(libc_a-mallocr.o)
                                                  /usr/lib/gcc/arm-none-eabi/13.2.1/../../../arm-none-eabi/lib/thumb/v7e-m/nofp/libg_nano.a(libc_a-freer.o)
__malloc_lock                                     /usr/lib/gcc/arm-none-eabi/13.2.1/../../../arm-none-eabi/lib/thumb/v7e-m/nofp/libg_nano.a(libc_a-mlock.o)
                                                  /usr/lib/gcc/arm-none-eabi/13.2.1/../../../arm-none-eabi/lib/thumb/v7e-m/nofp/libg_nano.a(libc_a-freer.o)
                                                  /usr/lib/gcc/arm-none-eabi/13.2.1/../../../arm-none-eabi/lib/thumb/v7e-m/nofp/libg_nano.a(libc_a-mallocr.o)
__malloc_sbrk_start                               /usr/lib/gcc/arm-none-eabi/13.2.1/../../../arm-none-eabi/lib/thumb/v7e-m/nofp/libg_nano.a(libc_a-mallocr.o)
__malloc_unlock                                   /usr/lib/gcc/arm-none-eabi/13.2.1/../../../arm-none-eabi/lib/thumb/v7e-m/nofp/libg_nano.a(libc_a-mlock.o)
                                                  /usr/lib/gcc/arm-none-eabi/13.2.1/../../../arm-none-eabi/lib/thumb/v7e-m/nofp/libg_nano.a(libc_a-freer.o)
                                                  /usr/lib/gcc/arm-none-eabi/13.2.1/../../../arm-none-eabi/lib/thumb/v7e-m/nofp/libg_nano.a(libc_a-mallocr.o)
__on_exit_args                                    /usr/lib/gcc/arm-none-eabi/13.2.1/../../../arm-none-eabi/lib/thumb/v7e-m/nofp/libg_nano.a(libc_a-__atexit.o)
__preinit_array_end                               /usr/lib/gcc/arm-none-eabi/13.2.1/../../../arm-none-eabi/lib/thumb/v7e-m/nofp/libg_nano.a(libc_a-init.o)
__preinit_array_start                             /usr/lib/gcc/arm-none-eabi/13.2.1/../../../arm-none-eabi/lib/thumb/v7e-m/nofp/libg_nano.a(libc_a-init.o)
__register_exitproc                               /usr/lib/gcc/arm-none-eabi/13.2.1/../../../arm-none-eabi/lib/thumb/v7e-m/nofp/libg_nano.a(libc_a-__atexit.o)
                                                  /usr/lib/gcc/arm-none-eabi/13.2.1/../../../arm-none-eabi/lib/thumb/v7e-m/nofp/libg_nano.a(libc_a-atexit.o)
__register_frame_info                             /usr/lib/gcc/arm-none-eabi/13.2.1/thumb/v7e-m/nofp/crtbegin.o
__sclose                                          /usr/lib/gcc/arm-none-eabi/13.2.1/../../../arm-none-eabi/lib/thumb/v7e-m/nofp/libg_nano.a(libc_a-stdio.o)
                                                  /usr/lib/gcc/arm-none-eabi/13.2.1/../../../arm-none-eabi/lib/thumb/v7e-m/nofp/libg_nano.a(libc_a-findfp.o)
__seofread                                        /usr/lib/gcc/arm-none-eabi/13.2.1/../../../arm-none-eabi/lib/thumb/v7e-m/nofp/libg_nano.a(libc_a-stdio.o)
__sf                                              /usr/lib/gcc/arm-none-eabi/13.2.1/../../../arm-none-eabi/lib/thumb/v7e-m/nofp/libg_nano.a(libc_a-findfp.o)
                                                  /usr/lib/gcc/arm-none-eabi/13.2.1/../../../arm-none-eabi/lib/thumb/v7e-m/nofp/libg_nano.a(libc_a-impure.o)
__sflush_r                                        /usr/lib/gcc/arm-none-eabi/13.2.1/../../../arm-none-eabi/lib/thumb/v7e-m/nofp/libg_nano.a(libc_a-fflush.o)
__sfp                                             /usr/lib/gcc/arm-none-eabi/13.2.1/../../../arm-none-eabi/lib/thumb/v7e-m/nofp/libg_nano.a(libc_a-findfp.o)
__sfp_lock_acquire                                /usr/lib/gcc/arm-none-eabi/13.2.1/../../../arm-none-eabi/lib/thumb/v7e-m/nofp/libg_nano.a(libc_a-findfp.o)
__sfp_lock_release                                /usr/lib/gcc/arm-none-eabi/13.2.1/../../../arm-none-eabi/lib/thumb/v7e-m/nofp/libg_nano.a(libc_a-findfp.o)
__sglue                                           /usr/lib/gcc/arm-none-eabi/13.2.1/../../../arm-none-eabi/lib/thumb/v7e-m/nofp/libg_nano.a(libc_a-findfp.o)
                                                  /usr/lib/gcc/arm-none-eabi/13.2.1/../../../arm-none-eabi/lib/thumb/v7e-m/nofp/libg_nano.a(libc_a-fflush.o)
__sinit                                           /usr/lib/gcc/arm-none-eabi/13.2.1/../../../arm-none-eabi/lib/thumb/v7e-m/nofp/libg_nano.a(libc_a-findfp.o)
                                                  /usr/lib/gcc/arm-none-eabi/13.2.1/../../../arm-none-eabi/lib/thumb/v7e-m/nofp/libg_nano.a(libc_a-fflush.o)
__sread                                           /usr/lib/gcc/arm-none-eabi/13.2.1/../../../arm-none-eabi/lib/thumb/v7e-m/nofp/libg_nano.a(libc_a-stdio.o)
                                                  /usr/lib/gcc/arm-none-eabi/13.2.1/../../../arm-none-eabi/lib/thumb/v7e-m/nofp/libg_nano.a(libc_a-findfp.o)
__sseek                                           /usr/lib/gcc/arm-none-eabi/13.2.1/../../../arm-none-eabi/lib/thumb/v7e-m/nofp/libg_nano.a(libc_a-stdio.o)
                                                  /usr/lib/gcc/arm-none-eabi/13.2.1/../../../arm-none-eabi/lib/thumb/v7e-m/nofp/libg_nano.a(libc_a-findfp.o)
__stack                                           /usr/lib/gcc/arm-none-eabi/13.2.1/../../../arm-none-eabi/lib/thumb/v7e-m/nofp/crt0.o
__stdio_exit_handler                              /usr/lib/gcc/arm-none-eabi/13.2.1/../../../arm-none-eabi/lib/thumb/v7e-m/nofp/libg_nano.a(libc_a-findfp.o)
                                                  /usr/lib/gcc/arm-none-eabi/13.2.1/../../../arm-none-eabi/lib/thumb/v7e-m/nofp/libg_nano.a(libc_a-exit.o)
__swrite                                          /usr/lib/gcc/arm-none-eabi/13.2.1/../../../arm-none-eabi/lib/thumb/v7e-m/nofp/libg_nano.a(libc_a-stdio.o)
                                                  /usr/lib/gcc/arm-none-eabi/13.2.1/../../../arm-none-eabi/lib/thumb/v7e-m/nofp/libg_nano.a(libc_a-findfp.o)
_close                                            objdir-CWLITEARM/hal.o
                                                  /usr/lib/gcc/arm-none-eabi/13.2.1/../../../arm-none-eabi/lib/thumb/v7e-m/nofp/libg_nano.a(libc_a-closer.o)
_close_r                                          /usr/lib/gcc/arm-none-eabi/13.2.1/../../../arm-none-eabi/lib/thumb/v7e-m/nofp/libg_nano.a(libc_a-closer.o)
                                                  /usr/lib/gcc/arm-none-eabi/13.2.1/../../../arm-none-eabi/lib/thumb/v7e-m/nofp/libg_nano.a(libc_a-stdio.o)
_ebss                                             objdir-CWLITEARM/stm32f3_startup.o
_edata                                            objdir-CWLITEARM/stm32f3_startup.o
_estack                                           objdir-CWLITEARM/stm32f3_startup.o
_exit                                             /usr/lib/gcc/arm-none-eabi/13.2.1/../../../arm-none-eabi/lib/thumb/v7e-m/nofp/libnosys.a(_exit.o)
                                                  /usr/lib/gcc/arm-none-eabi/13.2.1/../../../arm-none-eabi/lib/thumb/v7e-m/nofp/libg_nano.a(libc_a-exit.o)
_fflush_r                                         /usr/lib/gcc/arm-none-eabi/13.2.1/../../../arm-none-eabi/lib/thumb/v7e-m/nofp/libg_nano.a(libc_a-fflush.o)
                                                  /usr/lib/gcc/arm-none-eabi/13.2.1/../../../arm-none-eabi/lib/thumb/v7e-m/nofp/libg_nano.a(libc_a-findfp.o)
_fini                                             /usr/lib/gcc/arm-none-eabi/13.2.1/thumb/v7e-m/nofp/crti.o
                                                  /usr/lib/gcc/arm-none-eabi/13.2.1/../../../arm-none-eabi/lib/thumb/v7e-m/nofp/libg_nano.a(libc_a-fini.o)
_free_r                                           /usr/lib/gcc/arm-none-eabi/13.2.1/../../../arm-none-eabi/lib/thumb/v7e-m/nofp/libg_nano.a(libc_a-freer.o)
                                                  /usr/lib/gcc/arm-none-eabi/13.2.1/../../../arm-none-eabi/lib/thumb/v7e-m/nofp/libg_nano.a(libc_a-reent.o)
                                                  /usr/lib/gcc/arm-none-eabi/13.2.1/../../../arm-none-eabi/lib/thumb/v7e-m/nofp/libg_nano.a(libc_a-fflush.o)
_fstat                                            objdir-CWLITEARM/hal.o
_fwalk_sglue                                      /usr/lib/gcc/arm-none-eabi/13.2.1/../../../arm-none-eabi/lib/thumb/v7e-m/nofp/libg_nano.a(libc_a-fwalk.o)
                                                  /usr/lib/gcc/arm-none-eabi/13.2.1/../../../arm-none-eabi/lib/thumb/v7e-m/nofp/libg_nano.a(libc_a-fflush.o)
                                                  /usr/lib/gcc/arm-none-eabi/13.2.1/../../../arm-none-eabi/lib/thumb/v7e-m/nofp/libg_nano.a(libc_a-findfp.o)
_getpid                                           objdir-CWLITEARM/hal.o
_impure_data                                      /usr/lib/gcc/arm-none-eabi/13.2.1/../../../arm-none-eabi/lib/thumb/v7e-m/nofp/libg_nano.a(libc_a-impure.o)
                                                  /usr/lib/gcc/arm-none-eabi/13.2.1/../../../arm-none-eabi/lib/thumb/v7e-m/nofp/libg_nano.a(libc_a-fflush.o)
                                                  /usr/lib/gcc/arm-none-eabi/13.2.1/../../../arm-none-eabi/lib/thumb/v7e-m/nofp/libg_nano.a(libc_a-findfp.o)
_impure_ptr                                       /usr/lib/gcc/arm-none-eabi/13.2.1/../../../arm-none-eabi/lib/thumb/v7e-m/nofp/libg_nano.a(libc_a-impure.o)
                                                  /usr/lib/gcc/arm-none-eabi/13.2.1/../../../arm-none-eabi/lib/thumb/v7e-m/nofp/libg_nano.a(libc_a-reent.o)
                                                  /usr/lib/gcc/arm-none-eabi/13.2.1/../../../arm-none-eabi/lib/thumb/v7e-m/nofp/libg_nano.a(libc_a-fflush.o)
                                                  /usr/lib/gcc/arm-none-eabi/13.2.1/../../../arm-none-eabi/lib/thumb/v7e-m/nofp/libg_nano.a(libc_a-errno.o)
_init                                             /usr/lib/gcc/arm-none-eabi/13.2.1/thumb/v7e-m/nofp/crti.o
                                                  /usr/lib/gcc/arm-none-eabi/13.2.1/../../../arm-none-eabi/lib/thumb/v7e-m/nofp/libg_nano.a(libc_a-init.o)
_isatty                                           objdir-CWLITEARM/hal.o
_kill                                             objdir-CWLITEARM/hal.o
_lseek                                            objdir-CWLITEARM/hal.o
                                                  /usr/lib/gcc/arm-none-eabi/13.2.1/../../../arm-none-eabi/lib/thumb/v7e-m/nofp/libg_nano.a(libc_a-lseekr.o)
_lseek_r                                          /usr/lib/gcc/arm-none-eabi/13.2.1/../../../arm-none-eabi/lib/thumb/v7e-m/nofp/libg_nano.a(libc_a-lseekr.o)
                                                  /usr/lib/gcc/arm-none-eabi/13.2.1/../../../arm-none-eabi/lib/thumb/v7e-m/nofp/libg_nano.a(libc_a-stdio.o)
_mainCRTStartup                                   /usr/lib/gcc/arm-none-eabi/13.2.1/../../../arm-none-eabi/lib/thumb/v7e-m/nofp/crt0.o
_malloc_r                                         /usr/lib/gcc/arm-none-eabi/13.2.1/../../../arm-none-eabi/lib/thumb/v7e-m/nofp/libg_nano.a(libc_a-mallocr.o)
                                                  /usr/lib/gcc/arm-none-eabi/13.2.1/../../../arm-none-eabi/lib/thumb/v7e-m/nofp/libg_nano.a(libc_a-findfp.o)
_read                                             objdir-CWLITEARM/hal.o
                                                  /usr/lib/gcc/arm-none-eabi/13.2.1/../../../arm-none-eabi/lib/thumb/v7e-m/nofp/libg_nano.a(libc_a-readr.o)
_read_r                                           /usr/lib/gcc/arm-none-eabi/13.2.1/../../../arm-none-eabi/lib/thumb/v7e-m/nofp/libg_nano.a(libc_a-readr.o)
                                                  /usr/lib/gcc/arm-none-eabi/13.2.1/../../../arm-none-eabi/lib/thumb/v7e-m/nofp/libg_nano.a(libc_a-stdio.o)
_reclaim_reent                                    /usr/lib/gcc/arm-none-eabi/13.2.1/../../../arm-none-eabi/lib/thumb/v7e-m/nofp/libg_nano.a(libc_a-reent.o)
_sbrk                                             objdir-CWLITEARM/stm32f3_sysmem.o
                                                  /usr/lib/gcc/arm-none-eabi/13.2.1/../../../arm-none-eabi/lib/thumb/v7e-m/nofp/libg_nano.a(libc_a-sbrkr.o)
_sbrk_r                                           /usr/lib/gcc/arm-none-eabi/13.2.1/../../../arm-none-eabi/lib/thumb/v7e-m/nofp/libg_nano.a(libc_a-sbrkr.o)
                                                  /usr/lib/gcc/arm-none-eabi/13.2.1/../../../arm-none-eabi/lib/thumb/v7e-m/nofp/libg_nano.a(libc_a-mallocr.o)
_sbss                                             objdir-CWLITEARM/stm32f3_startup.o
_sdata                                            objdir-CWLITEARM/stm32f3_startup.o
_sidata                                           objdir-CWLITEARM/stm32f3_startup.o
_stack_init                                       /usr/lib/gcc/arm-none-eabi/13.2.1/../../../arm-none-eabi/lib/thumb/v7e-m/nofp/crt0.o
_start                                            /usr/lib/gcc/arm-none-eabi/13.2.1/../../../arm-none-eabi/lib/thumb/v7e-m/nofp/crt0.o
_write                                            objdir-CWLITEARM/hal.o
                                                  /usr/lib/gcc/arm-none-eabi/13.2.1/../../../arm-none-eabi/lib/thumb/v7e-m/nofp/libg_nano.a(libc_a-writer.o)
_write_r                                          /usr/lib/gcc/arm-none-eabi/13.2.1/../../../arm-none-eabi/lib/thumb/v7e-m/nofp/libg_nano.a(libc_a-writer.o)
                                                  /usr/lib/gcc/arm-none-eabi/13.2.1/../../../arm-none-eabi/lib/thumb/v7e-m/nofp/libg_nano.a(libc_a-stdio.o)
aes                                               objdir-CWLITEARM/meds-glitch.o
atexit                                            /usr/lib/gcc/arm-none-eabi/13.2.1/../../../arm-none-eabi/lib/thumb/v7e-m/nofp/libg_nano.a(libc_a-atexit.o)
                                                  /usr/lib/gcc/arm-none-eabi/13.2.1/../../../arm-none-eabi/lib/thumb/v7e-m/nofp/crt0.o
change_err_led                                    objdir-CWLITEARM/stm32f3_hal.o
                                                  objdir-CWLITEARM/hal.o
change_ok_led                                     objdir-CWLITEARM/stm32f3_hal.o
                                                  objdir-CWLITEARM/hal.o
check_version                                     objdir-CWLITEARM/simpleserial.o
compare_path                                      objdir-CWLITEARM/meds-glitch.o
end                                               objdir-CWLITEARM/stm32f3_sysmem.o
errno                                             /usr/lib/gcc/arm-none-eabi/13.2.1/../../../arm-none-eabi/lib/thumb/v7e-m/nofp/libg_nano.a(libc_a-reent.o)
                                                  /usr/lib/gcc/arm-none-eabi/13.2.1/../../../arm-none-eabi/lib/thumb/v7e-m/nofp/libg_nano.a(libc_a-writer.o)
                                                  /usr/lib/gcc/arm-none-eabi/13.2.1/../../../arm-none-eabi/lib/thumb/v7e-m/nofp/libg_nano.a(libc_a-lseekr.o)
                                                  /usr/lib/gcc/arm-none-eabi/13.2.1/../../../arm-none-eabi/lib/thumb/v7e-m/nofp/libg_nano.a(libc_a-readr.o)
                                                  /usr/lib/gcc/arm-none-eabi/13.2.1/../../../arm-none-eabi/lib/thumb/v7e-m/nofp/libg_nano.a(libc_a-closer.o)
                                                  /usr/lib/gcc/arm-none-eabi/13.2.1/../../../arm-none-eabi/lib/thumb/v7e-m/nofp/libg_nano.a(libc_a-sbrkr.o)
exit                                              /usr/lib/gcc/arm-none-eabi/13.2.1/../../../arm-none-eabi/lib/thumb/v7e-m/nofp/libg_nano.a(libc_a-exit.o)
                                                  /usr/lib/gcc/arm-none-eabi/13.2.1/../../../arm-none-eabi/lib/thumb/v7e-m/nofp/crt0.o
fflush                                            /usr/lib/gcc/arm-none-eabi/13.2.1/../../../arm-none-eabi/lib/thumb/v7e-m/nofp/libg_nano.a(libc_a-fflush.o)
g_pfnVectors                                      objdir-CWLITEARM/stm32f3_startup.o
get_golden_path                                   objdir-CWLITEARM/meds-glitch.o
get_key                                           objdir-CWLITEARM/meds-glitch.o
get_path                                          objdir-CWLITEARM/meds-glitch.o
get_pt                                            objdir-CWLITEARM/meds-glitch.o
getch                                             objdir-CWLITEARM/stm32f3_hal.o
                                                  objdir-CWLITEARM/simpleserial.o
hal_sys_tick                                      objdir-CWLITEARM/stm32f3_hal_lowlevel.o
hardware_init_hook                                /usr/lib/gcc/arm-none-eabi/13.2.1/../../../arm-none-eabi/lib/thumb/v7e-m/nofp/crt0.o
hex_decode                                        objdir-CWLITEARM/simpleserial.o
init_uart                                         objdir-CWLITEARM/stm32f3_hal.o
                                                  objdir-CWLITEARM/meds-glitch.o
main                                              objdir-CWLITEARM/meds-glitch.o
                                                  objdir-CWLITEARM/stm32f3_startup.o
                                                  /usr/lib/gcc/arm-none-eabi/13.2.1/../../../arm-none-eabi/lib/thumb/v7e-m/nofp/crt0.o
malloc                                            /usr/lib/gcc/arm-none-eabi/13.2.1/../../../arm-none-eabi/lib/thumb/v7e-m/nofp/libg_nano.a(libc_a-__atexit.o)
meds_fips202_ref_sha3_256                         objdir-CWLITEARM/fips202.o
meds_fips202_ref_sha3_512                         objdir-CWLITEARM/fips202.o
meds_fips202_ref_shake128                         objdir-CWLITEARM/fips202.o
meds_fips202_ref_shake128_absorb                  objdir-CWLITEARM/fips202.o
meds_fips202_ref_shake128_absorb_once             objdir-CWLITEARM/fips202.o
meds_fips202_ref_shake128_finalize                objdir-CWLITEARM/fips202.o
meds_fips202_ref_shake128_init                    objdir-CWLITEARM/fips202.o
meds_fips202_ref_shake128_squeeze                 objdir-CWLITEARM/fips202.o
meds_fips202_ref_shake128_squeezeblocks           objdir-CWLITEARM/fips202.o
meds_fips202_ref_shake256                         objdir-CWLITEARM/fips202.o
meds_fips202_ref_shake256_absorb                  objdir-CWLITEARM/fips202.o
                                                  objdir-CWLITEARM/seed.o
meds_fips202_ref_shake256_absorb_once             objdir-CWLITEARM/fips202.o
meds_fips202_ref_shake256_finalize                objdir-CWLITEARM/fips202.o
                                                  objdir-CWLITEARM/seed.o
meds_fips202_ref_shake256_init                    objdir-CWLITEARM/fips202.o
                                                  objdir-CWLITEARM/seed.o
meds_fips202_ref_shake256_squeeze                 objdir-CWLITEARM/fips202.o
                                                  objdir-CWLITEARM/seed.o
meds_fips202_ref_shake256_squeezeblocks           objdir-CWLITEARM/fips202.o
memcpy                                            /usr/lib/gcc/arm-none-eabi/13.2.1/../../../arm-none-eabi/lib/thumb/v7e-m/nofp/libg_nano.a(libc_a-memcpy.o)
                                                  objdir-CWLITEARM/simpleserial.o
memset                                            /usr/lib/gcc/arm-none-eabi/13.2.1/../../../arm-none-eabi/lib/thumb/v7e-m/nofp/libg_nano.a(libc_a-memset.o)
                                                  /usr/lib/gcc/arm-none-eabi/13.2.1/../../../arm-none-eabi/lib/thumb/v7e-m/nofp/libg_nano.a(libc_a-findfp.o)
                                                  objdir-CWLITEARM/fips202.o
                                                  objdir-CWLITEARM/seed.o
                                                  objdir-CWLITEARM/meds-glitch.o
                                                  /usr/lib/gcc/arm-none-eabi/13.2.1/../../../arm-none-eabi/lib/thumb/v7e-m/nofp/crt0.o
platform_init                                     objdir-CWLITEARM/stm32f3_hal.o
                                                  objdir-CWLITEARM/meds-glitch.o
putch                                             objdir-CWLITEARM/stm32f3_hal.o
                                                  objdir-CWLITEARM/simpleserial.o
reset                                             objdir-CWLITEARM/meds-glitch.o
simpleserial_addcmd                               objdir-CWLITEARM/simpleserial.o
                                                  objdir-CWLITEARM/meds-glitch.o
simpleserial_get                                  objdir-CWLITEARM/simpleserial.o
                                                  objdir-CWLITEARM/meds-glitch.o
simpleserial_init                                 objdir-CWLITEARM/simpleserial.o
                                                  objdir-CWLITEARM/meds-glitch.o
simpleserial_put                                  objdir-CWLITEARM/simpleserial.o
                                                  objdir-CWLITEARM/meds-glitch.o
software_init_hook                                /usr/lib/gcc/arm-none-eabi/13.2.1/../../../arm-none-eabi/lib/thumb/v7e-m/nofp/crt0.o
ss_crc                                            objdir-CWLITEARM/simpleserial.o
ss_get_commands                                   objdir-CWLITEARM/simpleserial.o
ss_puts                                           objdir-CWLITEARM/simpleserial.o
stree_to_path_to_stree_faulted                    objdir-CWLITEARM/seed.o
stree_to_path_to_stree_glitch                     objdir-CWLITEARM/seed.o
                                                  objdir-CWLITEARM/meds-glitch.o
stuff_data                                        objdir-CWLITEARM/simpleserial.o
t_hash                                            objdir-CWLITEARM/seed.o
tree_to_path_faulted                              objdir-CWLITEARM/meds-glitch.o
trigger_high                                      objdir-CWLITEARM/stm32f3_hal.o
                                                  objdir-CWLITEARM/seed.o
                                                  objdir-CWLITEARM/meds-glitch.o
trigger_low                                       objdir-CWLITEARM/stm32f3_hal.o
                                                  objdir-CWLITEARM/seed.o
                                                  objdir-CWLITEARM/meds-glitch.o
trigger_setup                                     objdir-CWLITEARM/stm32f3_hal.o
                                                  objdir-CWLITEARM/meds-glitch.o
unstuff_data                                      objdir-CWLITEARM/simpleserial.o
uwTick                                            objdir-CWLITEARM/stm32f3_hal_lowlevel.o
